/Users/sujayjain/Desktop/STile_M_Pattern/Projects/SensorTile/Applications/DataLog/Src/datalog_application.c:71:6:DATALOG_SD_Init	16	static
/Users/sujayjain/Desktop/STile_M_Pattern/Projects/SensorTile/Applications/DataLog/Src/datalog_application.c:97:9:DATALOG_SD_Log_Enable	216	static
/Users/sujayjain/Desktop/STile_M_Pattern/Projects/SensorTile/Applications/DataLog/Src/datalog_application.c:129:6:DATALOG_SD_Log_Disable	8	static
/Users/sujayjain/Desktop/STile_M_Pattern/Projects/SensorTile/Applications/DataLog/Src/datalog_application.c:142:6:DATALOG_SD_NewLine	16	static
/Users/sujayjain/Desktop/STile_M_Pattern/Projects/SensorTile/Applications/DataLog/Src/datalog_application.c:153:6:RTC_Handler	56	static
/Users/sujayjain/Desktop/STile_M_Pattern/Projects/SensorTile/Applications/DataLog/Src/datalog_application.c:186:6:Accelero_Sensor_Handler	168	static
/Users/sujayjain/Desktop/STile_M_Pattern/Projects/SensorTile/Applications/DataLog/Src/datalog_application.c:382:6:Gyro_Sensor_Handler	64	static
/Users/sujayjain/Desktop/STile_M_Pattern/Projects/SensorTile/Applications/DataLog/Src/datalog_application.c:465:6:Magneto_Sensor_Handler	64	static
/Users/sujayjain/Desktop/STile_M_Pattern/Projects/SensorTile/Applications/DataLog/Src/datalog_application.c:546:6:Humidity_Sensor_Handler	56	static
/Users/sujayjain/Desktop/STile_M_Pattern/Projects/SensorTile/Applications/DataLog/Src/datalog_application.c:614:6:Temperature_Sensor_Handler	56	static
/Users/sujayjain/Desktop/STile_M_Pattern/Projects/SensorTile/Applications/DataLog/Src/datalog_application.c:684:6:Pressure_Sensor_Handler	56	static
/Users/sujayjain/Desktop/STile_M_Pattern/Projects/SensorTile/Applications/DataLog/Src/datalog_application.c:744:6:Gas_Gauge_Handler	32	static
/Users/sujayjain/Desktop/STile_M_Pattern/Projects/SensorTile/Applications/DataLog/Src/datalog_application.c:793:6:floatToInt	32	static
