/Users/sujayjain/Desktop/STile_M_Pattern/Projects/SensorTile/Applications/DataLog/Src/embeddedML.c:26:6:BP_ANN	232	dynamic
/Users/sujayjain/Desktop/STile_M_Pattern/Projects/SensorTile/Applications/DataLog/Src/embeddedML.c:106:6:train_ann	72	dynamic
/Users/sujayjain/Desktop/STile_M_Pattern/Projects/SensorTile/Applications/DataLog/Src/embeddedML.c:111:6:FP_ANN	72	dynamic
/Users/sujayjain/Desktop/STile_M_Pattern/Projects/SensorTile/Applications/DataLog/Src/embeddedML.c:141:6:run_ann	16	static
/Users/sujayjain/Desktop/STile_M_Pattern/Projects/SensorTile/Applications/DataLog/Src/embeddedML.c:145:6:init_ann	16	static
/Users/sujayjain/Desktop/STile_M_Pattern/Projects/SensorTile/Applications/DataLog/Src/embeddedML.c:156:6:init_pretrained_ann	16	static
/Users/sujayjain/Desktop/STile_M_Pattern/Projects/SensorTile/Applications/DataLog/Src/embeddedML.c:167:6:fill_zeros	24	static
/Users/sujayjain/Desktop/STile_M_Pattern/Projects/SensorTile/Applications/DataLog/Src/embeddedML.c:171:6:fill_number	32	static
/Users/sujayjain/Desktop/STile_M_Pattern/Projects/SensorTile/Applications/DataLog/Src/embeddedML.c:177:7:relu	16	static
/Users/sujayjain/Desktop/STile_M_Pattern/Projects/SensorTile/Applications/DataLog/Src/embeddedML.c:184:7:relu2	16	static
/Users/sujayjain/Desktop/STile_M_Pattern/Projects/SensorTile/Applications/DataLog/Src/embeddedML.c:191:7:relu_derivative	16	static
/Users/sujayjain/Desktop/STile_M_Pattern/Projects/SensorTile/Applications/DataLog/Src/embeddedML.c:196:7:relu2_derivative	16	static
/Users/sujayjain/Desktop/STile_M_Pattern/Projects/SensorTile/Applications/DataLog/Src/embeddedML.c:204:6:set_model_memory	24	static
/Users/sujayjain/Desktop/STile_M_Pattern/Projects/SensorTile/Applications/DataLog/Src/embeddedML.c:211:6:set_model_parameters	40	static
/Users/sujayjain/Desktop/STile_M_Pattern/Projects/SensorTile/Applications/DataLog/Src/embeddedML.c:241:6:set_model_hyperparameters	24	static
/Users/sujayjain/Desktop/STile_M_Pattern/Projects/SensorTile/Applications/DataLog/Src/embeddedML.c:247:6:set_learning_rate	16	static
/Users/sujayjain/Desktop/STile_M_Pattern/Projects/SensorTile/Applications/DataLog/Src/embeddedML.c:251:6:set_bias_learning_rate	16	static
/Users/sujayjain/Desktop/STile_M_Pattern/Projects/SensorTile/Applications/DataLog/Src/embeddedML.c:255:6:set_momentum_factor	16	static
/Users/sujayjain/Desktop/STile_M_Pattern/Projects/SensorTile/Applications/DataLog/Src/embeddedML.c:259:6:set_output_actfunc	16	static
/Users/sujayjain/Desktop/STile_M_Pattern/Projects/SensorTile/Applications/DataLog/Src/embeddedML.c:276:6:set_hidden_actfunc	16	static
