/Users/sujayjain/Desktop/STile_M_Pattern/Projects/SensorTile/Applications/DataLog/Src/main.c:115:6:stable_softmax	32	static
/Users/sujayjain/Desktop/STile_M_Pattern/Projects/SensorTile/Applications/DataLog/Src/main.c:139:6:motion_softmax	32	static
/Users/sujayjain/Desktop/STile_M_Pattern/Projects/SensorTile/Applications/DataLog/Src/main.c:154:6:LED_Code_Blink	24	static
/Users/sujayjain/Desktop/STile_M_Pattern/Projects/SensorTile/Applications/DataLog/Src/main.c:194:6:LED_Notification_Blink	24	static
/Users/sujayjain/Desktop/STile_M_Pattern/Projects/SensorTile/Applications/DataLog/Src/main.c:210:6:getAccel	40	static
/Users/sujayjain/Desktop/STile_M_Pattern/Projects/SensorTile/Applications/DataLog/Src/main.c:236:6:getAngularVelocity	40	static
/Users/sujayjain/Desktop/STile_M_Pattern/Projects/SensorTile/Applications/DataLog/Src/main.c:245:6:Feature_Extraction_State_0	192	static
/Users/sujayjain/Desktop/STile_M_Pattern/Projects/SensorTile/Applications/DataLog/Src/main.c:294:6:Feature_Extraction_State_1	240	static
/Users/sujayjain/Desktop/STile_M_Pattern/Projects/SensorTile/Applications/DataLog/Src/main.c:366:6:printOutput_ANN	336	static
/Users/sujayjain/Desktop/STile_M_Pattern/Projects/SensorTile/Applications/DataLog/Src/main.c:462:6:TrainOrientation	1344	static
/Users/sujayjain/Desktop/STile_M_Pattern/Projects/SensorTile/Applications/DataLog/Src/main.c:706:5:Accel_Gyro_Sensor_Handler	264	static
/Users/sujayjain/Desktop/STile_M_Pattern/Projects/SensorTile/Applications/DataLog/Src/main.c:835:5:main	960	static,ignoring_inline_asm
/Users/sujayjain/Desktop/STile_M_Pattern/Projects/SensorTile/Applications/DataLog/Src/main.c:995:13:initializeAllSensors	8	static
/Users/sujayjain/Desktop/STile_M_Pattern/Projects/SensorTile/Applications/DataLog/Src/main.c:1058:6:enableAllSensors	8	static
/Users/sujayjain/Desktop/STile_M_Pattern/Projects/SensorTile/Applications/DataLog/Src/main.c:1077:6:disableAllSensors	8	static
/Users/sujayjain/Desktop/STile_M_Pattern/Projects/SensorTile/Applications/DataLog/Src/main.c:1093:13:RTC_Config	8	static
/Users/sujayjain/Desktop/STile_M_Pattern/Projects/SensorTile/Applications/DataLog/Src/main.c:1124:13:RTC_TimeStampConfig	32	static
/Users/sujayjain/Desktop/STile_M_Pattern/Projects/SensorTile/Applications/DataLog/Src/main.c:1164:6:RTC_TimeRegulate	40	static
/Users/sujayjain/Desktop/STile_M_Pattern/Projects/SensorTile/Applications/DataLog/Src/main.c:1187:6:HAL_GPIO_EXTI_Callback	16	static
/Users/sujayjain/Desktop/STile_M_Pattern/Projects/SensorTile/Applications/DataLog/Src/main.c:1196:13:Error_Handler	4	static
