/Users/sujayjain/Desktop/STile_M_Pattern/Projects/SensorTile/Applications/DataLog/Src/stm32l4xx_it.c:63:6:NMI_Handler	4	static
/Users/sujayjain/Desktop/STile_M_Pattern/Projects/SensorTile/Applications/DataLog/Src/stm32l4xx_it.c:72:6:HardFault_Handler	4	static
/Users/sujayjain/Desktop/STile_M_Pattern/Projects/SensorTile/Applications/DataLog/Src/stm32l4xx_it.c:85:6:DebugMon_Handler	4	static
/Users/sujayjain/Desktop/STile_M_Pattern/Projects/SensorTile/Applications/DataLog/Src/stm32l4xx_it.c:94:6:SysTick_Handler	8	static
/Users/sujayjain/Desktop/STile_M_Pattern/Projects/SensorTile/Applications/DataLog/Src/stm32l4xx_it.c:111:6:OTG_FS_IRQHandler	8	static
/Users/sujayjain/Desktop/STile_M_Pattern/Projects/SensorTile/Applications/DataLog/Src/stm32l4xx_it.c:122:6:TIM3_IRQHandler	8	static
/Users/sujayjain/Desktop/STile_M_Pattern/Projects/SensorTile/Applications/DataLog/Src/stm32l4xx_it.c:133:6:EXTI2_IRQHandler	8	static
