/Users/sujayjain/Desktop/STile_M_Pattern/Projects/SensorTile/Applications/DataLog/Src/usbd_conf.c:69:6:HAL_PCD_MspInit	48	static
/Users/sujayjain/Desktop/STile_M_Pattern/Projects/SensorTile/Applications/DataLog/Src/usbd_conf.c:100:6:HAL_PCD_MspDeInit	16	static
/Users/sujayjain/Desktop/STile_M_Pattern/Projects/SensorTile/Applications/DataLog/Src/usbd_conf.c:116:6:HAL_PCD_SetupStageCallback	16	static
/Users/sujayjain/Desktop/STile_M_Pattern/Projects/SensorTile/Applications/DataLog/Src/usbd_conf.c:127:6:HAL_PCD_DataOutStageCallback	16	static
/Users/sujayjain/Desktop/STile_M_Pattern/Projects/SensorTile/Applications/DataLog/Src/usbd_conf.c:138:6:HAL_PCD_DataInStageCallback	16	static
/Users/sujayjain/Desktop/STile_M_Pattern/Projects/SensorTile/Applications/DataLog/Src/usbd_conf.c:148:6:HAL_PCD_SOFCallback	16	static
/Users/sujayjain/Desktop/STile_M_Pattern/Projects/SensorTile/Applications/DataLog/Src/usbd_conf.c:158:6:HAL_PCD_ResetCallback	16	static
/Users/sujayjain/Desktop/STile_M_Pattern/Projects/SensorTile/Applications/DataLog/Src/usbd_conf.c:172:6:HAL_PCD_SuspendCallback	16	static
/Users/sujayjain/Desktop/STile_M_Pattern/Projects/SensorTile/Applications/DataLog/Src/usbd_conf.c:182:6:HAL_PCD_ResumeCallback	16	static
/Users/sujayjain/Desktop/STile_M_Pattern/Projects/SensorTile/Applications/DataLog/Src/usbd_conf.c:193:6:HAL_PCD_ISOOUTIncompleteCallback	16	static
/Users/sujayjain/Desktop/STile_M_Pattern/Projects/SensorTile/Applications/DataLog/Src/usbd_conf.c:204:6:HAL_PCD_ISOINIncompleteCallback	16	static
/Users/sujayjain/Desktop/STile_M_Pattern/Projects/SensorTile/Applications/DataLog/Src/usbd_conf.c:214:6:HAL_PCD_ConnectCallback	16	static
/Users/sujayjain/Desktop/STile_M_Pattern/Projects/SensorTile/Applications/DataLog/Src/usbd_conf.c:224:6:HAL_PCD_DisconnectCallback	16	static
/Users/sujayjain/Desktop/STile_M_Pattern/Projects/SensorTile/Applications/DataLog/Src/usbd_conf.c:239:20:USBD_LL_Init	16	static
/Users/sujayjain/Desktop/STile_M_Pattern/Projects/SensorTile/Applications/DataLog/Src/usbd_conf.c:272:20:USBD_LL_DeInit	16	static
/Users/sujayjain/Desktop/STile_M_Pattern/Projects/SensorTile/Applications/DataLog/Src/usbd_conf.c:283:20:USBD_LL_Start	16	static
/Users/sujayjain/Desktop/STile_M_Pattern/Projects/SensorTile/Applications/DataLog/Src/usbd_conf.c:294:20:USBD_LL_Stop	16	static
/Users/sujayjain/Desktop/STile_M_Pattern/Projects/SensorTile/Applications/DataLog/Src/usbd_conf.c:308:20:USBD_LL_OpenEP	16	static
/Users/sujayjain/Desktop/STile_M_Pattern/Projects/SensorTile/Applications/DataLog/Src/usbd_conf.c:327:20:USBD_LL_CloseEP	16	static
/Users/sujayjain/Desktop/STile_M_Pattern/Projects/SensorTile/Applications/DataLog/Src/usbd_conf.c:339:20:USBD_LL_FlushEP	16	static
/Users/sujayjain/Desktop/STile_M_Pattern/Projects/SensorTile/Applications/DataLog/Src/usbd_conf.c:351:20:USBD_LL_StallEP	16	static
/Users/sujayjain/Desktop/STile_M_Pattern/Projects/SensorTile/Applications/DataLog/Src/usbd_conf.c:363:20:USBD_LL_ClearStallEP	16	static
/Users/sujayjain/Desktop/STile_M_Pattern/Projects/SensorTile/Applications/DataLog/Src/usbd_conf.c:375:9:USBD_LL_IsStallEP	24	static
/Users/sujayjain/Desktop/STile_M_Pattern/Projects/SensorTile/Applications/DataLog/Src/usbd_conf.c:395:20:USBD_LL_SetUSBAddress	16	static
/Users/sujayjain/Desktop/STile_M_Pattern/Projects/SensorTile/Applications/DataLog/Src/usbd_conf.c:409:20:USBD_LL_Transmit	24	static
/Users/sujayjain/Desktop/STile_M_Pattern/Projects/SensorTile/Applications/DataLog/Src/usbd_conf.c:426:20:USBD_LL_PrepareReceive	24	static
/Users/sujayjain/Desktop/STile_M_Pattern/Projects/SensorTile/Applications/DataLog/Src/usbd_conf.c:441:10:USBD_LL_GetRxDataSize	16	static
/Users/sujayjain/Desktop/STile_M_Pattern/Projects/SensorTile/Applications/DataLog/Src/usbd_conf.c:451:6:USBD_LL_Delay	16	static
