/Users/sujayjain/Desktop/STile_M_Pattern/Drivers/BSP/Components/lsm303agr/LSM303AGR_ACC_driver_HL.c:154:25:LSM303AGR_X_Init	32	static
/Users/sujayjain/Desktop/STile_M_Pattern/Drivers/BSP/Components/lsm303agr/LSM303AGR_ACC_driver_HL.c:214:25:LSM303AGR_X_DeInit	32	static
/Users/sujayjain/Desktop/STile_M_Pattern/Drivers/BSP/Components/lsm303agr/LSM303AGR_ACC_driver_HL.c:250:25:LSM303AGR_X_Sensor_Enable	24	static
/Users/sujayjain/Desktop/STile_M_Pattern/Drivers/BSP/Components/lsm303agr/LSM303AGR_ACC_driver_HL.c:280:25:LSM303AGR_X_Sensor_Disable	24	static
/Users/sujayjain/Desktop/STile_M_Pattern/Drivers/BSP/Components/lsm303agr/LSM303AGR_ACC_driver_HL.c:316:25:LSM303AGR_X_Get_WhoAmI	16	static
/Users/sujayjain/Desktop/STile_M_Pattern/Drivers/BSP/Components/lsm303agr/LSM303AGR_ACC_driver_HL.c:334:25:LSM303AGR_X_Check_WhoAmI	24	static
/Users/sujayjain/Desktop/STile_M_Pattern/Drivers/BSP/Components/lsm303agr/LSM303AGR_ACC_driver_HL.c:359:25:LSM303AGR_X_Get_Axes	32	static
/Users/sujayjain/Desktop/STile_M_Pattern/Drivers/BSP/Components/lsm303agr/LSM303AGR_ACC_driver_HL.c:385:25:LSM303AGR_X_Get_AxesRaw	24	static
/Users/sujayjain/Desktop/STile_M_Pattern/Drivers/BSP/Components/lsm303agr/LSM303AGR_ACC_driver_HL.c:413:25:LSM303AGR_X_Get_Sensitivity	24	static
/Users/sujayjain/Desktop/STile_M_Pattern/Drivers/BSP/Components/lsm303agr/LSM303AGR_ACC_driver_HL.c:462:25:LSM303AGR_X_Get_ODR	24	static
/Users/sujayjain/Desktop/STile_M_Pattern/Drivers/BSP/Components/lsm303agr/LSM303AGR_ACC_driver_HL.c:515:25:LSM303AGR_X_Set_ODR	16	static
/Users/sujayjain/Desktop/STile_M_Pattern/Drivers/BSP/Components/lsm303agr/LSM303AGR_ACC_driver_HL.c:545:25:LSM303AGR_X_Set_ODR_Value	16	static
/Users/sujayjain/Desktop/STile_M_Pattern/Drivers/BSP/Components/lsm303agr/LSM303AGR_ACC_driver_HL.c:575:25:LSM303AGR_X_Get_FS	24	static
/Users/sujayjain/Desktop/STile_M_Pattern/Drivers/BSP/Components/lsm303agr/LSM303AGR_ACC_driver_HL.c:616:25:LSM303AGR_X_Set_FS	24	static
/Users/sujayjain/Desktop/STile_M_Pattern/Drivers/BSP/Components/lsm303agr/LSM303AGR_ACC_driver_HL.c:653:25:LSM303AGR_X_Set_FS_Value	24	static
/Users/sujayjain/Desktop/STile_M_Pattern/Drivers/BSP/Components/lsm303agr/LSM303AGR_ACC_driver_HL.c:680:25:LSM303AGR_X_Get_Axes_Status	24	static
/Users/sujayjain/Desktop/STile_M_Pattern/Drivers/BSP/Components/lsm303agr/LSM303AGR_ACC_driver_HL.c:716:25:LSM303AGR_X_Set_Axes_Status	16	static
/Users/sujayjain/Desktop/STile_M_Pattern/Drivers/BSP/Components/lsm303agr/LSM303AGR_ACC_driver_HL.c:749:25:LSM303AGR_X_Read_Reg	24	static
/Users/sujayjain/Desktop/STile_M_Pattern/Drivers/BSP/Components/lsm303agr/LSM303AGR_ACC_driver_HL.c:770:25:LSM303AGR_X_Write_Reg	16	static
/Users/sujayjain/Desktop/STile_M_Pattern/Drivers/BSP/Components/lsm303agr/LSM303AGR_ACC_driver_HL.c:790:25:LSM303AGR_X_Get_DRDY_Status	24	static
/Users/sujayjain/Desktop/STile_M_Pattern/Drivers/BSP/Components/lsm303agr/LSM303AGR_ACC_driver_HL.c:831:25:LSM303AGR_X_Get_Axes_Raw	32	static
/Users/sujayjain/Desktop/STile_M_Pattern/Drivers/BSP/Components/lsm303agr/LSM303AGR_ACC_driver_HL.c:891:25:LSM303AGR_X_Set_ODR_When_Enabled	24	static
/Users/sujayjain/Desktop/STile_M_Pattern/Drivers/BSP/Components/lsm303agr/LSM303AGR_ACC_driver_HL.c:931:25:LSM303AGR_X_Set_ODR_When_Disabled	24	static
/Users/sujayjain/Desktop/STile_M_Pattern/Drivers/BSP/Components/lsm303agr/LSM303AGR_ACC_driver_HL.c:967:25:LSM303AGR_X_Set_ODR_Value_When_Enabled	24	static
/Users/sujayjain/Desktop/STile_M_Pattern/Drivers/BSP/Components/lsm303agr/LSM303AGR_ACC_driver_HL.c:995:25:LSM303AGR_X_Set_ODR_Value_When_Disabled	24	static
/Users/sujayjain/Desktop/STile_M_Pattern/Drivers/BSP/Components/lsm303agr/LSM303AGR_ACC_driver_HL.c:1019:25:LSM303AGR_X_Get_Sensitivity_Normal_Mode	24	static
/Users/sujayjain/Desktop/STile_M_Pattern/Drivers/BSP/Components/lsm303agr/LSM303AGR_ACC_driver_HL.c:1060:25:LSM303AGR_X_Get_Sensitivity_LP_Mode	24	static
/Users/sujayjain/Desktop/STile_M_Pattern/Drivers/BSP/Components/lsm303agr/LSM303AGR_ACC_driver_HL.c:1100:25:LSM303AGR_X_Get_Sensitivity_HR_Mode	24	static
