/Users/sujayjain/Desktop/STile_M_Pattern/Drivers/BSP/Components/lsm6dsm/LSM6DSM_ACC_GYRO_driver_HL.c:298:25:LSM6DSM_X_Init	32	static
/Users/sujayjain/Desktop/STile_M_Pattern/Drivers/BSP/Components/lsm6dsm/LSM6DSM_ACC_GYRO_driver_HL.c:358:25:LSM6DSM_X_DeInit	32	static
/Users/sujayjain/Desktop/STile_M_Pattern/Drivers/BSP/Components/lsm6dsm/LSM6DSM_ACC_GYRO_driver_HL.c:436:25:LSM6DSM_X_Sensor_Enable	24	static
/Users/sujayjain/Desktop/STile_M_Pattern/Drivers/BSP/Components/lsm6dsm/LSM6DSM_ACC_GYRO_driver_HL.c:466:25:LSM6DSM_X_Sensor_Disable	24	static
/Users/sujayjain/Desktop/STile_M_Pattern/Drivers/BSP/Components/lsm6dsm/LSM6DSM_ACC_GYRO_driver_HL.c:502:25:LSM6DSM_X_Get_WhoAmI	16	static
/Users/sujayjain/Desktop/STile_M_Pattern/Drivers/BSP/Components/lsm6dsm/LSM6DSM_ACC_GYRO_driver_HL.c:514:25:LSM6DSM_X_Check_WhoAmI	16	static
/Users/sujayjain/Desktop/STile_M_Pattern/Drivers/BSP/Components/lsm6dsm/LSM6DSM_ACC_GYRO_driver_HL.c:528:25:LSM6DSM_X_Get_Axes	32	static
/Users/sujayjain/Desktop/STile_M_Pattern/Drivers/BSP/Components/lsm6dsm/LSM6DSM_ACC_GYRO_driver_HL.c:561:25:LSM6DSM_X_Get_AxesRaw	24	static
/Users/sujayjain/Desktop/STile_M_Pattern/Drivers/BSP/Components/lsm6dsm/LSM6DSM_ACC_GYRO_driver_HL.c:589:25:LSM6DSM_X_Get_Sensitivity	24	static
/Users/sujayjain/Desktop/STile_M_Pattern/Drivers/BSP/Components/lsm6dsm/LSM6DSM_ACC_GYRO_driver_HL.c:632:25:LSM6DSM_X_Get_ODR	24	static
/Users/sujayjain/Desktop/STile_M_Pattern/Drivers/BSP/Components/lsm6dsm/LSM6DSM_ACC_GYRO_driver_HL.c:694:25:LSM6DSM_X_Set_ODR	16	static
/Users/sujayjain/Desktop/STile_M_Pattern/Drivers/BSP/Components/lsm6dsm/LSM6DSM_ACC_GYRO_driver_HL.c:724:25:LSM6DSM_X_Set_ODR_Value	16	static
/Users/sujayjain/Desktop/STile_M_Pattern/Drivers/BSP/Components/lsm6dsm/LSM6DSM_ACC_GYRO_driver_HL.c:754:25:LSM6DSM_X_Get_FS	24	static
/Users/sujayjain/Desktop/STile_M_Pattern/Drivers/BSP/Components/lsm6dsm/LSM6DSM_ACC_GYRO_driver_HL.c:795:25:LSM6DSM_X_Set_FS	24	static
/Users/sujayjain/Desktop/STile_M_Pattern/Drivers/BSP/Components/lsm6dsm/LSM6DSM_ACC_GYRO_driver_HL.c:832:25:LSM6DSM_X_Set_FS_Value	24	static
/Users/sujayjain/Desktop/STile_M_Pattern/Drivers/BSP/Components/lsm6dsm/LSM6DSM_ACC_GYRO_driver_HL.c:858:25:LSM6DSM_G_Init	32	static
/Users/sujayjain/Desktop/STile_M_Pattern/Drivers/BSP/Components/lsm6dsm/LSM6DSM_ACC_GYRO_driver_HL.c:918:25:LSM6DSM_G_DeInit	32	static
/Users/sujayjain/Desktop/STile_M_Pattern/Drivers/BSP/Components/lsm6dsm/LSM6DSM_ACC_GYRO_driver_HL.c:953:25:LSM6DSM_G_Sensor_Enable	24	static
/Users/sujayjain/Desktop/STile_M_Pattern/Drivers/BSP/Components/lsm6dsm/LSM6DSM_ACC_GYRO_driver_HL.c:983:25:LSM6DSM_G_Sensor_Disable	24	static
/Users/sujayjain/Desktop/STile_M_Pattern/Drivers/BSP/Components/lsm6dsm/LSM6DSM_ACC_GYRO_driver_HL.c:1019:25:LSM6DSM_G_Get_WhoAmI	16	static
/Users/sujayjain/Desktop/STile_M_Pattern/Drivers/BSP/Components/lsm6dsm/LSM6DSM_ACC_GYRO_driver_HL.c:1032:25:LSM6DSM_G_Check_WhoAmI	16	static
/Users/sujayjain/Desktop/STile_M_Pattern/Drivers/BSP/Components/lsm6dsm/LSM6DSM_ACC_GYRO_driver_HL.c:1046:25:LSM6DSM_G_Get_Axes	32	static
/Users/sujayjain/Desktop/STile_M_Pattern/Drivers/BSP/Components/lsm6dsm/LSM6DSM_ACC_GYRO_driver_HL.c:1081:25:LSM6DSM_G_Get_AxesRaw	24	static
/Users/sujayjain/Desktop/STile_M_Pattern/Drivers/BSP/Components/lsm6dsm/LSM6DSM_ACC_GYRO_driver_HL.c:1109:25:LSM6DSM_G_Get_Sensitivity	24	static
/Users/sujayjain/Desktop/STile_M_Pattern/Drivers/BSP/Components/lsm6dsm/LSM6DSM_ACC_GYRO_driver_HL.c:1168:25:LSM6DSM_G_Get_ODR	24	static
/Users/sujayjain/Desktop/STile_M_Pattern/Drivers/BSP/Components/lsm6dsm/LSM6DSM_ACC_GYRO_driver_HL.c:1230:25:LSM6DSM_G_Set_ODR	16	static
/Users/sujayjain/Desktop/STile_M_Pattern/Drivers/BSP/Components/lsm6dsm/LSM6DSM_ACC_GYRO_driver_HL.c:1260:25:LSM6DSM_G_Set_ODR_Value	16	static
/Users/sujayjain/Desktop/STile_M_Pattern/Drivers/BSP/Components/lsm6dsm/LSM6DSM_ACC_GYRO_driver_HL.c:1290:25:LSM6DSM_G_Get_FS	24	static
/Users/sujayjain/Desktop/STile_M_Pattern/Drivers/BSP/Components/lsm6dsm/LSM6DSM_ACC_GYRO_driver_HL.c:1344:25:LSM6DSM_G_Set_FS	24	static
/Users/sujayjain/Desktop/STile_M_Pattern/Drivers/BSP/Components/lsm6dsm/LSM6DSM_ACC_GYRO_driver_HL.c:1381:25:LSM6DSM_G_Set_FS_Value	24	static
/Users/sujayjain/Desktop/STile_M_Pattern/Drivers/BSP/Components/lsm6dsm/LSM6DSM_ACC_GYRO_driver_HL.c:1429:25:LSM6DSM_Get_WhoAmI	16	static
/Users/sujayjain/Desktop/STile_M_Pattern/Drivers/BSP/Components/lsm6dsm/LSM6DSM_ACC_GYRO_driver_HL.c:1448:25:LSM6DSM_Check_WhoAmI	24	static
/Users/sujayjain/Desktop/STile_M_Pattern/Drivers/BSP/Components/lsm6dsm/LSM6DSM_ACC_GYRO_driver_HL.c:1472:25:LSM6DSM_X_Get_Axes_Raw	24	static
/Users/sujayjain/Desktop/STile_M_Pattern/Drivers/BSP/Components/lsm6dsm/LSM6DSM_ACC_GYRO_driver_HL.c:1498:25:LSM6DSM_X_Set_ODR_When_Enabled	24	static
/Users/sujayjain/Desktop/STile_M_Pattern/Drivers/BSP/Components/lsm6dsm/LSM6DSM_ACC_GYRO_driver_HL.c:1538:25:LSM6DSM_X_Set_ODR_When_Disabled	24	static
/Users/sujayjain/Desktop/STile_M_Pattern/Drivers/BSP/Components/lsm6dsm/LSM6DSM_ACC_GYRO_driver_HL.c:1574:25:LSM6DSM_X_Set_ODR_Value_When_Enabled	24	static
/Users/sujayjain/Desktop/STile_M_Pattern/Drivers/BSP/Components/lsm6dsm/LSM6DSM_ACC_GYRO_driver_HL.c:1605:25:LSM6DSM_X_Set_ODR_Value_When_Disabled	24	static
/Users/sujayjain/Desktop/STile_M_Pattern/Drivers/BSP/Components/lsm6dsm/LSM6DSM_ACC_GYRO_driver_HL.c:1632:25:LSM6DSM_G_Get_Axes_Raw	24	static
/Users/sujayjain/Desktop/STile_M_Pattern/Drivers/BSP/Components/lsm6dsm/LSM6DSM_ACC_GYRO_driver_HL.c:1658:25:LSM6DSM_G_Set_ODR_When_Enabled	24	static
/Users/sujayjain/Desktop/STile_M_Pattern/Drivers/BSP/Components/lsm6dsm/LSM6DSM_ACC_GYRO_driver_HL.c:1698:25:LSM6DSM_G_Set_ODR_When_Disabled	24	static
/Users/sujayjain/Desktop/STile_M_Pattern/Drivers/BSP/Components/lsm6dsm/LSM6DSM_ACC_GYRO_driver_HL.c:1734:25:LSM6DSM_G_Set_ODR_Value_When_Enabled	24	static
/Users/sujayjain/Desktop/STile_M_Pattern/Drivers/BSP/Components/lsm6dsm/LSM6DSM_ACC_GYRO_driver_HL.c:1765:25:LSM6DSM_G_Set_ODR_Value_When_Disabled	24	static
/Users/sujayjain/Desktop/STile_M_Pattern/Drivers/BSP/Components/lsm6dsm/LSM6DSM_ACC_GYRO_driver_HL.c:1800:25:LSM6DSM_X_Enable_Free_Fall_Detection	16	static
/Users/sujayjain/Desktop/STile_M_Pattern/Drivers/BSP/Components/lsm6dsm/LSM6DSM_ACC_GYRO_driver_HL.c:1869:25:LSM6DSM_X_Disable_Free_Fall_Detection	16	static
/Users/sujayjain/Desktop/STile_M_Pattern/Drivers/BSP/Components/lsm6dsm/LSM6DSM_ACC_GYRO_driver_HL.c:1908:25:LSM6DSM_X_Get_Free_Fall_Detection_Status	24	static
/Users/sujayjain/Desktop/STile_M_Pattern/Drivers/BSP/Components/lsm6dsm/LSM6DSM_ACC_GYRO_driver_HL.c:1942:25:LSM6DSM_X_Set_Free_Fall_Threshold	16	static
/Users/sujayjain/Desktop/STile_M_Pattern/Drivers/BSP/Components/lsm6dsm/LSM6DSM_ACC_GYRO_driver_HL.c:1962:25:LSM6DSM_X_Enable_Pedometer	16	static
/Users/sujayjain/Desktop/STile_M_Pattern/Drivers/BSP/Components/lsm6dsm/LSM6DSM_ACC_GYRO_driver_HL.c:2012:25:LSM6DSM_X_Disable_Pedometer	16	static
/Users/sujayjain/Desktop/STile_M_Pattern/Drivers/BSP/Components/lsm6dsm/LSM6DSM_ACC_GYRO_driver_HL.c:2051:25:LSM6DSM_X_Get_Pedometer_Status	24	static
/Users/sujayjain/Desktop/STile_M_Pattern/Drivers/BSP/Components/lsm6dsm/LSM6DSM_ACC_GYRO_driver_HL.c:2085:25:LSM6DSM_X_Get_Step_Count	16	static
/Users/sujayjain/Desktop/STile_M_Pattern/Drivers/BSP/Components/lsm6dsm/LSM6DSM_ACC_GYRO_driver_HL.c:2104:25:LSM6DSM_X_Enable_Step_Counter_Reset	16	static
/Users/sujayjain/Desktop/STile_M_Pattern/Drivers/BSP/Components/lsm6dsm/LSM6DSM_ACC_GYRO_driver_HL.c:2123:25:LSM6DSM_X_Disable_Step_Counter_Reset	16	static
/Users/sujayjain/Desktop/STile_M_Pattern/Drivers/BSP/Components/lsm6dsm/LSM6DSM_ACC_GYRO_driver_HL.c:2143:25:LSM6DSM_X_Set_Pedometer_Threshold	16	static
/Users/sujayjain/Desktop/STile_M_Pattern/Drivers/BSP/Components/lsm6dsm/LSM6DSM_ACC_GYRO_driver_HL.c:2163:25:LSM6DSM_X_Enable_Tilt_Detection	16	static
/Users/sujayjain/Desktop/STile_M_Pattern/Drivers/BSP/Components/lsm6dsm/LSM6DSM_ACC_GYRO_driver_HL.c:2207:25:LSM6DSM_X_Disable_Tilt_Detection	16	static
/Users/sujayjain/Desktop/STile_M_Pattern/Drivers/BSP/Components/lsm6dsm/LSM6DSM_ACC_GYRO_driver_HL.c:2240:25:LSM6DSM_X_Get_Tilt_Detection_Status	24	static
/Users/sujayjain/Desktop/STile_M_Pattern/Drivers/BSP/Components/lsm6dsm/LSM6DSM_ACC_GYRO_driver_HL.c:2274:25:LSM6DSM_X_Enable_Wake_Up_Detection	16	static
/Users/sujayjain/Desktop/STile_M_Pattern/Drivers/BSP/Components/lsm6dsm/LSM6DSM_ACC_GYRO_driver_HL.c:2324:25:LSM6DSM_X_Disable_Wake_Up_Detection	16	static
/Users/sujayjain/Desktop/STile_M_Pattern/Drivers/BSP/Components/lsm6dsm/LSM6DSM_ACC_GYRO_driver_HL.c:2363:25:LSM6DSM_X_Get_Wake_Up_Detection_Status	24	static
/Users/sujayjain/Desktop/STile_M_Pattern/Drivers/BSP/Components/lsm6dsm/LSM6DSM_ACC_GYRO_driver_HL.c:2397:25:LSM6DSM_X_Set_Wake_Up_Threshold	16	static
/Users/sujayjain/Desktop/STile_M_Pattern/Drivers/BSP/Components/lsm6dsm/LSM6DSM_ACC_GYRO_driver_HL.c:2417:25:LSM6DSM_X_Enable_Single_Tap_Detection	16	static
/Users/sujayjain/Desktop/STile_M_Pattern/Drivers/BSP/Components/lsm6dsm/LSM6DSM_ACC_GYRO_driver_HL.c:2495:25:LSM6DSM_X_Disable_Single_Tap_Detection	16	static
/Users/sujayjain/Desktop/STile_M_Pattern/Drivers/BSP/Components/lsm6dsm/LSM6DSM_ACC_GYRO_driver_HL.c:2562:25:LSM6DSM_X_Get_Single_Tap_Detection_Status	24	static
/Users/sujayjain/Desktop/STile_M_Pattern/Drivers/BSP/Components/lsm6dsm/LSM6DSM_ACC_GYRO_driver_HL.c:2598:25:LSM6DSM_X_Enable_Double_Tap_Detection	16	static
/Users/sujayjain/Desktop/STile_M_Pattern/Drivers/BSP/Components/lsm6dsm/LSM6DSM_ACC_GYRO_driver_HL.c:2684:25:LSM6DSM_X_Disable_Double_Tap_Detection	16	static
/Users/sujayjain/Desktop/STile_M_Pattern/Drivers/BSP/Components/lsm6dsm/LSM6DSM_ACC_GYRO_driver_HL.c:2759:25:LSM6DSM_X_Get_Double_Tap_Detection_Status	24	static
/Users/sujayjain/Desktop/STile_M_Pattern/Drivers/BSP/Components/lsm6dsm/LSM6DSM_ACC_GYRO_driver_HL.c:2795:25:LSM6DSM_X_Set_Tap_Threshold	16	static
/Users/sujayjain/Desktop/STile_M_Pattern/Drivers/BSP/Components/lsm6dsm/LSM6DSM_ACC_GYRO_driver_HL.c:2815:25:LSM6DSM_X_Set_Tap_Shock_Time	16	static
/Users/sujayjain/Desktop/STile_M_Pattern/Drivers/BSP/Components/lsm6dsm/LSM6DSM_ACC_GYRO_driver_HL.c:2835:25:LSM6DSM_X_Set_Tap_Quiet_Time	16	static
/Users/sujayjain/Desktop/STile_M_Pattern/Drivers/BSP/Components/lsm6dsm/LSM6DSM_ACC_GYRO_driver_HL.c:2855:25:LSM6DSM_X_Set_Tap_Duration_Time	16	static
/Users/sujayjain/Desktop/STile_M_Pattern/Drivers/BSP/Components/lsm6dsm/LSM6DSM_ACC_GYRO_driver_HL.c:2873:25:LSM6DSM_X_Enable_6D_Orientation	16	static
/Users/sujayjain/Desktop/STile_M_Pattern/Drivers/BSP/Components/lsm6dsm/LSM6DSM_ACC_GYRO_driver_HL.c:2917:25:LSM6DSM_X_Disable_6D_Orientation	16	static
/Users/sujayjain/Desktop/STile_M_Pattern/Drivers/BSP/Components/lsm6dsm/LSM6DSM_ACC_GYRO_driver_HL.c:2950:25:LSM6DSM_X_Get_6D_Orientation_Status	24	static
/Users/sujayjain/Desktop/STile_M_Pattern/Drivers/BSP/Components/lsm6dsm/LSM6DSM_ACC_GYRO_driver_HL.c:2984:25:LSM6DSM_X_Get_6D_Orientation_XL	24	static
/Users/sujayjain/Desktop/STile_M_Pattern/Drivers/BSP/Components/lsm6dsm/LSM6DSM_ACC_GYRO_driver_HL.c:3018:25:LSM6DSM_X_Get_6D_Orientation_XH	24	static
/Users/sujayjain/Desktop/STile_M_Pattern/Drivers/BSP/Components/lsm6dsm/LSM6DSM_ACC_GYRO_driver_HL.c:3052:25:LSM6DSM_X_Get_6D_Orientation_YL	24	static
/Users/sujayjain/Desktop/STile_M_Pattern/Drivers/BSP/Components/lsm6dsm/LSM6DSM_ACC_GYRO_driver_HL.c:3086:25:LSM6DSM_X_Get_6D_Orientation_YH	24	static
/Users/sujayjain/Desktop/STile_M_Pattern/Drivers/BSP/Components/lsm6dsm/LSM6DSM_ACC_GYRO_driver_HL.c:3120:25:LSM6DSM_X_Get_6D_Orientation_ZL	24	static
/Users/sujayjain/Desktop/STile_M_Pattern/Drivers/BSP/Components/lsm6dsm/LSM6DSM_ACC_GYRO_driver_HL.c:3154:25:LSM6DSM_X_Get_6D_Orientation_ZH	24	static
/Users/sujayjain/Desktop/STile_M_Pattern/Drivers/BSP/Components/lsm6dsm/LSM6DSM_ACC_GYRO_driver_HL.c:3189:25:LSM6DSM_X_Read_Reg	24	static
/Users/sujayjain/Desktop/STile_M_Pattern/Drivers/BSP/Components/lsm6dsm/LSM6DSM_ACC_GYRO_driver_HL.c:3209:25:LSM6DSM_X_Write_Reg	16	static
/Users/sujayjain/Desktop/STile_M_Pattern/Drivers/BSP/Components/lsm6dsm/LSM6DSM_ACC_GYRO_driver_HL.c:3228:25:LSM6DSM_X_Get_DRDY_Status	24	static
/Users/sujayjain/Desktop/STile_M_Pattern/Drivers/BSP/Components/lsm6dsm/LSM6DSM_ACC_GYRO_driver_HL.c:3263:25:LSM6DSM_G_Read_Reg	24	static
/Users/sujayjain/Desktop/STile_M_Pattern/Drivers/BSP/Components/lsm6dsm/LSM6DSM_ACC_GYRO_driver_HL.c:3283:25:LSM6DSM_G_Write_Reg	16	static
/Users/sujayjain/Desktop/STile_M_Pattern/Drivers/BSP/Components/lsm6dsm/LSM6DSM_ACC_GYRO_driver_HL.c:3302:25:LSM6DSM_G_Get_DRDY_Status	24	static
