/Users/sujayjain/Desktop/STile_M_Pattern/Drivers/BSP/Components/stc3115/STC3115_Driver.c:170:25:STC3115_Init	120	static
/Users/sujayjain/Desktop/STile_M_Pattern/Drivers/BSP/Components/stc3115/STC3115_Driver.c:297:25:STC3115_DeInit	16	static
/Users/sujayjain/Desktop/STile_M_Pattern/Drivers/BSP/Components/stc3115/STC3115_Driver.c:335:25:STC3115_Get_WhoAmI	16	static
/Users/sujayjain/Desktop/STile_M_Pattern/Drivers/BSP/Components/stc3115/STC3115_Driver.c:353:25:STC3115_Task	32	static
/Users/sujayjain/Desktop/STile_M_Pattern/Drivers/BSP/Components/stc3115/STC3115_Driver.c:505:25:STC3115_Reset	32	static
/Users/sujayjain/Desktop/STile_M_Pattern/Drivers/BSP/Components/stc3115/STC3115_Driver.c:527:25:STC3115_Stop	24	static
/Users/sujayjain/Desktop/STile_M_Pattern/Drivers/BSP/Components/stc3115/STC3115_Driver.c:551:25:STC3115_GetSOC	16	static
/Users/sujayjain/Desktop/STile_M_Pattern/Drivers/BSP/Components/stc3115/STC3115_Driver.c:562:25:STC3115_GetOCV	16	static
/Users/sujayjain/Desktop/STile_M_Pattern/Drivers/BSP/Components/stc3115/STC3115_Driver.c:573:25:STC3115_GetCurrent	16	static
/Users/sujayjain/Desktop/STile_M_Pattern/Drivers/BSP/Components/stc3115/STC3115_Driver.c:584:25:STC3115_GetTemperature	16	static
/Users/sujayjain/Desktop/STile_M_Pattern/Drivers/BSP/Components/stc3115/STC3115_Driver.c:595:25:STC3115_GetVoltage	16	static
/Users/sujayjain/Desktop/STile_M_Pattern/Drivers/BSP/Components/stc3115/STC3115_Driver.c:606:25:STC3115_GetChargeValue	16	static
/Users/sujayjain/Desktop/STile_M_Pattern/Drivers/BSP/Components/stc3115/STC3115_Driver.c:617:25:STC3115_GetPresence	16	static
/Users/sujayjain/Desktop/STile_M_Pattern/Drivers/BSP/Components/stc3115/STC3115_Driver.c:628:25:STC3115_GetAlarmStatus	16	static
/Users/sujayjain/Desktop/STile_M_Pattern/Drivers/BSP/Components/stc3115/STC3115_Driver.c:639:12:STC3115_Status	24	static
/Users/sujayjain/Desktop/STile_M_Pattern/Drivers/BSP/Components/stc3115/STC3115_Driver.c:663:12:STC3115_CalcRamCRC8	32	static
/Users/sujayjain/Desktop/STile_M_Pattern/Drivers/BSP/Components/stc3115/STC3115_Driver.c:686:12:STC3115_UpdateRamCRC	24	static
/Users/sujayjain/Desktop/STile_M_Pattern/Drivers/BSP/Components/stc3115/STC3115_Driver.c:702:13:STC3115_InitRamData	24	static
/Users/sujayjain/Desktop/STile_M_Pattern/Drivers/BSP/Components/stc3115/STC3115_Driver.c:726:12:STC3115_WriteRamData	16	static
/Users/sujayjain/Desktop/STile_M_Pattern/Drivers/BSP/Components/stc3115/STC3115_Driver.c:744:12:STC3115_ReadRamData	16	static
/Users/sujayjain/Desktop/STile_M_Pattern/Drivers/BSP/Components/stc3115/STC3115_Driver.c:761:12:STC3115_ReadBatteryData	40	static
/Users/sujayjain/Desktop/STile_M_Pattern/Drivers/BSP/Components/stc3115/STC3115_Driver.c:822:12:STC3115_Restore	24	static
/Users/sujayjain/Desktop/STile_M_Pattern/Drivers/BSP/Components/stc3115/STC3115_Driver.c:851:12:STC3115_Powerdown	24	static
/Users/sujayjain/Desktop/STile_M_Pattern/Drivers/BSP/Components/stc3115/STC3115_Driver.c:874:12:STC3115_conv	24	static
/Users/sujayjain/Desktop/STile_M_Pattern/Drivers/BSP/Components/stc3115/STC3115_Driver.c:889:12:STC3115_Startup	24	static
/Users/sujayjain/Desktop/STile_M_Pattern/Drivers/BSP/Components/stc3115/STC3115_Driver.c:915:12:STC3115_Read	24	static
/Users/sujayjain/Desktop/STile_M_Pattern/Drivers/BSP/Components/stc3115/STC3115_Driver.c:933:12:STC3115_Write	24	static
/Users/sujayjain/Desktop/STile_M_Pattern/Drivers/BSP/Components/stc3115/STC3115_Driver.c:951:12:STC3115_ReadWord	32	static
/Users/sujayjain/Desktop/STile_M_Pattern/Drivers/BSP/Components/stc3115/STC3115_Driver.c:973:12:STC3115_WriteWord	32	static
/Users/sujayjain/Desktop/STile_M_Pattern/Drivers/BSP/Components/stc3115/STC3115_Driver.c:992:25:STC3115_SetParam	24	static
