Archive member included to satisfy reference by file (symbol)

/Applications/STM32CubeIDE.app/Contents/Eclipse/plugins/com.st.stm32cube.ide.mcu.externaltools.gnu-tools-for-stm32.10.3-2021.10.macos64_1.0.0.202111181127/tools/bin/../lib/gcc/arm-none-eabi/10.3.1/../../../../arm-none-eabi/lib/thumb/v7e-m+fp/hard/libc_nano.a(lib_a-errno.o)
                              ./DataLog/User/syscalls.o (__errno)
/Applications/STM32CubeIDE.app/Contents/Eclipse/plugins/com.st.stm32cube.ide.mcu.externaltools.gnu-tools-for-stm32.10.3-2021.10.macos64_1.0.0.202111181127/tools/bin/../lib/gcc/arm-none-eabi/10.3.1/../../../../arm-none-eabi/lib/thumb/v7e-m+fp/hard/libc_nano.a(lib_a-exit.o)
                              /Applications/STM32CubeIDE.app/Contents/Eclipse/plugins/com.st.stm32cube.ide.mcu.externaltools.gnu-tools-for-stm32.10.3-2021.10.macos64_1.0.0.202111181127/tools/bin/../lib/gcc/arm-none-eabi/10.3.1/../../../../arm-none-eabi/lib/thumb/v7e-m+fp/hard/crt0.o (exit)
/Applications/STM32CubeIDE.app/Contents/Eclipse/plugins/com.st.stm32cube.ide.mcu.externaltools.gnu-tools-for-stm32.10.3-2021.10.macos64_1.0.0.202111181127/tools/bin/../lib/gcc/arm-none-eabi/10.3.1/../../../../arm-none-eabi/lib/thumb/v7e-m+fp/hard/libc_nano.a(lib_a-impure.o)
                              /Applications/STM32CubeIDE.app/Contents/Eclipse/plugins/com.st.stm32cube.ide.mcu.externaltools.gnu-tools-for-stm32.10.3-2021.10.macos64_1.0.0.202111181127/tools/bin/../lib/gcc/arm-none-eabi/10.3.1/../../../../arm-none-eabi/lib/thumb/v7e-m+fp/hard/libc_nano.a(lib_a-exit.o) (_global_impure_ptr)
/Applications/STM32CubeIDE.app/Contents/Eclipse/plugins/com.st.stm32cube.ide.mcu.externaltools.gnu-tools-for-stm32.10.3-2021.10.macos64_1.0.0.202111181127/tools/bin/../lib/gcc/arm-none-eabi/10.3.1/../../../../arm-none-eabi/lib/thumb/v7e-m+fp/hard/libc_nano.a(lib_a-init.o)
                              /Applications/STM32CubeIDE.app/Contents/Eclipse/plugins/com.st.stm32cube.ide.mcu.externaltools.gnu-tools-for-stm32.10.3-2021.10.macos64_1.0.0.202111181127/tools/bin/../lib/gcc/arm-none-eabi/10.3.1/../../../../arm-none-eabi/lib/thumb/v7e-m+fp/hard/crt0.o (__libc_init_array)
/Applications/STM32CubeIDE.app/Contents/Eclipse/plugins/com.st.stm32cube.ide.mcu.externaltools.gnu-tools-for-stm32.10.3-2021.10.macos64_1.0.0.202111181127/tools/bin/../lib/gcc/arm-none-eabi/10.3.1/../../../../arm-none-eabi/lib/thumb/v7e-m+fp/hard/libc_nano.a(lib_a-malloc.o)
                              ./Middlewares/FatFs/syscall.o (malloc)
/Applications/STM32CubeIDE.app/Contents/Eclipse/plugins/com.st.stm32cube.ide.mcu.externaltools.gnu-tools-for-stm32.10.3-2021.10.macos64_1.0.0.202111181127/tools/bin/../lib/gcc/arm-none-eabi/10.3.1/../../../../arm-none-eabi/lib/thumb/v7e-m+fp/hard/libc_nano.a(lib_a-memcpy-stub.o)
                              ./DataLog/User/datalog_application.o (memcpy)
/Applications/STM32CubeIDE.app/Contents/Eclipse/plugins/com.st.stm32cube.ide.mcu.externaltools.gnu-tools-for-stm32.10.3-2021.10.macos64_1.0.0.202111181127/tools/bin/../lib/gcc/arm-none-eabi/10.3.1/../../../../arm-none-eabi/lib/thumb/v7e-m+fp/hard/libc_nano.a(lib_a-memset.o)
                              /Applications/STM32CubeIDE.app/Contents/Eclipse/plugins/com.st.stm32cube.ide.mcu.externaltools.gnu-tools-for-stm32.10.3-2021.10.macos64_1.0.0.202111181127/tools/bin/../lib/gcc/arm-none-eabi/10.3.1/../../../../arm-none-eabi/lib/thumb/v7e-m+fp/hard/crt0.o (memset)
/Applications/STM32CubeIDE.app/Contents/Eclipse/plugins/com.st.stm32cube.ide.mcu.externaltools.gnu-tools-for-stm32.10.3-2021.10.macos64_1.0.0.202111181127/tools/bin/../lib/gcc/arm-none-eabi/10.3.1/../../../../arm-none-eabi/lib/thumb/v7e-m+fp/hard/libc_nano.a(lib_a-nano-freer.o)
                              /Applications/STM32CubeIDE.app/Contents/Eclipse/plugins/com.st.stm32cube.ide.mcu.externaltools.gnu-tools-for-stm32.10.3-2021.10.macos64_1.0.0.202111181127/tools/bin/../lib/gcc/arm-none-eabi/10.3.1/../../../../arm-none-eabi/lib/thumb/v7e-m+fp/hard/libc_nano.a(lib_a-malloc.o) (_free_r)
/Applications/STM32CubeIDE.app/Contents/Eclipse/plugins/com.st.stm32cube.ide.mcu.externaltools.gnu-tools-for-stm32.10.3-2021.10.macos64_1.0.0.202111181127/tools/bin/../lib/gcc/arm-none-eabi/10.3.1/../../../../arm-none-eabi/lib/thumb/v7e-m+fp/hard/libc_nano.a(lib_a-nano-mallocr.o)
                              /Applications/STM32CubeIDE.app/Contents/Eclipse/plugins/com.st.stm32cube.ide.mcu.externaltools.gnu-tools-for-stm32.10.3-2021.10.macos64_1.0.0.202111181127/tools/bin/../lib/gcc/arm-none-eabi/10.3.1/../../../../arm-none-eabi/lib/thumb/v7e-m+fp/hard/libc_nano.a(lib_a-malloc.o) (_malloc_r)
/Applications/STM32CubeIDE.app/Contents/Eclipse/plugins/com.st.stm32cube.ide.mcu.externaltools.gnu-tools-for-stm32.10.3-2021.10.macos64_1.0.0.202111181127/tools/bin/../lib/gcc/arm-none-eabi/10.3.1/../../../../arm-none-eabi/lib/thumb/v7e-m+fp/hard/libc_nano.a(lib_a-nano-vfprintf_float.o)
                              (_printf_float)
[...]
Memory Configuration

Name             Origin             Length             Attributes
FLASH            0x0000000008004000 0x0000000000040000 xr
RAM              0x0000000020000000 0x0000000000018000 xrw
SRAM2            0x0000000010000000 0x0000000000008000 xrw
*default*        0x0000000000000000 0xffffffffffffffff

Linker script and memory map

LOAD /Applications/STM32CubeIDE.app/Contents/Eclipse/plugins/com.st.stm32cube.ide.mcu.externaltools.gnu-tools-for-stm32.10.3-2021.10.macos64_1.0.0.202111181127/tools/bin/../lib/gcc/arm-none-eabi/10.3.1/thumb/v7e-m+fp/hard/crti.o
LOAD /Applications/STM32CubeIDE.app/Contents/Eclipse/plugins/com.st.stm32cube.ide.mcu.externaltools.gnu-tools-for-stm32.10.3-2021.10.macos64_1.0.0.202111181127/tools/bin/../lib/gcc/arm-none-eabi/10.3.1/thumb/v7e-m+fp/hard/crtbegin.o
LOAD /Applications/STM32CubeIDE.app/Contents/Eclipse/plugins/com.st.stm32cube.ide.mcu.externaltools.gnu-tools-for-stm32.10.3-2021.10.macos64_1.0.0.202111181127/tools/bin/../lib/gcc/arm-none-eabi/10.3.1/../../../../arm-none-eabi/lib/thumb/v7e-m+fp/hard/crt0.o
LOAD ./DataLog/SW4STM32/startup_stm32l476xx.o
LOAD ./DataLog/User/cube_hal_l4.o
LOAD ./DataLog/User/datalog_application.o
LOAD ./DataLog/User/embeddedML.o
LOAD ./DataLog/User/main.o
LOAD ./DataLog/User/stm32l4xx_hal_msp.o
LOAD ./DataLog/User/stm32l4xx_it.o
LOAD ./DataLog/User/syscalls.o
LOAD ./DataLog/User/usbd_cdc_interface.o
LOAD ./DataLog/User/usbd_conf.o
LOAD ./DataLog/User/usbd_desc.o
LOAD ./Drivers/BSP/Components/HTS221_Driver.o
LOAD ./Drivers/BSP/Components/HTS221_Driver_HL.o
LOAD ./Drivers/BSP/Components/LPS22HB_Driver.o
LOAD ./Drivers/BSP/Components/LPS22HB_Driver_HL.o
LOAD ./Drivers/BSP/Components/LSM303AGR_ACC_driver.o
LOAD ./Drivers/BSP/Components/LSM303AGR_ACC_driver_HL.o
LOAD ./Drivers/BSP/Components/LSM303AGR_MAG_driver.o
LOAD ./Drivers/BSP/Components/LSM303AGR_MAG_driver_HL.o
LOAD ./Drivers/BSP/Components/LSM6DSM_ACC_GYRO_driver.o
LOAD ./Drivers/BSP/Components/LSM6DSM_ACC_GYRO_driver_HL.o
LOAD ./Drivers/BSP/Components/STC3115_Driver.o
LOAD ./Drivers/BSP/SensorTile/SensorTile.o
LOAD ./Drivers/BSP/SensorTile/SensorTile_accelero.o
LOAD ./Drivers/BSP/SensorTile/SensorTile_gg.o
LOAD ./Drivers/BSP/SensorTile/SensorTile_gyro.o
LOAD ./Drivers/BSP/SensorTile/SensorTile_humidity.o
LOAD ./Drivers/BSP/SensorTile/SensorTile_magneto.o
LOAD ./Drivers/BSP/SensorTile/SensorTile_pressure.o
LOAD ./Drivers/BSP/SensorTile/SensorTile_sd.o
LOAD ./Drivers/BSP/SensorTile/SensorTile_temperature.o
LOAD ./Drivers/CMSIS/system_stm32l4xx.o
LOAD ./Drivers/STM32L4xx_HAL_Driver/stm32l4xx_hal.o
LOAD ./Drivers/STM32L4xx_HAL_Driver/stm32l4xx_hal_cortex.o
LOAD ./Drivers/STM32L4xx_HAL_Driver/stm32l4xx_hal_dma.o
LOAD ./Drivers/STM32L4xx_HAL_Driver/stm32l4xx_hal_gpio.o
LOAD ./Drivers/STM32L4xx_HAL_Driver/stm32l4xx_hal_i2c.o
LOAD ./Drivers/STM32L4xx_HAL_Driver/stm32l4xx_hal_i2c_ex.o
LOAD ./Drivers/STM32L4xx_HAL_Driver/stm32l4xx_hal_pcd.o
LOAD ./Drivers/STM32L4xx_HAL_Driver/stm32l4xx_hal_pcd_ex.o
LOAD ./Drivers/STM32L4xx_HAL_Driver/stm32l4xx_hal_pwr.o
LOAD ./Drivers/STM32L4xx_HAL_Driver/stm32l4xx_hal_pwr_ex.o
LOAD ./Drivers/STM32L4xx_HAL_Driver/stm32l4xx_hal_rcc.o
LOAD ./Drivers/STM32L4xx_HAL_Driver/stm32l4xx_hal_rcc_ex.o
LOAD ./Drivers/STM32L4xx_HAL_Driver/stm32l4xx_hal_rtc.o
LOAD ./Drivers/STM32L4xx_HAL_Driver/stm32l4xx_hal_rtc_ex.o
LOAD ./Drivers/STM32L4xx_HAL_Driver/stm32l4xx_hal_spi.o
LOAD ./Drivers/STM32L4xx_HAL_Driver/stm32l4xx_hal_spi_ex.o
LOAD ./Drivers/STM32L4xx_HAL_Driver/stm32l4xx_hal_tim.o
LOAD ./Drivers/STM32L4xx_HAL_Driver/stm32l4xx_hal_tim_ex.o
LOAD ./Drivers/STM32L4xx_HAL_Driver/stm32l4xx_ll_usb.o
LOAD ./Middlewares/FatFs/diskio.o
LOAD ./Middlewares/FatFs/ff.o
LOAD ./Middlewares/FatFs/ff_gen_drv.o
LOAD ./Middlewares/FatFs/sd_diskio.o
LOAD ./Middlewares/FatFs/syscall.o
LOAD ./Middlewares/FatFs/unicode.o
LOAD ./Middlewares/STM32_USBD_Library/Class/usbd_cdc.o
LOAD ./Middlewares/STM32_USBD_Library/Core/usbd_core.o
LOAD ./Middlewares/STM32_USBD_Library/Core/usbd_ctlreq.o
LOAD ./Middlewares/STM32_USBD_Library/Core/usbd_ioreq.o
START GROUP
LOAD /Applications/STM32CubeIDE.app/Contents/Eclipse/plugins/com.st.stm32cube.ide.mcu.externaltools.gnu-tools-for-stm32.10.3-2021.10.macos64_1.0.0.202111181127/tools/bin/../lib/gcc/arm-none-eabi/10.3.1/../../../../arm-none-eabi/lib/thumb/v7e-m+fp/hard/libc_nano.a
LOAD /Applications/STM32CubeIDE.app/Contents/Eclipse/plugins/com.st.stm32cube.ide.mcu.externaltools.gnu-tools-for-stm32.10.3-2021.10.macos64_1.0.0.202111181127/tools/bin/../lib/gcc/arm-none-eabi/10.3.1/../../../../arm-none-eabi/lib/thumb/v7e-m+fp/hard/libm.a
END GROUP
START GROUP
LOAD /Applications/STM32CubeIDE.app/Contents/Eclipse/plugins/com.st.stm32cube.ide.mcu.externaltools.gnu-tools-for-stm32.10.3-2021.10.macos64_1.0.0.202111181127/tools/bin/../lib/gcc/arm-none-eabi/10.3.1/thumb/v7e-m+fp/hard/libgcc.a
LOAD /Applications/STM32CubeIDE.app/Contents/Eclipse/plugins/com.st.stm32cube.ide.mcu.externaltools.gnu-tools-for-stm32.10.3-2021.10.macos64_1.0.0.202111181127/tools/bin/../lib/gcc/arm-none-eabi/10.3.1/../../../../arm-none-eabi/lib/thumb/v7e-m+fp/hard/libc_nano.a
END GROUP
START GROUP
LOAD /Applications/STM32CubeIDE.app/Contents/Eclipse/plugins/com.st.stm32cube.ide.mcu.externaltools.gnu-tools-for-stm32.10.3-2021.10.macos64_1.0.0.202111181127/tools/bin/../lib/gcc/arm-none-eabi/10.3.1/thumb/v7e-m+fp/hard/libgcc.a
LOAD /Applications/STM32CubeIDE.app/Contents/Eclipse/plugins/com.st.stm32cube.ide.mcu.externaltools.gnu-tools-for-stm32.10.3-2021.10.macos64_1.0.0.202111181127/tools/bin/../lib/gcc/arm-none-eabi/10.3.1/../../../../arm-none-eabi/lib/thumb/v7e-m+fp/hard/libc_nano.a
END GROUP
LOAD /Applications/STM32CubeIDE.app/Contents/Eclipse/plugins/com.st.stm32cube.ide.mcu.externaltools.gnu-tools-for-stm32.10.3-2021.10.macos64_1.0.0.202111181127/tools/bin/../lib/gcc/arm-none-eabi/10.3.1/thumb/v7e-m+fp/hard/crtend.o
LOAD /Applications/STM32CubeIDE.app/Contents/Eclipse/plugins/com.st.stm32cube.ide.mcu.externaltools.gnu-tools-for-stm32.10.3-2021.10.macos64_1.0.0.202111181127/tools/bin/../lib/gcc/arm-none-eabi/10.3.1/thumb/v7e-m+fp/hard/crtn.o
                0x0000000020017fff                _estack = 0x20017fff
                0x0000000000002000                _Min_Heap_Size = 0x2000
                0x0000000000002000                _Min_Stack_Size = 0x2000

.isr_vector     0x0000000008004000      0x188
                0x0000000008004000                . = ALIGN (0x8)
 *(.isr_vector)
 .isr_vector    0x0000000008004000      0x188 ./DataLog/SW4STM32/startup_stm32l476xx.o
                0x0000000008004000                g_pfnVectors
                0x0000000008004188                . = ALIGN (0x8)

.text           0x0000000008004190    0x1d950
                0x0000000008004190                . = ALIGN (0x8)
 *(.text)
 .text          0x0000000008004190       0x40 /Applications/STM32CubeIDE.app/Contents/Eclipse/plugins/com.st.stm32cube.ide.mcu.externaltools.gnu-tools-for-stm32.10.3-2021.10.macos64_1.0.0.202111181127/tools/bin/../lib/gcc/arm-none-eabi/10.3.1/thumb/v7e-m+fp/hard/crtbegin.o
 .text          0x00000000080041d0       0x10 /Applications/STM32CubeIDE.app/Contents/Eclipse/plugins/com.st.stm32cube.ide.mcu.externaltools.gnu-tools-for-stm32.10.3-2021.10.macos64_1.0.0.202111181127/tools/bin/../lib/gcc/arm-none-eabi/10.3.1/../../../../arm-none-eabi/lib/thumb/v7e-m+fp/hard/libc_nano.a(lib_a-strlen.o)
                0x00000000080041d0                strlen
 .text          0x00000000080041e0       0xa0 /Applications/STM32CubeIDE.app/Contents/Eclipse/plugins/com.st.stm32cube.ide.mcu.externaltools.gnu-tools-for-stm32.10.3-2021.10.macos64_1.0.0.202111181127/tools/bin/../lib/gcc/arm-none-eabi/10.3.1/../../../../arm-none-eabi/lib/thumb/v7e-m+fp/hard/libc_nano.a(lib_a-memchr.o)
                0x00000000080041e0                memchr
 .text          0x0000000008004280      0x378 /Applications/STM32CubeIDE.app/Contents/Eclipse/plugins/com.st.stm32cube.ide.mcu.externaltools.gnu-tools-for-stm32.10.3-2021.10.macos64_1.0.0.202111181127/tools/bin/../lib/gcc/arm-none-eabi/10.3.1/thumb/v7e-m+fp/hard/libgcc.a(_arm_addsubdf3.o)
                0x0000000008004280                __aeabi_drsub
                0x0000000008004288                __subdf3
                0x0000000008004288                __aeabi_dsub
                0x000000000800428c                __aeabi_dadd
                0x000000000800428c                __adddf3
                0x0000000008004504                __aeabi_ui2d
                0x0000000008004504                __floatunsidf
                0x0000000008004524                __floatsidf
                0x0000000008004524                __aeabi_i2d
                0x0000000008004548                __extendsfdf2
                0x0000000008004548                __aeabi_f2d
                0x000000000800458c                __aeabi_ul2d
                0x000000000800458c                __floatundidf
                0x000000000800459c                __aeabi_l2d
                0x000000000800459c                __floatdidf
 .text          0x00000000080045f8      0x424 /Applications/STM32CubeIDE.app/Contents/Eclipse/plugins/com.st.stm32cube.ide.mcu.externaltools.gnu-tools-for-stm32.10.3-2021.10.macos64_1.0.0.202111181127/tools/bin/../lib/gcc/arm-none-eabi/10.3.1/thumb/v7e-m+fp/hard/libgcc.a(_arm_muldivdf3.o)
                0x00000000080045f8                __aeabi_dmul
                0x00000000080045f8                __muldf3
                0x000000000800484c                __aeabi_ddiv
                0x000000000800484c                __divdf3
 .text          0x0000000008004a1c      0x110 /Applications/STM32CubeIDE.app/Contents/Eclipse/plugins/com.st.stm32cube.ide.mcu.externaltools.gnu-tools-for-stm32.10.3-2021.10.macos64_1.0.0.202111181127/tools/bin/../lib/gcc/arm-none-eabi/10.3.1/thumb/v7e-m+fp/hard/libgcc.a(_arm_cmpdf2.o)
                0x0000000008004a1c                __gedf2
                0x0000000008004a1c                __gtdf2
                0x0000000008004a24                __ledf2
                0x0000000008004a24                __ltdf2
                0x0000000008004a2c                __cmpdf2
                0x0000000008004a2c                __eqdf2
                0x0000000008004a2c                __nedf2
                0x0000000008004aa8                __aeabi_cdrcmple
                0x0000000008004ab8                __aeabi_cdcmple
                0x0000000008004ab8                __aeabi_cdcmpeq
                0x0000000008004ac8                __aeabi_dcmpeq
                0x0000000008004adc                __aeabi_dcmplt
                0x0000000008004af0                __aeabi_dcmple
                0x0000000008004b04                __aeabi_dcmpge
                0x0000000008004b18                __aeabi_dcmpgt
 .text          0x0000000008004b2c       0x2c /Applications/STM32CubeIDE.app/Contents/Eclipse/plugins/com.st.stm32cube.ide.mcu.externaltools.gnu-tools-for-stm32.10.3-2021.10.macos64_1.0.0.202111181127/tools/bin/../lib/gcc/arm-none-eabi/10.3.1/thumb/v7e-m+fp/hard/libgcc.a(_arm_unorddf2.o)
                0x0000000008004b2c                __aeabi_dcmpun
                0x0000000008004b2c                __unorddf2
 .text          0x0000000008004b58       0x50 /Applications/STM32CubeIDE.app/Contents/Eclipse/plugins/com.st.stm32cube.ide.mcu.externaltools.gnu-tools-for-stm32.10.3-2021.10.macos64_1.0.0.202111181127/tools/bin/../lib/gcc/arm-none-eabi/10.3.1/thumb/v7e-m+fp/hard/libgcc.a(_arm_fixdfsi.o)
                0x0000000008004b58                __fixdfsi
                0x0000000008004b58                __aeabi_d2iz
 .text          0x0000000008004ba8       0x40 /Applications/STM32CubeIDE.app/Contents/Eclipse/plugins/com.st.stm32cube.ide.mcu.externaltools.gnu-tools-for-stm32.10.3-2021.10.macos64_1.0.0.202111181127/tools/bin/../lib/gcc/arm-none-eabi/10.3.1/thumb/v7e-m+fp/hard/libgcc.a(_arm_fixunsdfsi.o)
                0x0000000008004ba8                __fixunsdfsi
                0x0000000008004ba8                __aeabi_d2uiz
 .text          0x0000000008004be8       0xa0 /Applications/STM32CubeIDE.app/Contents/Eclipse/plugins/com.st.stm32cube.ide.mcu.externaltools.gnu-tools-for-stm32.10.3-2021.10.macos64_1.0.0.202111181127/tools/bin/../lib/gcc/arm-none-eabi/10.3.1/thumb/v7e-m+fp/hard/libgcc.a(_arm_truncdfsf2.o)
                0x0000000008004be8                __aeabi_d2f
                0x0000000008004be8                __truncdfsf2
 .text          0x0000000008004c88       0xa0 /Applications/STM32CubeIDE.app/Contents/Eclipse/plugins/com.st.stm32cube.ide.mcu.externaltools.gnu-tools-for-stm32.10.3-2021.10.macos64_1.0.0.202111181127/tools/bin/../lib/gcc/arm-none-eabi/10.3.1/thumb/v7e-m+fp/hard/libgcc.a(_aeabi_ldivmod.o)
                0x0000000008004c88                __aeabi_ldivmod
 .text          0x0000000008004d28       0x30 /Applications/STM32CubeIDE.app/Contents/Eclipse/plugins/com.st.stm32cube.ide.mcu.externaltools.gnu-tools-for-stm32.10.3-2021.10.macos64_1.0.0.202111181127/tools/bin/../lib/gcc/arm-none-eabi/10.3.1/thumb/v7e-m+fp/hard/libgcc.a(_fixdfdi.o)
                0x0000000008004d28                __aeabi_d2lz
                0x0000000008004d28                __fixdfdi
 .text          0x0000000008004d58       0x3c /Applications/STM32CubeIDE.app/Contents/Eclipse/plugins/com.st.stm32cube.ide.mcu.externaltools.gnu-tools-for-stm32.10.3-2021.10.macos64_1.0.0.202111181127/tools/bin/../lib/gcc/arm-none-eabi/10.3.1/thumb/v7e-m+fp/hard/libgcc.a(_fixunsdfdi.o)
                0x0000000008004d58                __aeabi_d2ulz
                0x0000000008004d58                __fixunsdfdi
 .text          0x0000000008004d94      0x2d0 /Applications/STM32CubeIDE.app/Contents/Eclipse/plugins/com.st.stm32cube.ide.mcu.externaltools.gnu-tools-for-stm32.10.3-2021.10.macos64_1.0.0.202111181127/tools/bin/../lib/gcc/arm-none-eabi/10.3.1/thumb/v7e-m+fp/hard/libgcc.a(_udivmoddi4.o)
                0x0000000008004d94                __udivmoddi4
 .text          0x0000000008005064        0x4 /Applications/STM32CubeIDE.app/Contents/Eclipse/plugins/com.st.stm32cube.ide.mcu.externaltools.gnu-tools-for-stm32.10.3-2021.10.macos64_1.0.0.202111181127/tools/bin/../lib/gcc/arm-none-eabi/10.3.1/thumb/v7e-m+fp/hard/libgcc.a(_dvmd_tls.o)
                0x0000000008005064                __aeabi_ldiv0
                0x0000000008005064                __aeabi_idiv0
 *(.text*)
 .text.Reset_Handler
                0x0000000008005068       0x50 ./DataLog/SW4STM32/startup_stm32l476xx.o
                0x0000000008005068                Reset_Handler
 .text.Default_Handler
                0x00000000080050b8        0x2 ./DataLog/SW4STM32/startup_stm32l476xx.o
                0x00000000080050b8                TIM1_BRK_TIM15_IRQHandler
                0x00000000080050b8                TIM8_TRG_COM_IRQHandler
                0x00000000080050b8                TIM8_CC_IRQHandler
                0x00000000080050b8                TIM1_CC_IRQHandler
                0x00000000080050b8                TSC_IRQHandler
                0x00000000080050b8                TAMP_STAMP_IRQHandler
                0x00000000080050b8                PendSV_Handler
                0x00000000080050b8                EXTI3_IRQHandler
                0x00000000080050b8                LPTIM2_IRQHandler
                0x00000000080050b8                DFSDM1_FLT1_IRQHandler
                0x00000000080050b8                I2C3_ER_IRQHandler
                0x00000000080050b8                DFSDM1_FLT2_IRQHandler
                0x00000000080050b8                EXTI0_IRQHandler
                0x00000000080050b8                I2C2_EV_IRQHandler
                0x00000000080050b8                CAN1_RX0_IRQHandler
                0x00000000080050b8                FPU_IRQHandler
                0x00000000080050b8                TIM1_UP_TIM16_IRQHandler
                0x00000000080050b8                UsageFault_Handler
                0x00000000080050b8                ADC1_2_IRQHandler
                0x00000000080050b8                SPI1_IRQHandler
                0x00000000080050b8                TIM6_DAC_IRQHandler
                0x00000000080050b8                TIM8_UP_IRQHandler
                0x00000000080050b8                DMA2_Channel2_IRQHandler
                0x00000000080050b8                DMA1_Channel4_IRQHandler
                0x00000000080050b8                SAI2_IRQHandler
                0x00000000080050b8                DFSDM1_FLT3_IRQHandler
                0x00000000080050b8                USART3_IRQHandler
                0x00000000080050b8                DMA1_Channel7_IRQHandler
                0x00000000080050b8                CAN1_RX1_IRQHandler
                0x00000000080050b8                LCD_IRQHandler
                0x00000000080050b8                UART5_IRQHandler
                0x00000000080050b8                ADC3_IRQHandler
                0x00000000080050b8                TIM4_IRQHandler
                0x00000000080050b8                DMA2_Channel1_IRQHandler
                0x00000000080050b8                QUADSPI_IRQHandler
                0x00000000080050b8                I2C1_EV_IRQHandler
                0x00000000080050b8                DMA1_Channel6_IRQHandler
                0x00000000080050b8                UART4_IRQHandler
                0x00000000080050b8                DMA2_Channel4_IRQHandler
                0x00000000080050b8                RCC_IRQHandler
                0x00000000080050b8                DMA1_Channel1_IRQHandler
                0x00000000080050b8                Default_Handler
                0x00000000080050b8                DMA2_Channel7_IRQHandler
                0x00000000080050b8                EXTI15_10_IRQHandler
                0x00000000080050b8                TIM7_IRQHandler
                0x00000000080050b8                SDMMC1_IRQHandler
                0x00000000080050b8                TIM5_IRQHandler
                0x00000000080050b8                I2C3_EV_IRQHandler
                0x00000000080050b8                EXTI9_5_IRQHandler
                0x00000000080050b8                RTC_WKUP_IRQHandler
                0x00000000080050b8                PVD_PVM_IRQHandler
                0x00000000080050b8                SPI2_IRQHandler
                0x00000000080050b8                MemManage_Handler
                0x00000000080050b8                CAN1_TX_IRQHandler
                0x00000000080050b8                SVC_Handler
                0x00000000080050b8                DMA2_Channel5_IRQHandler
                0x00000000080050b8                DMA1_Channel5_IRQHandler
                0x00000000080050b8                EXTI4_IRQHandler
                0x00000000080050b8                RNG_IRQHandler
                0x00000000080050b8                TIM1_TRG_COM_TIM17_IRQHandler
                0x00000000080050b8                DMA1_Channel3_IRQHandler
                0x00000000080050b8                COMP_IRQHandler
                0x00000000080050b8                WWDG_IRQHandler
                0x00000000080050b8                LPUART1_IRQHandler
                0x00000000080050b8                DMA2_Channel6_IRQHandler
                0x00000000080050b8                TIM2_IRQHandler
                0x00000000080050b8                EXTI1_IRQHandler
                0x00000000080050b8                USART2_IRQHandler
                0x00000000080050b8                DFSDM1_FLT0_IRQHandler
                0x00000000080050b8                I2C2_ER_IRQHandler
                0x00000000080050b8                DMA1_Channel2_IRQHandler
                0x00000000080050b8                TIM8_BRK_IRQHandler
                0x00000000080050b8                CAN1_SCE_IRQHandler
                0x00000000080050b8                FLASH_IRQHandler
                0x00000000080050b8                BusFault_Handler
                0x00000000080050b8                USART1_IRQHandler
                0x00000000080050b8                SPI3_IRQHandler
                0x00000000080050b8                I2C1_ER_IRQHandler
                0x00000000080050b8                FMC_IRQHandler
                0x00000000080050b8                SWPMI1_IRQHandler
                0x00000000080050b8                LPTIM1_IRQHandler
                0x00000000080050b8                SAI1_IRQHandler
                0x00000000080050b8                DMA2_Channel3_IRQHandler
                0x00000000080050b8                RTC_Alarm_IRQHandler
 *fill*         0x00000000080050ba        0x2 
 .text.SystemClock_Config
                0x00000000080050bc      0x144 ./DataLog/User/cube_hal_l4.o
                0x00000000080050bc                SystemClock_Config
 .text.Error_Handler
                0x0000000008005200        0x6 ./DataLog/User/cube_hal_l4.o
 *fill*         0x0000000008005206        0x2 
 .text.DATALOG_SD_Init
                0x0000000008005208       0x54 ./DataLog/User/datalog_application.o
                0x0000000008005208                DATALOG_SD_Init
 .text.BP_ANN   0x000000000800525c      0x97e ./DataLog/User/embeddedML.o
                0x000000000800525c                BP_ANN
 .text.train_ann
                0x0000000008005bda       0x9a ./DataLog/User/embeddedML.o
                0x0000000008005bda                train_ann
 .text.FP_ANN   0x0000000008005c74      0x22a ./DataLog/User/embeddedML.o
                0x0000000008005c74                FP_ANN
 .text.run_ann  0x0000000008005e9e       0x24 ./DataLog/User/embeddedML.o
                0x0000000008005e9e                run_ann
 *fill*         0x0000000008005ec2        0x2 
 .text.init_ann
                0x0000000008005ec4       0x8c ./DataLog/User/embeddedML.o
                0x0000000008005ec4                init_ann
 .text.fill_zeros
                0x0000000008005f50       0x3a ./DataLog/User/embeddedML.o
                0x0000000008005f50                fill_zeros
 .text.fill_number
                0x0000000008005f8a       0x3c ./DataLog/User/embeddedML.o
                0x0000000008005f8a                fill_number
 *fill*         0x0000000008005fc6        0x2 
 .text.relu     0x0000000008005fc8       0x88 ./DataLog/User/embeddedML.o
                0x0000000008005fc8                relu
 .text.relu2    0x0000000008006050       0xb8 ./DataLog/User/embeddedML.o
                0x0000000008006050                relu2
 .text.relu_derivative
                0x0000000008006108       0x50 ./DataLog/User/embeddedML.o
                0x0000000008006108                relu_derivative
 .text.relu2_derivative
                0x0000000008006158       0x50 ./DataLog/User/embeddedML.o
                0x0000000008006158                relu2_derivative
 .text.motion_softmax
                0x00000000080061a8      0x15c ./DataLog/User/main.o
                0x00000000080061a8                motion_softmax
 .text.LED_Code_Blink
                0x0000000008006304       0xa4 ./DataLog/User/main.o
                0x0000000008006304                LED_Code_Blink
 .text.getAccel
                0x00000000080063a8       0x64 ./DataLog/User/main.o
                0x00000000080063a8                getAccel
 .text.getAngularVelocity
                0x000000000800640c       0x64 ./DataLog/User/main.o
                0x000000000800640c                getAngularVelocity
 .text.Feature_Extraction_State_0
                0x0000000008006470      0x188 ./DataLog/User/main.o
                0x0000000008006470                Feature_Extraction_State_0
 .text.Feature_Extraction_State_1
                0x00000000080065f8      0x3fc ./DataLog/User/main.o
                0x00000000080065f8                Feature_Extraction_State_1
 *fill*         0x00000000080069f4        0x4 
 .text.printOutput_ANN
                0x00000000080069f8      0x5f4 ./DataLog/User/main.o
                0x00000000080069f8                printOutput_ANN
 .text.TrainOrientation
                0x0000000008006fec      0xc5c ./DataLog/User/main.o
                0x0000000008006fec                TrainOrientation
 .text.Accel_Gyro_Sensor_Handler
                0x0000000008007c48      0x4b0 ./DataLog/User/main.o
                0x0000000008007c48                Accel_Gyro_Sensor_Handler
 .text.main     0x00000000080080f8      0x354 ./DataLog/User/main.o
                0x00000000080080f8                main
 .text.initializeAllSensors
                0x000000000800844c       0xe8 ./DataLog/User/main.o
 .text.enableAllSensors
                0x0000000008008534       0x88 ./DataLog/User/main.o
                0x0000000008008534                enableAllSensors
 .text.RTC_Config
                0x00000000080085bc       0x4c ./DataLog/User/main.o
 .text.RTC_TimeStampConfig
                0x0000000008008608       0x68 ./DataLog/User/main.o
 .text.HAL_GPIO_EXTI_Callback
                0x0000000008008670       0x20 ./DataLog/User/main.o
                0x0000000008008670                HAL_GPIO_EXTI_Callback
 .text.Error_Handler
                0x0000000008008690        0x6 ./DataLog/User/main.o
 *fill*         0x0000000008008696        0x2 
 .text.HAL_RTC_MspInit
                0x0000000008008698       0x34 ./DataLog/User/stm32l4xx_hal_msp.o
                0x0000000008008698                HAL_RTC_MspInit
 .text.NMI_Handler
                0x00000000080086cc        0xe ./DataLog/User/stm32l4xx_it.o
                0x00000000080086cc                NMI_Handler
 .text.HardFault_Handler
                0x00000000080086da        0x6 ./DataLog/User/stm32l4xx_it.o
                0x00000000080086da                HardFault_Handler
 .text.DebugMon_Handler
                0x00000000080086e0        0xe ./DataLog/User/stm32l4xx_it.o
                0x00000000080086e0                DebugMon_Handler
 .text.SysTick_Handler
                0x00000000080086ee        0xc ./DataLog/User/stm32l4xx_it.o
                0x00000000080086ee                SysTick_Handler
 *fill*         0x00000000080086fa        0x2 
 .text.OTG_FS_IRQHandler
                0x00000000080086fc       0x14 ./DataLog/User/stm32l4xx_it.o
                0x00000000080086fc                OTG_FS_IRQHandler
 .text.TIM3_IRQHandler
                0x0000000008008710       0x14 ./DataLog/User/stm32l4xx_it.o
                0x0000000008008710                TIM3_IRQHandler
 .text.EXTI2_IRQHandler
                0x0000000008008724        0xe ./DataLog/User/stm32l4xx_it.o
                0x0000000008008724                EXTI2_IRQHandler
 *fill*         0x0000000008008732        0x2 
 .text._sbrk    0x0000000008008734       0x58 ./DataLog/User/syscalls.o
                0x0000000008008734                _sbrk
 .text._getpid  0x000000000800878c       0x10 ./DataLog/User/syscalls.o
                0x000000000800878c                _getpid
 .text._kill    0x000000000800879c       0x20 ./DataLog/User/syscalls.o
                0x000000000800879c                _kill
 .text._exit    0x00000000080087bc       0x14 ./DataLog/User/syscalls.o
                0x00000000080087bc                _exit
 .text._write   0x00000000080087d0       0x38 ./DataLog/User/syscalls.o
                0x00000000080087d0                _write
 .text._close   0x0000000008008808       0x18 ./DataLog/User/syscalls.o
                0x0000000008008808                _close
 .text._fstat   0x0000000008008820       0x20 ./DataLog/User/syscalls.o
                0x0000000008008820                _fstat
 .text._isatty  0x0000000008008840       0x16 ./DataLog/User/syscalls.o
                0x0000000008008840                _isatty
 .text._lseek   0x0000000008008856       0x1a ./DataLog/User/syscalls.o
                0x0000000008008856                _lseek
 .text._read    0x0000000008008870       0x22 ./DataLog/User/syscalls.o
                0x0000000008008870                _read
 *fill*         0x0000000008008892        0x2 
 .text.CDC_Itf_Init
                0x0000000008008894       0x74 ./DataLog/User/usbd_cdc_interface.o
 .text.CDC_Itf_DeInit
                0x0000000008008908       0x10 ./DataLog/User/usbd_cdc_interface.o
 .text.CDC_Itf_Control
                0x0000000008008918      0x15c ./DataLog/User/usbd_cdc_interface.o
 .text.CDC_Fill_Buffer
                0x0000000008008a74       0x54 ./DataLog/User/usbd_cdc_interface.o
                0x0000000008008a74                CDC_Fill_Buffer
 .text.HAL_TIM_PeriodElapsedCallback
                0x0000000008008ac8       0x90 ./DataLog/User/usbd_cdc_interface.o
                0x0000000008008ac8                HAL_TIM_PeriodElapsedCallback
 .text.CDC_Itf_Receive
                0x0000000008008b58       0x18 ./DataLog/User/usbd_cdc_interface.o
 .text.TIM_Config
                0x0000000008008b70       0x40 ./DataLog/User/usbd_cdc_interface.o
 .text.Error_Handler
                0x0000000008008bb0        0xe ./DataLog/User/usbd_cdc_interface.o
 *fill*         0x0000000008008bbe        0x2 
 .text.HAL_PCD_MspInit
                0x0000000008008bc0       0x78 ./DataLog/User/usbd_conf.o
                0x0000000008008bc0                HAL_PCD_MspInit
 .text.HAL_PCD_SetupStageCallback
                0x0000000008008c38       0x24 ./DataLog/User/usbd_conf.o
                0x0000000008008c38                HAL_PCD_SetupStageCallback
 .text.HAL_PCD_DataOutStageCallback
                0x0000000008008c5c       0x36 ./DataLog/User/usbd_conf.o
                0x0000000008008c5c                HAL_PCD_DataOutStageCallback
 .text.HAL_PCD_DataInStageCallback
                0x0000000008008c92       0x34 ./DataLog/User/usbd_conf.o
                0x0000000008008c92                HAL_PCD_DataInStageCallback
 .text.HAL_PCD_SOFCallback
                0x0000000008008cc6       0x1c ./DataLog/User/usbd_conf.o
                0x0000000008008cc6                HAL_PCD_SOFCallback
 .text.HAL_PCD_ResetCallback
                0x0000000008008ce2       0x2a ./DataLog/User/usbd_conf.o
                0x0000000008008ce2                HAL_PCD_ResetCallback
 .text.HAL_PCD_SuspendCallback
                0x0000000008008d0c       0x1c ./DataLog/User/usbd_conf.o
                0x0000000008008d0c                HAL_PCD_SuspendCallback
 .text.HAL_PCD_ResumeCallback
                0x0000000008008d28       0x1c ./DataLog/User/usbd_conf.o
                0x0000000008008d28                HAL_PCD_ResumeCallback
 .text.HAL_PCD_ISOOUTIncompleteCallback
                0x0000000008008d44       0x24 ./DataLog/User/usbd_conf.o
                0x0000000008008d44                HAL_PCD_ISOOUTIncompleteCallback
 .text.HAL_PCD_ISOINIncompleteCallback
                0x0000000008008d68       0x24 ./DataLog/User/usbd_conf.o
                0x0000000008008d68                HAL_PCD_ISOINIncompleteCallback
 .text.HAL_PCD_ConnectCallback
                0x0000000008008d8c       0x1c ./DataLog/User/usbd_conf.o
                0x0000000008008d8c                HAL_PCD_ConnectCallback
 .text.HAL_PCD_DisconnectCallback
                0x0000000008008da8       0x1c ./DataLog/User/usbd_conf.o
                0x0000000008008da8                HAL_PCD_DisconnectCallback
 .text.USBD_LL_Init
                0x0000000008008dc4       0x94 ./DataLog/User/usbd_conf.o
                0x0000000008008dc4                USBD_LL_Init
 .text.USBD_LL_Start
                0x0000000008008e58       0x1e ./DataLog/User/usbd_conf.o
                0x0000000008008e58                USBD_LL_Start
 .text.USBD_LL_OpenEP
                0x0000000008008e76       0x34 ./DataLog/User/usbd_conf.o
                0x0000000008008e76                USBD_LL_OpenEP
 .text.USBD_LL_CloseEP
                0x0000000008008eaa       0x26 ./DataLog/User/usbd_conf.o
                0x0000000008008eaa                USBD_LL_CloseEP
 .text.USBD_LL_StallEP
                0x0000000008008ed0       0x26 ./DataLog/User/usbd_conf.o
                0x0000000008008ed0                USBD_LL_StallEP
 .text.USBD_LL_ClearStallEP
                0x0000000008008ef6       0x26 ./DataLog/User/usbd_conf.o
                0x0000000008008ef6                USBD_LL_ClearStallEP
 .text.USBD_LL_IsStallEP
                0x0000000008008f1c       0x58 ./DataLog/User/usbd_conf.o
                0x0000000008008f1c                USBD_LL_IsStallEP
 .text.USBD_LL_SetUSBAddress
                0x0000000008008f74       0x26 ./DataLog/User/usbd_conf.o
                0x0000000008008f74                USBD_LL_SetUSBAddress
 .text.USBD_LL_Transmit
                0x0000000008008f9a       0x2e ./DataLog/User/usbd_conf.o
                0x0000000008008f9a                USBD_LL_Transmit
 .text.USBD_LL_PrepareReceive
                0x0000000008008fc8       0x2e ./DataLog/User/usbd_conf.o
                0x0000000008008fc8                USBD_LL_PrepareReceive
 .text.USBD_LL_GetRxDataSize
                0x0000000008008ff6       0x26 ./DataLog/User/usbd_conf.o
                0x0000000008008ff6                USBD_LL_GetRxDataSize
 .text.USBD_VCP_DeviceDescriptor
                0x000000000800901c       0x24 ./DataLog/User/usbd_desc.o
                0x000000000800901c                USBD_VCP_DeviceDescriptor
 .text.USBD_VCP_LangIDStrDescriptor
                0x0000000008009040       0x24 ./DataLog/User/usbd_desc.o
                0x0000000008009040                USBD_VCP_LangIDStrDescriptor
 .text.USBD_VCP_ProductStrDescriptor
                0x0000000008009064       0x28 ./DataLog/User/usbd_desc.o
                0x0000000008009064                USBD_VCP_ProductStrDescriptor
 .text.USBD_VCP_ManufacturerStrDescriptor
                0x000000000800908c       0x28 ./DataLog/User/usbd_desc.o
                0x000000000800908c                USBD_VCP_ManufacturerStrDescriptor
 .text.USBD_VCP_SerialStrDescriptor
                0x00000000080090b4       0x24 ./DataLog/User/usbd_desc.o
                0x00000000080090b4                USBD_VCP_SerialStrDescriptor
 .text.USBD_VCP_ConfigStrDescriptor
                0x00000000080090d8       0x28 ./DataLog/User/usbd_desc.o
                0x00000000080090d8                USBD_VCP_ConfigStrDescriptor
 .text.USBD_VCP_InterfaceStrDescriptor
                0x0000000008009100       0x28 ./DataLog/User/usbd_desc.o
                0x0000000008009100                USBD_VCP_InterfaceStrDescriptor
 .text.Get_SerialNum
                0x0000000008009128       0x58 ./DataLog/User/usbd_desc.o
 .text.IntToUnicode
                0x0000000008009180       0x7e ./DataLog/User/usbd_desc.o
 .text.HTS221_ReadReg
                0x00000000080091fe       0x32 ./Drivers/BSP/Components/HTS221_Driver.o
                0x00000000080091fe                HTS221_ReadReg
 .text.HTS221_WriteReg
                0x0000000008009230       0x32 ./Drivers/BSP/Components/HTS221_Driver.o
                0x0000000008009230                HTS221_WriteReg
 .text.HTS221_Get_DeviceID
                0x0000000008009262       0x2a ./Drivers/BSP/Components/HTS221_Driver.o
                0x0000000008009262                HTS221_Get_DeviceID
 .text.HTS221_Get_Humidity
                0x000000000800928c      0x150 ./Drivers/BSP/Components/HTS221_Driver.o
                0x000000000800928c                HTS221_Get_Humidity
 .text.HTS221_Get_Temperature
                0x00000000080093dc      0x14a ./Drivers/BSP/Components/HTS221_Driver.o
                0x00000000080093dc                HTS221_Get_Temperature
 .text.HTS221_Get_DataStatus
                0x0000000008009526       0x48 ./Drivers/BSP/Components/HTS221_Driver.o
                0x0000000008009526                HTS221_Get_DataStatus
 .text.HTS221_Activate
                0x000000000800956e       0x4c ./Drivers/BSP/Components/HTS221_Driver.o
                0x000000000800956e                HTS221_Activate
 .text.HTS221_DeActivate
                0x00000000080095ba       0x4c ./Drivers/BSP/Components/HTS221_Driver.o
                0x00000000080095ba                HTS221_DeActivate
 *fill*         0x0000000008009606        0x2 
 .text.HTS221_Set_BduMode
                0x0000000008009608       0x7c ./Drivers/BSP/Components/HTS221_Driver.o
                0x0000000008009608                HTS221_Set_BduMode
 .text.HTS221_Set_Odr
                0x0000000008009684       0x80 ./Drivers/BSP/Components/HTS221_Driver.o
                0x0000000008009684                HTS221_Set_Odr
 .text.HTS221_Get_Odr
                0x0000000008009704       0x3c ./Drivers/BSP/Components/HTS221_Driver.o
                0x0000000008009704                HTS221_Get_Odr
 .text.HTS221_assert_failed
                0x0000000008009740       0x1c ./Drivers/BSP/Components/HTS221_Driver.o
                0x0000000008009740                HTS221_assert_failed
 .text.HTS221_H_Init
                0x000000000800975c       0x42 ./Drivers/BSP/Components/HTS221_Driver_HL.o
 .text.HTS221_H_DeInit
                0x000000000800979e       0x42 ./Drivers/BSP/Components/HTS221_Driver_HL.o
 .text.HTS221_H_Sensor_Enable
                0x00000000080097e0       0x4e ./Drivers/BSP/Components/HTS221_Driver_HL.o
 .text.HTS221_H_Sensor_Disable
                0x000000000800982e       0x4e ./Drivers/BSP/Components/HTS221_Driver_HL.o
 .text.HTS221_H_Get_WhoAmI
                0x000000000800987c       0x1c ./Drivers/BSP/Components/HTS221_Driver_HL.o
 .text.HTS221_H_Check_WhoAmI
                0x0000000008009898       0x18 ./Drivers/BSP/Components/HTS221_Driver_HL.o
 .text.HTS221_H_Get_Hum
                0x00000000080098b0       0x1c ./Drivers/BSP/Components/HTS221_Driver_HL.o
 .text.HTS221_H_Get_ODR
                0x00000000080098cc       0x1c ./Drivers/BSP/Components/HTS221_Driver_HL.o
 .text.HTS221_H_Set_ODR
                0x00000000080098e8       0x20 ./Drivers/BSP/Components/HTS221_Driver_HL.o
 .text.HTS221_H_Set_ODR_Value
                0x0000000008009908       0x20 ./Drivers/BSP/Components/HTS221_Driver_HL.o
 .text.HTS221_H_Read_Reg
                0x0000000008009928       0x2e ./Drivers/BSP/Components/HTS221_Driver_HL.o
 .text.HTS221_H_Write_Reg
                0x0000000008009956       0x30 ./Drivers/BSP/Components/HTS221_Driver_HL.o
 .text.HTS221_H_Get_DRDY_Status
                0x0000000008009986       0x4c ./Drivers/BSP/Components/HTS221_Driver_HL.o
 .text.HTS221_T_Init
                0x00000000080099d2       0x42 ./Drivers/BSP/Components/HTS221_Driver_HL.o
 .text.HTS221_T_DeInit
                0x0000000008009a14       0x42 ./Drivers/BSP/Components/HTS221_Driver_HL.o
 .text.HTS221_T_Sensor_Enable
                0x0000000008009a56       0x4e ./Drivers/BSP/Components/HTS221_Driver_HL.o
 .text.HTS221_T_Sensor_Disable
                0x0000000008009aa4       0x4e ./Drivers/BSP/Components/HTS221_Driver_HL.o
 .text.HTS221_T_Get_WhoAmI
                0x0000000008009af2       0x1c ./Drivers/BSP/Components/HTS221_Driver_HL.o
 .text.HTS221_T_Check_WhoAmI
                0x0000000008009b0e       0x18 ./Drivers/BSP/Components/HTS221_Driver_HL.o
 .text.HTS221_T_Get_Temp
                0x0000000008009b26       0x1c ./Drivers/BSP/Components/HTS221_Driver_HL.o
 .text.HTS221_T_Get_ODR
                0x0000000008009b42       0x1c ./Drivers/BSP/Components/HTS221_Driver_HL.o
 .text.HTS221_T_Set_ODR
                0x0000000008009b5e       0x20 ./Drivers/BSP/Components/HTS221_Driver_HL.o
 .text.HTS221_T_Set_ODR_Value
                0x0000000008009b7e       0x20 ./Drivers/BSP/Components/HTS221_Driver_HL.o
 .text.HTS221_T_Read_Reg
                0x0000000008009b9e       0x2e ./Drivers/BSP/Components/HTS221_Driver_HL.o
 .text.HTS221_T_Write_Reg
                0x0000000008009bcc       0x30 ./Drivers/BSP/Components/HTS221_Driver_HL.o
 .text.HTS221_T_Get_DRDY_Status
                0x0000000008009bfc       0x4c ./Drivers/BSP/Components/HTS221_Driver_HL.o
 .text.HTS221_Init
                0x0000000008009c48       0x56 ./Drivers/BSP/Components/HTS221_Driver_HL.o
 .text.HTS221_Sensor_Enable
                0x0000000008009c9e       0x22 ./Drivers/BSP/Components/HTS221_Driver_HL.o
 .text.HTS221_Sensor_Disable
                0x0000000008009cc0       0x22 ./Drivers/BSP/Components/HTS221_Driver_HL.o
 .text.HTS221_Get_WhoAmI
                0x0000000008009ce2       0x26 ./Drivers/BSP/Components/HTS221_Driver_HL.o
 .text.HTS221_Check_WhoAmI
                0x0000000008009d08       0x3a ./Drivers/BSP/Components/HTS221_Driver_HL.o
 .text.HTS221_Get_Hum
                0x0000000008009d42       0x46 ./Drivers/BSP/Components/HTS221_Driver_HL.o
 .text.HTS221_Get_Temp
                0x0000000008009d88       0x48 ./Drivers/BSP/Components/HTS221_Driver_HL.o
 .text.HTS221_Get_ODR
                0x0000000008009dd0       0x80 ./Drivers/BSP/Components/HTS221_Driver_HL.o
 .text.HTS221_Set_ODR
                0x0000000008009e50       0x6c ./Drivers/BSP/Components/HTS221_Driver_HL.o
 .text.HTS221_Set_ODR_Value
                0x0000000008009ebc       0x5a ./Drivers/BSP/Components/HTS221_Driver_HL.o
 .text.HTS221_Read_Reg
                0x0000000008009f16       0x2e ./Drivers/BSP/Components/HTS221_Driver_HL.o
 .text.HTS221_Write_Reg
                0x0000000008009f44       0x30 ./Drivers/BSP/Components/HTS221_Driver_HL.o
 .text.LPS22HB_ReadReg
                0x0000000008009f74       0x32 ./Drivers/BSP/Components/LPS22HB_Driver.o
                0x0000000008009f74                LPS22HB_ReadReg
 .text.LPS22HB_WriteReg
                0x0000000008009fa6       0x32 ./Drivers/BSP/Components/LPS22HB_Driver.o
                0x0000000008009fa6                LPS22HB_WriteReg
 .text.LPS22HB_Get_DeviceID
                0x0000000008009fd8       0x2a ./Drivers/BSP/Components/LPS22HB_Driver.o
                0x0000000008009fd8                LPS22HB_Get_DeviceID
 .text.LPS22HB_Set_PowerMode
                0x000000000800a002       0x5a ./Drivers/BSP/Components/LPS22HB_Driver.o
                0x000000000800a002                LPS22HB_Set_PowerMode
 .text.LPS22HB_Set_Odr
                0x000000000800a05c       0x5a ./Drivers/BSP/Components/LPS22HB_Driver.o
                0x000000000800a05c                LPS22HB_Set_Odr
 .text.LPS22HB_Get_Odr
                0x000000000800a0b6       0x38 ./Drivers/BSP/Components/LPS22HB_Driver.o
                0x000000000800a0b6                LPS22HB_Get_Odr
 .text.LPS22HB_Set_LowPassFilter
                0x000000000800a0ee       0x62 ./Drivers/BSP/Components/LPS22HB_Driver.o
                0x000000000800a0ee                LPS22HB_Set_LowPassFilter
 .text.LPS22HB_Set_LowPassFilterCutoff
                0x000000000800a150       0x5a ./Drivers/BSP/Components/LPS22HB_Driver.o
                0x000000000800a150                LPS22HB_Set_LowPassFilterCutoff
 .text.LPS22HB_Set_Bdu
                0x000000000800a1aa       0x5a ./Drivers/BSP/Components/LPS22HB_Driver.o
                0x000000000800a1aa                LPS22HB_Set_Bdu
 .text.LPS22HB_SwResetAndMemoryBoot
                0x000000000800a204       0x4c ./Drivers/BSP/Components/LPS22HB_Driver.o
                0x000000000800a204                LPS22HB_SwResetAndMemoryBoot
 .text.LPS22HB_Set_FifoModeUse
                0x000000000800a250       0x62 ./Drivers/BSP/Components/LPS22HB_Driver.o
                0x000000000800a250                LPS22HB_Set_FifoModeUse
 .text.LPS22HB_Set_FifoWatermarkLevelUse
                0x000000000800a2b2       0x62 ./Drivers/BSP/Components/LPS22HB_Driver.o
                0x000000000800a2b2                LPS22HB_Set_FifoWatermarkLevelUse
 .text.LPS22HB_Set_AutomaticIncrementRegAddress
                0x000000000800a314       0x62 ./Drivers/BSP/Components/LPS22HB_Driver.o
                0x000000000800a314                LPS22HB_Set_AutomaticIncrementRegAddress
 .text.LPS22HB_Set_I2C
                0x000000000800a376       0x66 ./Drivers/BSP/Components/LPS22HB_Driver.o
                0x000000000800a376                LPS22HB_Set_I2C
 .text.LPS22HB_Set_FIFO_OVR_Interrupt
                0x000000000800a3dc       0x62 ./Drivers/BSP/Components/LPS22HB_Driver.o
                0x000000000800a3dc                LPS22HB_Set_FIFO_OVR_Interrupt
 .text.LPS22HB_Set_FIFO_FTH_Interrupt
                0x000000000800a43e       0x62 ./Drivers/BSP/Components/LPS22HB_Driver.o
                0x000000000800a43e                LPS22HB_Set_FIFO_FTH_Interrupt
 .text.LPS22HB_Set_FIFO_FULL_Interrupt
                0x000000000800a4a0       0x62 ./Drivers/BSP/Components/LPS22HB_Driver.o
                0x000000000800a4a0                LPS22HB_Set_FIFO_FULL_Interrupt
 .text.LPS22HB_Get_DataStatus
                0x000000000800a502       0x64 ./Drivers/BSP/Components/LPS22HB_Driver.o
                0x000000000800a502                LPS22HB_Get_DataStatus
 .text.LPS22HB_Get_RawPressure
                0x000000000800a566       0x74 ./Drivers/BSP/Components/LPS22HB_Driver.o
                0x000000000800a566                LPS22HB_Get_RawPressure
 .text.LPS22HB_Get_Pressure
                0x000000000800a5da       0x42 ./Drivers/BSP/Components/LPS22HB_Driver.o
                0x000000000800a5da                LPS22HB_Get_Pressure
 .text.LPS22HB_Get_RawTemperature
                0x000000000800a61c       0x44 ./Drivers/BSP/Components/LPS22HB_Driver.o
                0x000000000800a61c                LPS22HB_Get_RawTemperature
 .text.LPS22HB_Get_Temperature
                0x000000000800a660       0x44 ./Drivers/BSP/Components/LPS22HB_Driver.o
                0x000000000800a660                LPS22HB_Get_Temperature
 .text.LPS22HB_Set_FifoMode
                0x000000000800a6a4       0x5a ./Drivers/BSP/Components/LPS22HB_Driver.o
                0x000000000800a6a4                LPS22HB_Set_FifoMode
 .text.LPS22HB_Get_FifoMode
                0x000000000800a6fe       0x3c ./Drivers/BSP/Components/LPS22HB_Driver.o
                0x000000000800a6fe                LPS22HB_Get_FifoMode
 .text.LPS22HB_Set_FifoWatermarkLevel
                0x000000000800a73a       0x5a ./Drivers/BSP/Components/LPS22HB_Driver.o
                0x000000000800a73a                LPS22HB_Set_FifoWatermarkLevel
 .text.LPS22HB_Get_FifoWatermarkLevel
                0x000000000800a794       0x38 ./Drivers/BSP/Components/LPS22HB_Driver.o
                0x000000000800a794                LPS22HB_Get_FifoWatermarkLevel
 .text.LPS22HB_Get_FifoStatus
                0x000000000800a7cc       0x7e ./Drivers/BSP/Components/LPS22HB_Driver.o
                0x000000000800a7cc                LPS22HB_Get_FifoStatus
 .text.LPS22HB_P_Init
                0x000000000800a84a       0x42 ./Drivers/BSP/Components/LPS22HB_Driver_HL.o
 .text.LPS22HB_P_DeInit
                0x000000000800a88c       0x40 ./Drivers/BSP/Components/LPS22HB_Driver_HL.o
 .text.LPS22HB_P_Sensor_Enable
                0x000000000800a8cc       0x50 ./Drivers/BSP/Components/LPS22HB_Driver_HL.o
 .text.LPS22HB_P_Sensor_Disable
                0x000000000800a91c       0x4e ./Drivers/BSP/Components/LPS22HB_Driver_HL.o
 .text.LPS22HB_P_Get_WhoAmI
                0x000000000800a96a       0x1c ./Drivers/BSP/Components/LPS22HB_Driver_HL.o
 .text.LPS22HB_P_Check_WhoAmI
                0x000000000800a986       0x18 ./Drivers/BSP/Components/LPS22HB_Driver_HL.o
 .text.LPS22HB_P_Get_Press
                0x000000000800a99e       0x1c ./Drivers/BSP/Components/LPS22HB_Driver_HL.o
 .text.LPS22HB_P_Get_ODR
                0x000000000800a9ba       0x1c ./Drivers/BSP/Components/LPS22HB_Driver_HL.o
 .text.LPS22HB_P_Set_ODR
                0x000000000800a9d6       0x54 ./Drivers/BSP/Components/LPS22HB_Driver_HL.o
 .text.LPS22HB_P_Set_ODR_Value
                0x000000000800aa2a       0x54 ./Drivers/BSP/Components/LPS22HB_Driver_HL.o
 .text.LPS22HB_P_Read_Reg
                0x000000000800aa7e       0x2e ./Drivers/BSP/Components/LPS22HB_Driver_HL.o
 .text.LPS22HB_P_Write_Reg
                0x000000000800aaac       0x30 ./Drivers/BSP/Components/LPS22HB_Driver_HL.o
 .text.LPS22HB_P_Get_DRDY_Status
                0x000000000800aadc       0x30 ./Drivers/BSP/Components/LPS22HB_Driver_HL.o
 .text.LPS22HB_T_Init
                0x000000000800ab0c       0x42 ./Drivers/BSP/Components/LPS22HB_Driver_HL.o
 .text.LPS22HB_T_DeInit
                0x000000000800ab4e       0x40 ./Drivers/BSP/Components/LPS22HB_Driver_HL.o
 .text.LPS22HB_T_Sensor_Enable
                0x000000000800ab8e       0x50 ./Drivers/BSP/Components/LPS22HB_Driver_HL.o
 .text.LPS22HB_T_Sensor_Disable
                0x000000000800abde       0x4e ./Drivers/BSP/Components/LPS22HB_Driver_HL.o
 .text.LPS22HB_T_Get_WhoAmI
                0x000000000800ac2c       0x1c ./Drivers/BSP/Components/LPS22HB_Driver_HL.o
 .text.LPS22HB_T_Check_WhoAmI
                0x000000000800ac48       0x18 ./Drivers/BSP/Components/LPS22HB_Driver_HL.o
 .text.LPS22HB_T_Get_Temp
                0x000000000800ac60       0x1c ./Drivers/BSP/Components/LPS22HB_Driver_HL.o
 .text.LPS22HB_T_Get_ODR
                0x000000000800ac7c       0x1c ./Drivers/BSP/Components/LPS22HB_Driver_HL.o
 .text.LPS22HB_T_Set_ODR
                0x000000000800ac98       0x54 ./Drivers/BSP/Components/LPS22HB_Driver_HL.o
 .text.LPS22HB_T_Set_ODR_Value
                0x000000000800acec       0x54 ./Drivers/BSP/Components/LPS22HB_Driver_HL.o
 .text.LPS22HB_T_Read_Reg
                0x000000000800ad40       0x2e ./Drivers/BSP/Components/LPS22HB_Driver_HL.o
 .text.LPS22HB_T_Write_Reg
                0x000000000800ad6e       0x30 ./Drivers/BSP/Components/LPS22HB_Driver_HL.o
 .text.LPS22HB_T_Get_DRDY_Status
                0x000000000800ad9e       0x30 ./Drivers/BSP/Components/LPS22HB_Driver_HL.o
 *fill*         0x000000000800adce        0x2 
 .text.LPS22HB_Initialize
                0x000000000800add0       0xbc ./Drivers/BSP/Components/LPS22HB_Driver_HL.o
 .text.LPS22HB_Get_WhoAmI
                0x000000000800ae8c       0x26 ./Drivers/BSP/Components/LPS22HB_Driver_HL.o
 .text.LPS22HB_Check_WhoAmI
                0x000000000800aeb2       0x3a ./Drivers/BSP/Components/LPS22HB_Driver_HL.o
 .text.LPS22HB_Get_Press
                0x000000000800aeec       0x4c ./Drivers/BSP/Components/LPS22HB_Driver_HL.o
 .text.LPS22HB_Get_Temp
                0x000000000800af38       0x48 ./Drivers/BSP/Components/LPS22HB_Driver_HL.o
 .text.LPS22HB_Get_ODR
                0x000000000800af80       0xa8 ./Drivers/BSP/Components/LPS22HB_Driver_HL.o
 .text.LPS22HB_Set_ODR_When_Enabled
                0x000000000800b028       0x88 ./Drivers/BSP/Components/LPS22HB_Driver_HL.o
 .text.LPS22HB_Set_ODR_When_Disabled
                0x000000000800b0b0       0x7c ./Drivers/BSP/Components/LPS22HB_Driver_HL.o
 .text.LPS22HB_Set_ODR_Value_When_Enabled
                0x000000000800b12c       0xa4 ./Drivers/BSP/Components/LPS22HB_Driver_HL.o
 .text.LPS22HB_Set_ODR_Value_When_Disabled
                0x000000000800b1d0       0x90 ./Drivers/BSP/Components/LPS22HB_Driver_HL.o
 .text.LPS22HB_Read_Reg
                0x000000000800b260       0x2e ./Drivers/BSP/Components/LPS22HB_Driver_HL.o
 .text.LPS22HB_Write_Reg
                0x000000000800b28e       0x30 ./Drivers/BSP/Components/LPS22HB_Driver_HL.o
 .text.LPS22HB_FIFO_Get_Empty_Status
                0x000000000800b2be       0x30 ./Drivers/BSP/Components/LPS22HB_Driver_HL.o
 .text.LPS22HB_FIFO_Get_Full_Status
                0x000000000800b2ee       0x30 ./Drivers/BSP/Components/LPS22HB_Driver_HL.o
 .text.LPS22HB_FIFO_Get_Ovr_Status
                0x000000000800b31e       0x30 ./Drivers/BSP/Components/LPS22HB_Driver_HL.o
 .text.LPS22HB_FIFO_Get_Fth_Status
                0x000000000800b34e       0x30 ./Drivers/BSP/Components/LPS22HB_Driver_HL.o
 .text.LPS22HB_FIFO_Stop_On_Fth
                0x000000000800b37e       0x36 ./Drivers/BSP/Components/LPS22HB_Driver_HL.o
 .text.LPS22HB_FIFO_Usage
                0x000000000800b3b4       0x36 ./Drivers/BSP/Components/LPS22HB_Driver_HL.o
 .text.LPS22HB_FIFO_Get_Num_Of_Samples
                0x000000000800b3ea       0x30 ./Drivers/BSP/Components/LPS22HB_Driver_HL.o
 .text.LPS22HB_FIFO_Get_Data
                0x000000000800b41a       0x3a ./Drivers/BSP/Components/LPS22HB_Driver_HL.o
 .text.LPS22HB_FIFO_Get_Mode
                0x000000000800b454       0x30 ./Drivers/BSP/Components/LPS22HB_Driver_HL.o
 .text.LPS22HB_FIFO_Set_Mode
                0x000000000800b484       0x5a ./Drivers/BSP/Components/LPS22HB_Driver_HL.o
 .text.LPS22HB_FIFO_Get_Watermark_Level
                0x000000000800b4de       0x26 ./Drivers/BSP/Components/LPS22HB_Driver_HL.o
 .text.LPS22HB_FIFO_Set_Watermark_Level
                0x000000000800b504       0x2a ./Drivers/BSP/Components/LPS22HB_Driver_HL.o
 .text.LPS22HB_FIFO_Watermark_Usage
                0x000000000800b52e       0x36 ./Drivers/BSP/Components/LPS22HB_Driver_HL.o
 .text.LPS22HB_FIFO_Set_Interrupt
                0x000000000800b564       0x6e ./Drivers/BSP/Components/LPS22HB_Driver_HL.o
 .text.LPS22HB_FIFO_Reset_Interrupt
                0x000000000800b5d2       0x6e ./Drivers/BSP/Components/LPS22HB_Driver_HL.o
 .text.LSM303AGR_ACC_WriteReg
                0x000000000800b640       0x34 ./Drivers/BSP/Components/LSM303AGR_ACC_driver.o
                0x000000000800b640                LSM303AGR_ACC_WriteReg
 .text.LSM303AGR_ACC_ReadReg
                0x000000000800b674       0x34 ./Drivers/BSP/Components/LSM303AGR_ACC_driver.o
                0x000000000800b674                LSM303AGR_ACC_ReadReg
 .text.LSM303AGR_ACC_R_WHO_AM_I
                0x000000000800b6a8       0x3a ./Drivers/BSP/Components/LSM303AGR_ACC_driver.o
                0x000000000800b6a8                LSM303AGR_ACC_R_WHO_AM_I
 .text.LSM303AGR_ACC_W_BlockDataUpdate
                0x000000000800b6e2       0x5a ./Drivers/BSP/Components/LSM303AGR_ACC_driver.o
                0x000000000800b6e2                LSM303AGR_ACC_W_BlockDataUpdate
 .text.LSM303AGR_ACC_W_FullScale
                0x000000000800b73c       0x5a ./Drivers/BSP/Components/LSM303AGR_ACC_driver.o
                0x000000000800b73c                LSM303AGR_ACC_W_FullScale
 .text.LSM303AGR_ACC_R_FullScale
                0x000000000800b796       0x38 ./Drivers/BSP/Components/LSM303AGR_ACC_driver.o
                0x000000000800b796                LSM303AGR_ACC_R_FullScale
 .text.LSM303AGR_ACC_Get_Raw_Acceleration
                0x000000000800b7ce       0x2a ./Drivers/BSP/Components/LSM303AGR_ACC_driver.o
                0x000000000800b7ce                LSM303AGR_ACC_Get_Raw_Acceleration
 .text.LSM303AGR_ACC_Get_Acceleration
                0x000000000800b7f8      0x248 ./Drivers/BSP/Components/LSM303AGR_ACC_driver.o
                0x000000000800b7f8                LSM303AGR_ACC_Get_Acceleration
 .text.LSM303AGR_ACC_W_ODR
                0x000000000800ba40       0x5a ./Drivers/BSP/Components/LSM303AGR_ACC_driver.o
                0x000000000800ba40                LSM303AGR_ACC_W_ODR
 .text.LSM303AGR_ACC_R_ODR
                0x000000000800ba9a       0x38 ./Drivers/BSP/Components/LSM303AGR_ACC_driver.o
                0x000000000800ba9a                LSM303AGR_ACC_R_ODR
 .text.LSM303AGR_ACC_W_XEN
                0x000000000800bad2       0x5a ./Drivers/BSP/Components/LSM303AGR_ACC_driver.o
                0x000000000800bad2                LSM303AGR_ACC_W_XEN
 .text.LSM303AGR_ACC_R_XEN
                0x000000000800bb2c       0x38 ./Drivers/BSP/Components/LSM303AGR_ACC_driver.o
                0x000000000800bb2c                LSM303AGR_ACC_R_XEN
 .text.LSM303AGR_ACC_W_YEN
                0x000000000800bb64       0x5a ./Drivers/BSP/Components/LSM303AGR_ACC_driver.o
                0x000000000800bb64                LSM303AGR_ACC_W_YEN
 .text.LSM303AGR_ACC_R_YEN
                0x000000000800bbbe       0x38 ./Drivers/BSP/Components/LSM303AGR_ACC_driver.o
                0x000000000800bbbe                LSM303AGR_ACC_R_YEN
 .text.LSM303AGR_ACC_W_ZEN
                0x000000000800bbf6       0x5a ./Drivers/BSP/Components/LSM303AGR_ACC_driver.o
                0x000000000800bbf6                LSM303AGR_ACC_W_ZEN
 .text.LSM303AGR_ACC_R_ZEN
                0x000000000800bc50       0x38 ./Drivers/BSP/Components/LSM303AGR_ACC_driver.o
                0x000000000800bc50                LSM303AGR_ACC_R_ZEN
 .text.LSM303AGR_ACC_R_LOWPWR_EN
                0x000000000800bc88       0x38 ./Drivers/BSP/Components/LSM303AGR_ACC_driver.o
                0x000000000800bc88                LSM303AGR_ACC_R_LOWPWR_EN
 .text.LSM303AGR_ACC_R_HiRes
                0x000000000800bcc0       0x38 ./Drivers/BSP/Components/LSM303AGR_ACC_driver.o
                0x000000000800bcc0                LSM303AGR_ACC_R_HiRes
 .text.LSM303AGR_ACC_R_XDataAvail
                0x000000000800bcf8       0x38 ./Drivers/BSP/Components/LSM303AGR_ACC_driver.o
                0x000000000800bcf8                LSM303AGR_ACC_R_XDataAvail
 .text.LSM303AGR_ACC_W_FifoMode
                0x000000000800bd30       0x5a ./Drivers/BSP/Components/LSM303AGR_ACC_driver.o
                0x000000000800bd30                LSM303AGR_ACC_W_FifoMode
 *fill*         0x000000000800bd8a        0x2 
 .text.LSM303AGR_X_Init
                0x000000000800bd8c       0xc0 ./Drivers/BSP/Components/LSM303AGR_ACC_driver_HL.o
 .text.LSM303AGR_X_DeInit
                0x000000000800be4c       0x58 ./Drivers/BSP/Components/LSM303AGR_ACC_driver_HL.o
 .text.LSM303AGR_X_Sensor_Enable
                0x000000000800bea4       0x4a ./Drivers/BSP/Components/LSM303AGR_ACC_driver_HL.o
 .text.LSM303AGR_X_Sensor_Disable
                0x000000000800beee       0x58 ./Drivers/BSP/Components/LSM303AGR_ACC_driver_HL.o
 .text.LSM303AGR_X_Get_WhoAmI
                0x000000000800bf46       0x26 ./Drivers/BSP/Components/LSM303AGR_ACC_driver_HL.o
 .text.LSM303AGR_X_Check_WhoAmI
                0x000000000800bf6c       0x3a ./Drivers/BSP/Components/LSM303AGR_ACC_driver_HL.o
 .text.LSM303AGR_X_Get_Axes
                0x000000000800bfa6       0x3c ./Drivers/BSP/Components/LSM303AGR_ACC_driver_HL.o
 .text.LSM303AGR_X_Get_AxesRaw
                0x000000000800bfe2       0x42 ./Drivers/BSP/Components/LSM303AGR_ACC_driver_HL.o
 .text.LSM303AGR_X_Get_Sensitivity
                0x000000000800c024       0x88 ./Drivers/BSP/Components/LSM303AGR_ACC_driver_HL.o
 .text.LSM303AGR_X_Get_ODR
                0x000000000800c0ac       0xd0 ./Drivers/BSP/Components/LSM303AGR_ACC_driver_HL.o
 .text.LSM303AGR_X_Set_ODR
                0x000000000800c17c       0x46 ./Drivers/BSP/Components/LSM303AGR_ACC_driver_HL.o
 .text.LSM303AGR_X_Set_ODR_Value
                0x000000000800c1c2       0x46 ./Drivers/BSP/Components/LSM303AGR_ACC_driver_HL.o
 .text.LSM303AGR_X_Get_FS
                0x000000000800c208       0x7c ./Drivers/BSP/Components/LSM303AGR_ACC_driver_HL.o
 .text.LSM303AGR_X_Set_FS
                0x000000000800c284       0x54 ./Drivers/BSP/Components/LSM303AGR_ACC_driver_HL.o
 .text.LSM303AGR_X_Set_FS_Value
                0x000000000800c2d8       0x70 ./Drivers/BSP/Components/LSM303AGR_ACC_driver_HL.o
 .text.LSM303AGR_X_Get_Axes_Status
                0x000000000800c348       0x8c ./Drivers/BSP/Components/LSM303AGR_ACC_driver_HL.o
 .text.LSM303AGR_X_Set_Axes_Status
                0x000000000800c3d4       0x78 ./Drivers/BSP/Components/LSM303AGR_ACC_driver_HL.o
 .text.LSM303AGR_X_Read_Reg
                0x000000000800c44c       0x2e ./Drivers/BSP/Components/LSM303AGR_ACC_driver_HL.o
 .text.LSM303AGR_X_Write_Reg
                0x000000000800c47a       0x30 ./Drivers/BSP/Components/LSM303AGR_ACC_driver_HL.o
 .text.LSM303AGR_X_Get_DRDY_Status
                0x000000000800c4aa       0x48 ./Drivers/BSP/Components/LSM303AGR_ACC_driver_HL.o
 .text.LSM303AGR_X_Get_Axes_Raw
                0x000000000800c4f2       0xca ./Drivers/BSP/Components/LSM303AGR_ACC_driver_HL.o
 .text.LSM303AGR_X_Set_ODR_When_Enabled
                0x000000000800c5bc       0x6c ./Drivers/BSP/Components/LSM303AGR_ACC_driver_HL.o
 .text.LSM303AGR_X_Set_ODR_When_Disabled
                0x000000000800c628       0x84 ./Drivers/BSP/Components/LSM303AGR_ACC_driver_HL.o
 .text.LSM303AGR_X_Set_ODR_Value_When_Enabled
                0x000000000800c6ac       0xc0 ./Drivers/BSP/Components/LSM303AGR_ACC_driver_HL.o
 .text.LSM303AGR_X_Set_ODR_Value_When_Disabled
                0x000000000800c76c       0xd8 ./Drivers/BSP/Components/LSM303AGR_ACC_driver_HL.o
 .text.LSM303AGR_X_Get_Sensitivity_Normal_Mode
                0x000000000800c844       0x84 ./Drivers/BSP/Components/LSM303AGR_ACC_driver_HL.o
 .text.LSM303AGR_X_Get_Sensitivity_LP_Mode
                0x000000000800c8c8       0x84 ./Drivers/BSP/Components/LSM303AGR_ACC_driver_HL.o
 .text.LSM303AGR_X_Get_Sensitivity_HR_Mode
                0x000000000800c94c       0x84 ./Drivers/BSP/Components/LSM303AGR_ACC_driver_HL.o
 .text.LSM303AGR_MAG_WriteReg
                0x000000000800c9d0       0x34 ./Drivers/BSP/Components/LSM303AGR_MAG_driver.o
                0x000000000800c9d0                LSM303AGR_MAG_WriteReg
 .text.LSM303AGR_MAG_ReadReg
                0x000000000800ca04       0x34 ./Drivers/BSP/Components/LSM303AGR_MAG_driver.o
                0x000000000800ca04                LSM303AGR_MAG_ReadReg
 .text.LSM303AGR_MAG_R_WHO_AM_I
                0x000000000800ca38       0x3a ./Drivers/BSP/Components/LSM303AGR_MAG_driver.o
                0x000000000800ca38                LSM303AGR_MAG_R_WHO_AM_I
 .text.LSM303AGR_MAG_W_BDU
                0x000000000800ca72       0x5a ./Drivers/BSP/Components/LSM303AGR_MAG_driver.o
                0x000000000800ca72                LSM303AGR_MAG_W_BDU
 .text.LSM303AGR_MAG_W_MD
                0x000000000800cacc       0x5a ./Drivers/BSP/Components/LSM303AGR_MAG_driver.o
                0x000000000800cacc                LSM303AGR_MAG_W_MD
 .text.LSM303AGR_MAG_Get_Raw_Magnetic
                0x000000000800cb26       0x2a ./Drivers/BSP/Components/LSM303AGR_MAG_driver.o
                0x000000000800cb26                LSM303AGR_MAG_Get_Raw_Magnetic
 .text.LSM303AGR_MAG_W_ODR
                0x000000000800cb50       0x5a ./Drivers/BSP/Components/LSM303AGR_MAG_driver.o
                0x000000000800cb50                LSM303AGR_MAG_W_ODR
 .text.LSM303AGR_MAG_R_ODR
                0x000000000800cbaa       0x38 ./Drivers/BSP/Components/LSM303AGR_MAG_driver.o
                0x000000000800cbaa                LSM303AGR_MAG_R_ODR
 .text.LSM303AGR_MAG_W_ST
                0x000000000800cbe2       0x5a ./Drivers/BSP/Components/LSM303AGR_MAG_driver.o
                0x000000000800cbe2                LSM303AGR_MAG_W_ST
 .text.LSM303AGR_MAG_W_I2C_DIS
                0x000000000800cc3c       0x5a ./Drivers/BSP/Components/LSM303AGR_MAG_driver.o
                0x000000000800cc3c                LSM303AGR_MAG_W_I2C_DIS
 .text.LSM303AGR_MAG_R_ZYXDA
                0x000000000800cc96       0x38 ./Drivers/BSP/Components/LSM303AGR_MAG_driver.o
                0x000000000800cc96                LSM303AGR_MAG_R_ZYXDA
 .text.LSM303AGR_M_Init
                0x000000000800ccce       0x9a ./Drivers/BSP/Components/LSM303AGR_MAG_driver_HL.o
 .text.LSM303AGR_M_DeInit
                0x000000000800cd68       0x50 ./Drivers/BSP/Components/LSM303AGR_MAG_driver_HL.o
 .text.LSM303AGR_M_Sensor_Enable
                0x000000000800cdb8       0x36 ./Drivers/BSP/Components/LSM303AGR_MAG_driver_HL.o
 .text.LSM303AGR_M_Sensor_Disable
                0x000000000800cdee       0x36 ./Drivers/BSP/Components/LSM303AGR_MAG_driver_HL.o
 .text.LSM303AGR_M_Get_WhoAmI
                0x000000000800ce24       0x26 ./Drivers/BSP/Components/LSM303AGR_MAG_driver_HL.o
 .text.LSM303AGR_M_Check_WhoAmI
                0x000000000800ce4a       0x3a ./Drivers/BSP/Components/LSM303AGR_MAG_driver_HL.o
 .text.LSM303AGR_M_Get_Axes
                0x000000000800ce84       0xa6 ./Drivers/BSP/Components/LSM303AGR_MAG_driver_HL.o
 .text.LSM303AGR_M_Get_AxesRaw
                0x000000000800cf2a       0x42 ./Drivers/BSP/Components/LSM303AGR_MAG_driver_HL.o
 .text.LSM303AGR_M_Get_Sensitivity
                0x000000000800cf6c       0x20 ./Drivers/BSP/Components/LSM303AGR_MAG_driver_HL.o
 .text.LSM303AGR_M_Get_ODR
                0x000000000800cf8c       0xa8 ./Drivers/BSP/Components/LSM303AGR_MAG_driver_HL.o
 .text.LSM303AGR_M_Set_ODR
                0x000000000800d034       0x6c ./Drivers/BSP/Components/LSM303AGR_MAG_driver_HL.o
 .text.LSM303AGR_M_Set_ODR_Value
                0x000000000800d0a0       0x74 ./Drivers/BSP/Components/LSM303AGR_MAG_driver_HL.o
 .text.LSM303AGR_M_Get_FS
                0x000000000800d114       0x24 ./Drivers/BSP/Components/LSM303AGR_MAG_driver_HL.o
 .text.LSM303AGR_M_Set_FS
                0x000000000800d138       0x1a ./Drivers/BSP/Components/LSM303AGR_MAG_driver_HL.o
 .text.LSM303AGR_M_Set_FS_Value
                0x000000000800d152       0x1a ./Drivers/BSP/Components/LSM303AGR_MAG_driver_HL.o
 .text.LSM303AGR_M_Read_Reg
                0x000000000800d16c       0x2e ./Drivers/BSP/Components/LSM303AGR_MAG_driver_HL.o
 .text.LSM303AGR_M_Write_Reg
                0x000000000800d19a       0x30 ./Drivers/BSP/Components/LSM303AGR_MAG_driver_HL.o
 .text.LSM303AGR_M_Get_DRDY_Status
                0x000000000800d1ca       0x48 ./Drivers/BSP/Components/LSM303AGR_MAG_driver_HL.o
 *fill*         0x000000000800d212        0x2 
 .text.LSM303AGR_M_Get_Axes_Raw
                0x000000000800d214       0x68 ./Drivers/BSP/Components/LSM303AGR_MAG_driver_HL.o
 .text.LSM6DSM_ACC_GYRO_ReadReg
                0x000000000800d27c       0x2e ./Drivers/BSP/Components/LSM6DSM_ACC_GYRO_driver.o
                0x000000000800d27c                LSM6DSM_ACC_GYRO_ReadReg
 .text.LSM6DSM_ACC_GYRO_WriteReg
                0x000000000800d2aa       0x30 ./Drivers/BSP/Components/LSM6DSM_ACC_GYRO_driver.o
                0x000000000800d2aa                LSM6DSM_ACC_GYRO_WriteReg
 .text.LSM6DSM_ACC_GYRO_W_EmbeddedAccess
                0x000000000800d2da       0x58 ./Drivers/BSP/Components/LSM6DSM_ACC_GYRO_driver.o
                0x000000000800d2da                LSM6DSM_ACC_GYRO_W_EmbeddedAccess
 .text.LSM6DSM_ACC_GYRO_W_FIFO_MODE
                0x000000000800d332       0x58 ./Drivers/BSP/Components/LSM6DSM_ACC_GYRO_driver.o
                0x000000000800d332                LSM6DSM_ACC_GYRO_W_FIFO_MODE
 .text.LSM6DSM_ACC_GYRO_W_STEP_DELTA_on_INT2
                0x000000000800d38a       0x58 ./Drivers/BSP/Components/LSM6DSM_ACC_GYRO_driver.o
                0x000000000800d38a                LSM6DSM_ACC_GYRO_W_STEP_DELTA_on_INT2
 .text.LSM6DSM_ACC_GYRO_R_WHO_AM_I
                0x000000000800d3e2       0x38 ./Drivers/BSP/Components/LSM6DSM_ACC_GYRO_driver.o
                0x000000000800d3e2                LSM6DSM_ACC_GYRO_R_WHO_AM_I
 .text.LSM6DSM_ACC_GYRO_W_FS_XL
                0x000000000800d41a       0x58 ./Drivers/BSP/Components/LSM6DSM_ACC_GYRO_driver.o
                0x000000000800d41a                LSM6DSM_ACC_GYRO_W_FS_XL
 .text.LSM6DSM_ACC_GYRO_R_FS_XL
                0x000000000800d472       0x36 ./Drivers/BSP/Components/LSM6DSM_ACC_GYRO_driver.o
                0x000000000800d472                LSM6DSM_ACC_GYRO_R_FS_XL
 .text.LSM6DSM_ACC_GYRO_W_ODR_XL
                0x000000000800d4a8       0x58 ./Drivers/BSP/Components/LSM6DSM_ACC_GYRO_driver.o
                0x000000000800d4a8                LSM6DSM_ACC_GYRO_W_ODR_XL
 .text.LSM6DSM_ACC_GYRO_R_ODR_XL
                0x000000000800d500       0x36 ./Drivers/BSP/Components/LSM6DSM_ACC_GYRO_driver.o
                0x000000000800d500                LSM6DSM_ACC_GYRO_R_ODR_XL
 .text.LSM6DSM_ACC_GYRO_W_FS_125
                0x000000000800d536       0x58 ./Drivers/BSP/Components/LSM6DSM_ACC_GYRO_driver.o
                0x000000000800d536                LSM6DSM_ACC_GYRO_W_FS_125
 .text.LSM6DSM_ACC_GYRO_R_FS_125
                0x000000000800d58e       0x36 ./Drivers/BSP/Components/LSM6DSM_ACC_GYRO_driver.o
                0x000000000800d58e                LSM6DSM_ACC_GYRO_R_FS_125
 .text.LSM6DSM_ACC_GYRO_W_FS_G
                0x000000000800d5c4       0x58 ./Drivers/BSP/Components/LSM6DSM_ACC_GYRO_driver.o
                0x000000000800d5c4                LSM6DSM_ACC_GYRO_W_FS_G
 .text.LSM6DSM_ACC_GYRO_R_FS_G
                0x000000000800d61c       0x36 ./Drivers/BSP/Components/LSM6DSM_ACC_GYRO_driver.o
                0x000000000800d61c                LSM6DSM_ACC_GYRO_R_FS_G
 .text.LSM6DSM_ACC_GYRO_W_ODR_G
                0x000000000800d652       0x58 ./Drivers/BSP/Components/LSM6DSM_ACC_GYRO_driver.o
                0x000000000800d652                LSM6DSM_ACC_GYRO_W_ODR_G
 .text.LSM6DSM_ACC_GYRO_R_ODR_G
                0x000000000800d6aa       0x36 ./Drivers/BSP/Components/LSM6DSM_ACC_GYRO_driver.o
                0x000000000800d6aa                LSM6DSM_ACC_GYRO_R_ODR_G
 .text.LSM6DSM_ACC_GYRO_W_IF_Addr_Incr
                0x000000000800d6e0       0x58 ./Drivers/BSP/Components/LSM6DSM_ACC_GYRO_driver.o
                0x000000000800d6e0                LSM6DSM_ACC_GYRO_W_IF_Addr_Incr
 .text.LSM6DSM_ACC_GYRO_W_BDU
                0x000000000800d738       0x58 ./Drivers/BSP/Components/LSM6DSM_ACC_GYRO_driver.o
                0x000000000800d738                LSM6DSM_ACC_GYRO_W_BDU
 .text.LSM6DSM_ACC_GYRO_W_I2C_DISABLE
                0x000000000800d790       0x58 ./Drivers/BSP/Components/LSM6DSM_ACC_GYRO_driver.o
                0x000000000800d790                LSM6DSM_ACC_GYRO_W_I2C_DISABLE
 .text.LSM6DSM_ACC_GYRO_W_PedoStepReset
                0x000000000800d7e8       0x58 ./Drivers/BSP/Components/LSM6DSM_ACC_GYRO_driver.o
                0x000000000800d7e8                LSM6DSM_ACC_GYRO_W_PedoStepReset
 .text.LSM6DSM_ACC_GYRO_W_TILT
                0x000000000800d840       0x58 ./Drivers/BSP/Components/LSM6DSM_ACC_GYRO_driver.o
                0x000000000800d840                LSM6DSM_ACC_GYRO_W_TILT
 .text.LSM6DSM_ACC_GYRO_W_PEDO
                0x000000000800d898       0x58 ./Drivers/BSP/Components/LSM6DSM_ACC_GYRO_driver.o
                0x000000000800d898                LSM6DSM_ACC_GYRO_W_PEDO
 .text.LSM6DSM_ACC_GYRO_W_FUNC_EN
                0x000000000800d8f0       0x58 ./Drivers/BSP/Components/LSM6DSM_ACC_GYRO_driver.o
                0x000000000800d8f0                LSM6DSM_ACC_GYRO_W_FUNC_EN
 .text.LSM6DSM_ACC_GYRO_R_WU_EV_STATUS
                0x000000000800d948       0x36 ./Drivers/BSP/Components/LSM6DSM_ACC_GYRO_driver.o
                0x000000000800d948                LSM6DSM_ACC_GYRO_R_WU_EV_STATUS
 .text.LSM6DSM_ACC_GYRO_R_FF_EV_STATUS
                0x000000000800d97e       0x36 ./Drivers/BSP/Components/LSM6DSM_ACC_GYRO_driver.o
                0x000000000800d97e                LSM6DSM_ACC_GYRO_R_FF_EV_STATUS
 .text.LSM6DSM_ACC_GYRO_R_DOUBLE_TAP_EV_STATUS
                0x000000000800d9b4       0x36 ./Drivers/BSP/Components/LSM6DSM_ACC_GYRO_driver.o
                0x000000000800d9b4                LSM6DSM_ACC_GYRO_R_DOUBLE_TAP_EV_STATUS
 .text.LSM6DSM_ACC_GYRO_R_SINGLE_TAP_EV_STATUS
                0x000000000800d9ea       0x36 ./Drivers/BSP/Components/LSM6DSM_ACC_GYRO_driver.o
                0x000000000800d9ea                LSM6DSM_ACC_GYRO_R_SINGLE_TAP_EV_STATUS
 .text.LSM6DSM_ACC_GYRO_R_DSD_XL
                0x000000000800da20       0x36 ./Drivers/BSP/Components/LSM6DSM_ACC_GYRO_driver.o
                0x000000000800da20                LSM6DSM_ACC_GYRO_R_DSD_XL
 .text.LSM6DSM_ACC_GYRO_R_DSD_XH
                0x000000000800da56       0x36 ./Drivers/BSP/Components/LSM6DSM_ACC_GYRO_driver.o
                0x000000000800da56                LSM6DSM_ACC_GYRO_R_DSD_XH
 .text.LSM6DSM_ACC_GYRO_R_DSD_YL
                0x000000000800da8c       0x36 ./Drivers/BSP/Components/LSM6DSM_ACC_GYRO_driver.o
                0x000000000800da8c                LSM6DSM_ACC_GYRO_R_DSD_YL
 .text.LSM6DSM_ACC_GYRO_R_DSD_YH
                0x000000000800dac2       0x36 ./Drivers/BSP/Components/LSM6DSM_ACC_GYRO_driver.o
                0x000000000800dac2                LSM6DSM_ACC_GYRO_R_DSD_YH
 .text.LSM6DSM_ACC_GYRO_R_DSD_ZL
                0x000000000800daf8       0x36 ./Drivers/BSP/Components/LSM6DSM_ACC_GYRO_driver.o
                0x000000000800daf8                LSM6DSM_ACC_GYRO_R_DSD_ZL
 .text.LSM6DSM_ACC_GYRO_R_DSD_ZH
                0x000000000800db2e       0x36 ./Drivers/BSP/Components/LSM6DSM_ACC_GYRO_driver.o
                0x000000000800db2e                LSM6DSM_ACC_GYRO_R_DSD_ZH
 .text.LSM6DSM_ACC_GYRO_R_D6D_EV_STATUS
                0x000000000800db64       0x36 ./Drivers/BSP/Components/LSM6DSM_ACC_GYRO_driver.o
                0x000000000800db64                LSM6DSM_ACC_GYRO_R_D6D_EV_STATUS
 .text.LSM6DSM_ACC_GYRO_R_XLDA
                0x000000000800db9a       0x36 ./Drivers/BSP/Components/LSM6DSM_ACC_GYRO_driver.o
                0x000000000800db9a                LSM6DSM_ACC_GYRO_R_XLDA
 .text.LSM6DSM_ACC_GYRO_R_GDA
                0x000000000800dbd0       0x36 ./Drivers/BSP/Components/LSM6DSM_ACC_GYRO_driver.o
                0x000000000800dbd0                LSM6DSM_ACC_GYRO_R_GDA
 .text.LSM6DSM_ACC_GYRO_R_PEDO_EV_STATUS
                0x000000000800dc06       0x36 ./Drivers/BSP/Components/LSM6DSM_ACC_GYRO_driver.o
                0x000000000800dc06                LSM6DSM_ACC_GYRO_R_PEDO_EV_STATUS
 .text.LSM6DSM_ACC_GYRO_R_TILT_EV_STATUS
                0x000000000800dc3c       0x36 ./Drivers/BSP/Components/LSM6DSM_ACC_GYRO_driver.o
                0x000000000800dc3c                LSM6DSM_ACC_GYRO_R_TILT_EV_STATUS
 .text.LSM6DSM_ACC_GYRO_W_TAP_Z_EN
                0x000000000800dc72       0x58 ./Drivers/BSP/Components/LSM6DSM_ACC_GYRO_driver.o
                0x000000000800dc72                LSM6DSM_ACC_GYRO_W_TAP_Z_EN
 .text.LSM6DSM_ACC_GYRO_W_TAP_Y_EN
                0x000000000800dcca       0x58 ./Drivers/BSP/Components/LSM6DSM_ACC_GYRO_driver.o
                0x000000000800dcca                LSM6DSM_ACC_GYRO_W_TAP_Y_EN
 .text.LSM6DSM_ACC_GYRO_W_TAP_X_EN
                0x000000000800dd22       0x58 ./Drivers/BSP/Components/LSM6DSM_ACC_GYRO_driver.o
                0x000000000800dd22                LSM6DSM_ACC_GYRO_W_TAP_X_EN
 .text.LSM6DSM_ACC_GYRO_W_BASIC_INT
                0x000000000800dd7a       0x58 ./Drivers/BSP/Components/LSM6DSM_ACC_GYRO_driver.o
                0x000000000800dd7a                LSM6DSM_ACC_GYRO_W_BASIC_INT
 .text.LSM6DSM_ACC_GYRO_W_TAP_THS
                0x000000000800ddd2       0x60 ./Drivers/BSP/Components/LSM6DSM_ACC_GYRO_driver.o
                0x000000000800ddd2                LSM6DSM_ACC_GYRO_W_TAP_THS
 .text.LSM6DSM_ACC_GYRO_W_SIXD_THS
                0x000000000800de32       0x58 ./Drivers/BSP/Components/LSM6DSM_ACC_GYRO_driver.o
                0x000000000800de32                LSM6DSM_ACC_GYRO_W_SIXD_THS
 .text.LSM6DSM_ACC_GYRO_W_SHOCK_Duration
                0x000000000800de8a       0x60 ./Drivers/BSP/Components/LSM6DSM_ACC_GYRO_driver.o
                0x000000000800de8a                LSM6DSM_ACC_GYRO_W_SHOCK_Duration
 .text.LSM6DSM_ACC_GYRO_W_QUIET_Duration
                0x000000000800deea       0x66 ./Drivers/BSP/Components/LSM6DSM_ACC_GYRO_driver.o
                0x000000000800deea                LSM6DSM_ACC_GYRO_W_QUIET_Duration
 .text.LSM6DSM_ACC_GYRO_W_DUR
                0x000000000800df50       0x66 ./Drivers/BSP/Components/LSM6DSM_ACC_GYRO_driver.o
                0x000000000800df50                LSM6DSM_ACC_GYRO_W_DUR
 .text.LSM6DSM_ACC_GYRO_W_WK_THS
                0x000000000800dfb6       0x60 ./Drivers/BSP/Components/LSM6DSM_ACC_GYRO_driver.o
                0x000000000800dfb6                LSM6DSM_ACC_GYRO_W_WK_THS
 .text.LSM6DSM_ACC_GYRO_W_SINGLE_DOUBLE_TAP_EV
                0x000000000800e016       0x58 ./Drivers/BSP/Components/LSM6DSM_ACC_GYRO_driver.o
                0x000000000800e016                LSM6DSM_ACC_GYRO_W_SINGLE_DOUBLE_TAP_EV
 .text.LSM6DSM_ACC_GYRO_W_SLEEP_DUR
                0x000000000800e06e       0x60 ./Drivers/BSP/Components/LSM6DSM_ACC_GYRO_driver.o
                0x000000000800e06e                LSM6DSM_ACC_GYRO_W_SLEEP_DUR
 .text.LSM6DSM_ACC_GYRO_W_TIMER_HR
                0x000000000800e0ce       0x58 ./Drivers/BSP/Components/LSM6DSM_ACC_GYRO_driver.o
                0x000000000800e0ce                LSM6DSM_ACC_GYRO_W_TIMER_HR
 .text.LSM6DSM_ACC_GYRO_W_WAKE_DUR
                0x000000000800e126       0x66 ./Drivers/BSP/Components/LSM6DSM_ACC_GYRO_driver.o
                0x000000000800e126                LSM6DSM_ACC_GYRO_W_WAKE_DUR
 .text.LSM6DSM_ACC_GYRO_W_FF_THS
                0x000000000800e18c       0x58 ./Drivers/BSP/Components/LSM6DSM_ACC_GYRO_driver.o
                0x000000000800e18c                LSM6DSM_ACC_GYRO_W_FF_THS
 .text.LSM6DSM_ACC_GYRO_W_FF_Duration
                0x000000000800e1e4       0xca ./Drivers/BSP/Components/LSM6DSM_ACC_GYRO_driver.o
                0x000000000800e1e4                LSM6DSM_ACC_GYRO_W_FF_Duration
 .text.LSM6DSM_ACC_GYRO_W_TiltEvOnInt2
                0x000000000800e2ae       0x58 ./Drivers/BSP/Components/LSM6DSM_ACC_GYRO_driver.o
                0x000000000800e2ae                LSM6DSM_ACC_GYRO_W_TiltEvOnInt2
 .text.LSM6DSM_ACC_GYRO_W_6DEvOnInt2
                0x000000000800e306       0x58 ./Drivers/BSP/Components/LSM6DSM_ACC_GYRO_driver.o
                0x000000000800e306                LSM6DSM_ACC_GYRO_W_6DEvOnInt2
 .text.LSM6DSM_ACC_GYRO_W_TapEvOnInt2
                0x000000000800e35e       0x58 ./Drivers/BSP/Components/LSM6DSM_ACC_GYRO_driver.o
                0x000000000800e35e                LSM6DSM_ACC_GYRO_W_TapEvOnInt2
 .text.LSM6DSM_ACC_GYRO_W_FFEvOnInt2
                0x000000000800e3b6       0x58 ./Drivers/BSP/Components/LSM6DSM_ACC_GYRO_driver.o
                0x000000000800e3b6                LSM6DSM_ACC_GYRO_W_FFEvOnInt2
 .text.LSM6DSM_ACC_GYRO_W_WUEvOnInt2
                0x000000000800e40e       0x58 ./Drivers/BSP/Components/LSM6DSM_ACC_GYRO_driver.o
                0x000000000800e40e                LSM6DSM_ACC_GYRO_W_WUEvOnInt2
 .text.LSM6DSM_ACC_GYRO_W_SingleTapOnInt2
                0x000000000800e466       0x58 ./Drivers/BSP/Components/LSM6DSM_ACC_GYRO_driver.o
                0x000000000800e466                LSM6DSM_ACC_GYRO_W_SingleTapOnInt2
 .text.LSM6DSM_ACC_GYRO_GetRawGyroData
                0x000000000800e4be       0x66 ./Drivers/BSP/Components/LSM6DSM_ACC_GYRO_driver.o
                0x000000000800e4be                LSM6DSM_ACC_GYRO_GetRawGyroData
 .text.LSM6DSM_ACC_GYRO_GetRawAccData
                0x000000000800e524       0x66 ./Drivers/BSP/Components/LSM6DSM_ACC_GYRO_driver.o
                0x000000000800e524                LSM6DSM_ACC_GYRO_GetRawAccData
 .text.LSM6DSM_ACC_GYRO_Get_GetStepCounter
                0x000000000800e58a       0x66 ./Drivers/BSP/Components/LSM6DSM_ACC_GYRO_driver.o
                0x000000000800e58a                LSM6DSM_ACC_GYRO_Get_GetStepCounter
 .text.LSM6DSM_ACC_GYRO_W_PedoThreshold
                0x000000000800e5f0       0x88 ./Drivers/BSP/Components/LSM6DSM_ACC_GYRO_driver.o
                0x000000000800e5f0                LSM6DSM_ACC_GYRO_W_PedoThreshold
 .text.LSM6DSM_X_Init
                0x000000000800e678       0xa4 ./Drivers/BSP/Components/LSM6DSM_ACC_GYRO_driver_HL.o
 .text.LSM6DSM_X_DeInit
                0x000000000800e71c       0xc8 ./Drivers/BSP/Components/LSM6DSM_ACC_GYRO_driver_HL.o
 .text.LSM6DSM_X_Sensor_Enable
                0x000000000800e7e4       0x4a ./Drivers/BSP/Components/LSM6DSM_ACC_GYRO_driver_HL.o
 .text.LSM6DSM_X_Sensor_Disable
                0x000000000800e82e       0x58 ./Drivers/BSP/Components/LSM6DSM_ACC_GYRO_driver_HL.o
 .text.LSM6DSM_X_Get_WhoAmI
                0x000000000800e886       0x1c ./Drivers/BSP/Components/LSM6DSM_ACC_GYRO_driver_HL.o
 .text.LSM6DSM_X_Check_WhoAmI
                0x000000000800e8a2       0x18 ./Drivers/BSP/Components/LSM6DSM_ACC_GYRO_driver_HL.o
 .text.LSM6DSM_X_Get_Axes
                0x000000000800e8ba       0xa6 ./Drivers/BSP/Components/LSM6DSM_ACC_GYRO_driver_HL.o
 .text.LSM6DSM_X_Get_AxesRaw
                0x000000000800e960       0x42 ./Drivers/BSP/Components/LSM6DSM_ACC_GYRO_driver_HL.o
 *fill*         0x000000000800e9a2        0x2 
 .text.LSM6DSM_X_Get_Sensitivity
                0x000000000800e9a4       0xa8 ./Drivers/BSP/Components/LSM6DSM_ACC_GYRO_driver_HL.o
 .text.LSM6DSM_X_Get_ODR
                0x000000000800ea4c      0x110 ./Drivers/BSP/Components/LSM6DSM_ACC_GYRO_driver_HL.o
 .text.LSM6DSM_X_Set_ODR
                0x000000000800eb5c       0x46 ./Drivers/BSP/Components/LSM6DSM_ACC_GYRO_driver_HL.o
 .text.LSM6DSM_X_Set_ODR_Value
                0x000000000800eba2       0x46 ./Drivers/BSP/Components/LSM6DSM_ACC_GYRO_driver_HL.o
 .text.LSM6DSM_X_Get_FS
                0x000000000800ebe8       0xa0 ./Drivers/BSP/Components/LSM6DSM_ACC_GYRO_driver_HL.o
 .text.LSM6DSM_X_Set_FS
                0x000000000800ec88       0x54 ./Drivers/BSP/Components/LSM6DSM_ACC_GYRO_driver_HL.o
 .text.LSM6DSM_X_Set_FS_Value
                0x000000000800ecdc       0x70 ./Drivers/BSP/Components/LSM6DSM_ACC_GYRO_driver_HL.o
 .text.LSM6DSM_G_Init
                0x000000000800ed4c       0xa4 ./Drivers/BSP/Components/LSM6DSM_ACC_GYRO_driver_HL.o
 .text.LSM6DSM_G_DeInit
                0x000000000800edf0       0x58 ./Drivers/BSP/Components/LSM6DSM_ACC_GYRO_driver_HL.o
 .text.LSM6DSM_G_Sensor_Enable
                0x000000000800ee48       0x4a ./Drivers/BSP/Components/LSM6DSM_ACC_GYRO_driver_HL.o
 .text.LSM6DSM_G_Sensor_Disable
                0x000000000800ee92       0x58 ./Drivers/BSP/Components/LSM6DSM_ACC_GYRO_driver_HL.o
 .text.LSM6DSM_G_Get_WhoAmI
                0x000000000800eeea       0x1c ./Drivers/BSP/Components/LSM6DSM_ACC_GYRO_driver_HL.o
 .text.LSM6DSM_G_Check_WhoAmI
                0x000000000800ef06       0x18 ./Drivers/BSP/Components/LSM6DSM_ACC_GYRO_driver_HL.o
 .text.LSM6DSM_G_Get_Axes
                0x000000000800ef1e       0xa6 ./Drivers/BSP/Components/LSM6DSM_ACC_GYRO_driver_HL.o
 .text.LSM6DSM_G_Get_AxesRaw
                0x000000000800efc4       0x42 ./Drivers/BSP/Components/LSM6DSM_ACC_GYRO_driver_HL.o
 *fill*         0x000000000800f006        0x2 
 .text.LSM6DSM_G_Get_Sensitivity
                0x000000000800f008       0xd0 ./Drivers/BSP/Components/LSM6DSM_ACC_GYRO_driver_HL.o
 .text.LSM6DSM_G_Get_ODR
                0x000000000800f0d8      0x110 ./Drivers/BSP/Components/LSM6DSM_ACC_GYRO_driver_HL.o
 .text.LSM6DSM_G_Set_ODR
                0x000000000800f1e8       0x46 ./Drivers/BSP/Components/LSM6DSM_ACC_GYRO_driver_HL.o
 .text.LSM6DSM_G_Set_ODR_Value
                0x000000000800f22e       0x46 ./Drivers/BSP/Components/LSM6DSM_ACC_GYRO_driver_HL.o
 .text.LSM6DSM_G_Get_FS
                0x000000000800f274       0xd0 ./Drivers/BSP/Components/LSM6DSM_ACC_GYRO_driver_HL.o
 .text.LSM6DSM_G_Set_FS
                0x000000000800f344       0x54 ./Drivers/BSP/Components/LSM6DSM_ACC_GYRO_driver_HL.o
 .text.LSM6DSM_G_Set_FS_Value
                0x000000000800f398       0xb8 ./Drivers/BSP/Components/LSM6DSM_ACC_GYRO_driver_HL.o
 .text.LSM6DSM_Get_WhoAmI
                0x000000000800f450       0x26 ./Drivers/BSP/Components/LSM6DSM_ACC_GYRO_driver_HL.o
 .text.LSM6DSM_Check_WhoAmI
                0x000000000800f476       0x3a ./Drivers/BSP/Components/LSM6DSM_ACC_GYRO_driver_HL.o
 .text.LSM6DSM_X_Get_Axes_Raw
                0x000000000800f4b0       0x84 ./Drivers/BSP/Components/LSM6DSM_ACC_GYRO_driver_HL.o
 .text.LSM6DSM_X_Set_ODR_When_Enabled
                0x000000000800f534       0x6c ./Drivers/BSP/Components/LSM6DSM_ACC_GYRO_driver_HL.o
 .text.LSM6DSM_X_Set_ODR_When_Disabled
                0x000000000800f5a0       0x84 ./Drivers/BSP/Components/LSM6DSM_ACC_GYRO_driver_HL.o
 .text.LSM6DSM_X_Set_ODR_Value_When_Enabled
                0x000000000800f624      0x110 ./Drivers/BSP/Components/LSM6DSM_ACC_GYRO_driver_HL.o
 .text.LSM6DSM_X_Set_ODR_Value_When_Disabled
                0x000000000800f734      0x138 ./Drivers/BSP/Components/LSM6DSM_ACC_GYRO_driver_HL.o
 .text.LSM6DSM_G_Get_Axes_Raw
                0x000000000800f86c       0x84 ./Drivers/BSP/Components/LSM6DSM_ACC_GYRO_driver_HL.o
 .text.LSM6DSM_G_Set_ODR_When_Enabled
                0x000000000800f8f0       0x6c ./Drivers/BSP/Components/LSM6DSM_ACC_GYRO_driver_HL.o
 .text.LSM6DSM_G_Set_ODR_When_Disabled
                0x000000000800f95c       0x84 ./Drivers/BSP/Components/LSM6DSM_ACC_GYRO_driver_HL.o
 .text.LSM6DSM_G_Set_ODR_Value_When_Enabled
                0x000000000800f9e0      0x110 ./Drivers/BSP/Components/LSM6DSM_ACC_GYRO_driver_HL.o
 .text.LSM6DSM_G_Set_ODR_Value_When_Disabled
                0x000000000800faf0      0x138 ./Drivers/BSP/Components/LSM6DSM_ACC_GYRO_driver_HL.o
 .text.LSM6DSM_X_Enable_Free_Fall_Detection
                0x000000000800fc28       0xbc ./Drivers/BSP/Components/LSM6DSM_ACC_GYRO_driver_HL.o
 .text.LSM6DSM_X_Disable_Free_Fall_Detection
                0x000000000800fce4       0x5a ./Drivers/BSP/Components/LSM6DSM_ACC_GYRO_driver_HL.o
 .text.LSM6DSM_X_Get_Free_Fall_Detection_Status
                0x000000000800fd3e       0x48 ./Drivers/BSP/Components/LSM6DSM_ACC_GYRO_driver_HL.o
 .text.LSM6DSM_X_Set_Free_Fall_Threshold
                0x000000000800fd86       0x2a ./Drivers/BSP/Components/LSM6DSM_ACC_GYRO_driver_HL.o
 .text.LSM6DSM_X_Enable_Pedometer
                0x000000000800fdb0       0x80 ./Drivers/BSP/Components/LSM6DSM_ACC_GYRO_driver_HL.o
 .text.LSM6DSM_X_Disable_Pedometer
                0x000000000800fe30       0x5a ./Drivers/BSP/Components/LSM6DSM_ACC_GYRO_driver_HL.o
 .text.LSM6DSM_X_Get_Pedometer_Status
                0x000000000800fe8a       0x48 ./Drivers/BSP/Components/LSM6DSM_ACC_GYRO_driver_HL.o
 .text.LSM6DSM_X_Get_Step_Count
                0x000000000800fed2       0x26 ./Drivers/BSP/Components/LSM6DSM_ACC_GYRO_driver_HL.o
 .text.LSM6DSM_X_Enable_Step_Counter_Reset
                0x000000000800fef8       0x24 ./Drivers/BSP/Components/LSM6DSM_ACC_GYRO_driver_HL.o
 .text.LSM6DSM_X_Disable_Step_Counter_Reset
                0x000000000800ff1c       0x24 ./Drivers/BSP/Components/LSM6DSM_ACC_GYRO_driver_HL.o
 .text.LSM6DSM_X_Set_Pedometer_Threshold
                0x000000000800ff40       0x2a ./Drivers/BSP/Components/LSM6DSM_ACC_GYRO_driver_HL.o
 .text.LSM6DSM_X_Enable_Tilt_Detection
                0x000000000800ff6a       0x6e ./Drivers/BSP/Components/LSM6DSM_ACC_GYRO_driver_HL.o
 .text.LSM6DSM_X_Disable_Tilt_Detection
                0x000000000800ffd8       0x48 ./Drivers/BSP/Components/LSM6DSM_ACC_GYRO_driver_HL.o
 .text.LSM6DSM_X_Get_Tilt_Detection_Status
                0x0000000008010020       0x48 ./Drivers/BSP/Components/LSM6DSM_ACC_GYRO_driver_HL.o
 .text.LSM6DSM_X_Enable_Wake_Up_Detection
                0x0000000008010068       0x84 ./Drivers/BSP/Components/LSM6DSM_ACC_GYRO_driver_HL.o
 .text.LSM6DSM_X_Disable_Wake_Up_Detection
                0x00000000080100ec       0x5a ./Drivers/BSP/Components/LSM6DSM_ACC_GYRO_driver_HL.o
 .text.LSM6DSM_X_Get_Wake_Up_Detection_Status
                0x0000000008010146       0x48 ./Drivers/BSP/Components/LSM6DSM_ACC_GYRO_driver_HL.o
 .text.LSM6DSM_X_Set_Wake_Up_Threshold
                0x000000000801018e       0x2a ./Drivers/BSP/Components/LSM6DSM_ACC_GYRO_driver_HL.o
 .text.LSM6DSM_X_Enable_Single_Tap_Detection
                0x00000000080101b8       0xcc ./Drivers/BSP/Components/LSM6DSM_ACC_GYRO_driver_HL.o
 .text.LSM6DSM_X_Disable_Single_Tap_Detection
                0x0000000008010284       0xa2 ./Drivers/BSP/Components/LSM6DSM_ACC_GYRO_driver_HL.o
 .text.LSM6DSM_X_Get_Single_Tap_Detection_Status
                0x0000000008010326       0x48 ./Drivers/BSP/Components/LSM6DSM_ACC_GYRO_driver_HL.o
 *fill*         0x000000000801036e        0x2 
 .text.LSM6DSM_X_Enable_Double_Tap_Detection
                0x0000000008010370       0xf0 ./Drivers/BSP/Components/LSM6DSM_ACC_GYRO_driver_HL.o
 .text.LSM6DSM_X_Disable_Double_Tap_Detection
                0x0000000008010460       0xc6 ./Drivers/BSP/Components/LSM6DSM_ACC_GYRO_driver_HL.o
 .text.LSM6DSM_X_Get_Double_Tap_Detection_Status
                0x0000000008010526       0x48 ./Drivers/BSP/Components/LSM6DSM_ACC_GYRO_driver_HL.o
 .text.LSM6DSM_X_Set_Tap_Threshold
                0x000000000801056e       0x2a ./Drivers/BSP/Components/LSM6DSM_ACC_GYRO_driver_HL.o
 .text.LSM6DSM_X_Set_Tap_Shock_Time
                0x0000000008010598       0x2a ./Drivers/BSP/Components/LSM6DSM_ACC_GYRO_driver_HL.o
 .text.LSM6DSM_X_Set_Tap_Quiet_Time
                0x00000000080105c2       0x2a ./Drivers/BSP/Components/LSM6DSM_ACC_GYRO_driver_HL.o
 .text.LSM6DSM_X_Set_Tap_Duration_Time
                0x00000000080105ec       0x2a ./Drivers/BSP/Components/LSM6DSM_ACC_GYRO_driver_HL.o
 *fill*         0x0000000008010616        0x2 
 .text.LSM6DSM_X_Enable_6D_Orientation
                0x0000000008010618       0x74 ./Drivers/BSP/Components/LSM6DSM_ACC_GYRO_driver_HL.o
 .text.LSM6DSM_X_Disable_6D_Orientation
                0x000000000801068c       0x48 ./Drivers/BSP/Components/LSM6DSM_ACC_GYRO_driver_HL.o
 .text.LSM6DSM_X_Get_6D_Orientation_Status
                0x00000000080106d4       0x48 ./Drivers/BSP/Components/LSM6DSM_ACC_GYRO_driver_HL.o
 .text.LSM6DSM_X_Get_6D_Orientation_XL
                0x000000000801071c       0x48 ./Drivers/BSP/Components/LSM6DSM_ACC_GYRO_driver_HL.o
 .text.LSM6DSM_X_Get_6D_Orientation_XH
                0x0000000008010764       0x48 ./Drivers/BSP/Components/LSM6DSM_ACC_GYRO_driver_HL.o
 .text.LSM6DSM_X_Get_6D_Orientation_YL
                0x00000000080107ac       0x48 ./Drivers/BSP/Components/LSM6DSM_ACC_GYRO_driver_HL.o
 .text.LSM6DSM_X_Get_6D_Orientation_YH
                0x00000000080107f4       0x48 ./Drivers/BSP/Components/LSM6DSM_ACC_GYRO_driver_HL.o
 .text.LSM6DSM_X_Get_6D_Orientation_ZL
                0x000000000801083c       0x48 ./Drivers/BSP/Components/LSM6DSM_ACC_GYRO_driver_HL.o
 .text.LSM6DSM_X_Get_6D_Orientation_ZH
                0x0000000008010884       0x48 ./Drivers/BSP/Components/LSM6DSM_ACC_GYRO_driver_HL.o
 .text.LSM6DSM_X_Read_Reg
                0x00000000080108cc       0x2e ./Drivers/BSP/Components/LSM6DSM_ACC_GYRO_driver_HL.o
 .text.LSM6DSM_X_Write_Reg
                0x00000000080108fa       0x30 ./Drivers/BSP/Components/LSM6DSM_ACC_GYRO_driver_HL.o
 .text.LSM6DSM_X_Get_DRDY_Status
                0x000000000801092a       0x48 ./Drivers/BSP/Components/LSM6DSM_ACC_GYRO_driver_HL.o
 .text.LSM6DSM_G_Read_Reg
                0x0000000008010972       0x2e ./Drivers/BSP/Components/LSM6DSM_ACC_GYRO_driver_HL.o
 .text.LSM6DSM_G_Write_Reg
                0x00000000080109a0       0x30 ./Drivers/BSP/Components/LSM6DSM_ACC_GYRO_driver_HL.o
 .text.LSM6DSM_G_Get_DRDY_Status
                0x00000000080109d0       0x48 ./Drivers/BSP/Components/LSM6DSM_ACC_GYRO_driver_HL.o
 .text.STC3115_Init
                0x0000000008010a18      0x24c ./Drivers/BSP/Components/STC3115_Driver.o
 .text.STC3115_DeInit
                0x0000000008010c64       0x1c ./Drivers/BSP/Components/STC3115_Driver.o
 .text.STC3115_Get_WhoAmI
                0x0000000008010c80       0x2a ./Drivers/BSP/Components/STC3115_Driver.o
 *fill*         0x0000000008010caa        0x2 
 .text.STC3115_Task
                0x0000000008010cac      0x2a8 ./Drivers/BSP/Components/STC3115_Driver.o
 .text.STC3115_Reset
                0x0000000008010f54       0x52 ./Drivers/BSP/Components/STC3115_Driver.o
 .text.STC3115_Stop
                0x0000000008010fa6       0x4e ./Drivers/BSP/Components/STC3115_Driver.o
 .text.STC3115_GetSOC
                0x0000000008010ff4       0x38 ./Drivers/BSP/Components/STC3115_Driver.o
 .text.STC3115_GetOCV
                0x000000000801102c       0x26 ./Drivers/BSP/Components/STC3115_Driver.o
 .text.STC3115_GetCurrent
                0x0000000008011052       0x24 ./Drivers/BSP/Components/STC3115_Driver.o
 .text.STC3115_GetTemperature
                0x0000000008011076       0x24 ./Drivers/BSP/Components/STC3115_Driver.o
 .text.STC3115_GetVoltage
                0x000000000801109a       0x26 ./Drivers/BSP/Components/STC3115_Driver.o
 .text.STC3115_GetChargeValue
                0x00000000080110c0       0x26 ./Drivers/BSP/Components/STC3115_Driver.o
 .text.STC3115_GetPresence
                0x00000000080110e6       0x26 ./Drivers/BSP/Components/STC3115_Driver.o
 .text.STC3115_GetAlarmStatus
                0x000000000801110c       0x2a ./Drivers/BSP/Components/STC3115_Driver.o
 .text.STC3115_Status
                0x0000000008011136       0x52 ./Drivers/BSP/Components/STC3115_Driver.o
 .text.STC3115_CalcRamCRC8
                0x0000000008011188       0x6c ./Drivers/BSP/Components/STC3115_Driver.o
 .text.STC3115_UpdateRamCRC
                0x00000000080111f4       0x30 ./Drivers/BSP/Components/STC3115_Driver.o
 .text.STC3115_InitRamData
                0x0000000008011224       0x5a ./Drivers/BSP/Components/STC3115_Driver.o
 .text.STC3115_WriteRamData
                0x000000000801127e       0x2c ./Drivers/BSP/Components/STC3115_Driver.o
 .text.STC3115_ReadRamData
                0x00000000080112aa       0x2c ./Drivers/BSP/Components/STC3115_Driver.o
 .text.STC3115_ReadBatteryData
                0x00000000080112d6      0x156 ./Drivers/BSP/Components/STC3115_Driver.o
 .text.STC3115_Restore
                0x000000000801142c       0x60 ./Drivers/BSP/Components/STC3115_Driver.o
 .text.STC3115_Powerdown
                0x000000000801148c       0x42 ./Drivers/BSP/Components/STC3115_Driver.o
 .text.STC3115_conv
                0x00000000080114ce       0x38 ./Drivers/BSP/Components/STC3115_Driver.o
 .text.STC3115_Startup
                0x0000000008011506       0x48 ./Drivers/BSP/Components/STC3115_Driver.o
 .text.STC3115_Read
                0x000000000801154e       0x36 ./Drivers/BSP/Components/STC3115_Driver.o
 .text.STC3115_Write
                0x0000000008011584       0x36 ./Drivers/BSP/Components/STC3115_Driver.o
 .text.STC3115_ReadWord
                0x00000000080115ba       0x3a ./Drivers/BSP/Components/STC3115_Driver.o
 .text.STC3115_WriteWord
                0x00000000080115f4       0x38 ./Drivers/BSP/Components/STC3115_Driver.o
 .text.STC3115_SetParam
                0x000000000801162c      0x128 ./Drivers/BSP/Components/STC3115_Driver.o
 .text.BSP_LED_Init
                0x0000000008011754       0xa0 ./Drivers/BSP/SensorTile/SensorTile.o
                0x0000000008011754                BSP_LED_Init
 .text.BSP_LED_On
                0x00000000080117f4       0x5c ./Drivers/BSP/SensorTile/SensorTile.o
                0x00000000080117f4                BSP_LED_On
 .text.BSP_LED_Off
                0x0000000008011850       0x5c ./Drivers/BSP/SensorTile/SensorTile.o
                0x0000000008011850                BSP_LED_Off
 .text.Sensor_IO_I2C_Init
                0x00000000080118ac       0x18 ./Drivers/BSP/SensorTile/SensorTile.o
                0x00000000080118ac                Sensor_IO_I2C_Init
 .text.Sensor_IO_SPI_Init
                0x00000000080118c4      0x118 ./Drivers/BSP/SensorTile/SensorTile.o
                0x00000000080118c4                Sensor_IO_SPI_Init
 .text.Sensor_IO_SPI_CS_Init_All
                0x00000000080119dc      0x124 ./Drivers/BSP/SensorTile/SensorTile.o
                0x00000000080119dc                Sensor_IO_SPI_CS_Init_All
 .text.Sensor_IO_SPI_CS_Init
                0x0000000008011b00      0x12c ./Drivers/BSP/SensorTile/SensorTile.o
                0x0000000008011b00                Sensor_IO_SPI_CS_Init
 .text.Sensor_IO_Write