/Users/sujayjain/Desktop/STile_M_Pattern/Drivers/BSP/SensorTile/SensorTile_temperature.c:92:18:BSP_TEMPERATURE_Init	16	static
/Users/sujayjain/Desktop/STile_M_Pattern/Drivers/BSP/SensorTile/SensorTile_temperature.c:135:25:BSP_LPS22HB_TEMPERATURE_Init	24	static
/Users/sujayjain/Desktop/STile_M_Pattern/Drivers/BSP/SensorTile/SensorTile_temperature.c:217:25:BSP_HTS221_TEMPERATURE_Init	24	static
/Users/sujayjain/Desktop/STile_M_Pattern/Drivers/BSP/SensorTile/SensorTile_temperature.c:276:18:BSP_TEMPERATURE_DeInit	24	static
/Users/sujayjain/Desktop/STile_M_Pattern/Drivers/BSP/SensorTile/SensorTile_temperature.c:312:18:BSP_TEMPERATURE_Sensor_Enable	24	static
/Users/sujayjain/Desktop/STile_M_Pattern/Drivers/BSP/SensorTile/SensorTile_temperature.c:346:18:BSP_TEMPERATURE_Sensor_Disable	24	static
/Users/sujayjain/Desktop/STile_M_Pattern/Drivers/BSP/SensorTile/SensorTile_temperature.c:380:18:BSP_TEMPERATURE_IsInitialized	24	static
/Users/sujayjain/Desktop/STile_M_Pattern/Drivers/BSP/SensorTile/SensorTile_temperature.c:407:18:BSP_TEMPERATURE_IsEnabled	24	static
/Users/sujayjain/Desktop/STile_M_Pattern/Drivers/BSP/SensorTile/SensorTile_temperature.c:434:18:BSP_TEMPERATURE_IsCombo	24	static
/Users/sujayjain/Desktop/STile_M_Pattern/Drivers/BSP/SensorTile/SensorTile_temperature.c:461:18:BSP_TEMPERATURE_Get_Instance	24	static
/Users/sujayjain/Desktop/STile_M_Pattern/Drivers/BSP/SensorTile/SensorTile_temperature.c:489:18:BSP_TEMPERATURE_Get_WhoAmI	24	static
/Users/sujayjain/Desktop/STile_M_Pattern/Drivers/BSP/SensorTile/SensorTile_temperature.c:526:18:BSP_TEMPERATURE_Check_WhoAmI	24	static
/Users/sujayjain/Desktop/STile_M_Pattern/Drivers/BSP/SensorTile/SensorTile_temperature.c:560:18:BSP_TEMPERATURE_Get_Temp	24	static
/Users/sujayjain/Desktop/STile_M_Pattern/Drivers/BSP/SensorTile/SensorTile_temperature.c:598:18:BSP_TEMPERATURE_Get_ODR	24	static
/Users/sujayjain/Desktop/STile_M_Pattern/Drivers/BSP/SensorTile/SensorTile_temperature.c:636:18:BSP_TEMPERATURE_Set_ODR	24	static
/Users/sujayjain/Desktop/STile_M_Pattern/Drivers/BSP/SensorTile/SensorTile_temperature.c:670:18:BSP_TEMPERATURE_Set_ODR_Value	24	static
/Users/sujayjain/Desktop/STile_M_Pattern/Drivers/BSP/SensorTile/SensorTile_temperature.c:705:18:BSP_TEMPERATURE_Read_Reg	32	static
/Users/sujayjain/Desktop/STile_M_Pattern/Drivers/BSP/SensorTile/SensorTile_temperature.c:745:18:BSP_TEMPERATURE_Write_Reg	24	static
/Users/sujayjain/Desktop/STile_M_Pattern/Drivers/BSP/SensorTile/SensorTile_temperature.c:779:18:BSP_TEMPERATURE_Get_DRDY_Status	24	static
