/Users/sujayjain/Desktop/STile_M_Pattern/Drivers/BSP/SensorTile/SensorTile_gg.c:102:18:BSP_GG_Init	24	static
/Users/sujayjain/Desktop/STile_M_Pattern/Drivers/BSP/SensorTile/SensorTile_gg.c:162:18:BSP_GG_DeInit	24	static
/Users/sujayjain/Desktop/STile_M_Pattern/Drivers/BSP/SensorTile/SensorTile_gg.c:203:18:BSP_GG_IsInitialized	24	static
/Users/sujayjain/Desktop/STile_M_Pattern/Drivers/BSP/SensorTile/SensorTile_gg.c:231:18:BSP_GG_IsCombo	24	static
/Users/sujayjain/Desktop/STile_M_Pattern/Drivers/BSP/SensorTile/SensorTile_gg.c:258:18:BSP_GG_Get_WhoAmI	24	static
/Users/sujayjain/Desktop/STile_M_Pattern/Drivers/BSP/SensorTile/SensorTile_gg.c:295:18:BSP_GG_Task	24	static
/Users/sujayjain/Desktop/STile_M_Pattern/Drivers/BSP/SensorTile/SensorTile_gg.c:323:18:BSP_GG_Reset	24	static
/Users/sujayjain/Desktop/STile_M_Pattern/Drivers/BSP/SensorTile/SensorTile_gg.c:350:18:BSP_GG_Stop	24	static
/Users/sujayjain/Desktop/STile_M_Pattern/Drivers/BSP/SensorTile/SensorTile_gg.c:378:18:BSP_GG_GetOCV	24	static
/Users/sujayjain/Desktop/STile_M_Pattern/Drivers/BSP/SensorTile/SensorTile_gg.c:406:18:BSP_GG_GetSOC	24	static
/Users/sujayjain/Desktop/STile_M_Pattern/Drivers/BSP/SensorTile/SensorTile_gg.c:434:18:BSP_GG_GetChargeValue	24	static
/Users/sujayjain/Desktop/STile_M_Pattern/Drivers/BSP/SensorTile/SensorTile_gg.c:462:18:BSP_GG_GetPresence	24	static
/Users/sujayjain/Desktop/STile_M_Pattern/Drivers/BSP/SensorTile/SensorTile_gg.c:490:18:BSP_GG_GetCurrent	24	static
/Users/sujayjain/Desktop/STile_M_Pattern/Drivers/BSP/SensorTile/SensorTile_gg.c:518:18:BSP_GG_GetVoltage	24	static
/Users/sujayjain/Desktop/STile_M_Pattern/Drivers/BSP/SensorTile/SensorTile_gg.c:546:18:BSP_GG_GetTemperature	24	static
