/Users/sujayjain/Desktop/STile_M_Pattern/Drivers/BSP/SensorTile/SensorTile.c:153:10:BSP_GetVersion	4	static
/Users/sujayjain/Desktop/STile_M_Pattern/Drivers/BSP/SensorTile/SensorTile.c:166:6:BSP_LED_Init	48	static
/Users/sujayjain/Desktop/STile_M_Pattern/Drivers/BSP/SensorTile/SensorTile.c:198:6:BSP_LED_DeInit	16	static
/Users/sujayjain/Desktop/STile_M_Pattern/Drivers/BSP/SensorTile/SensorTile.c:213:6:BSP_LED_On	16	static
/Users/sujayjain/Desktop/STile_M_Pattern/Drivers/BSP/SensorTile/SensorTile.c:235:6:BSP_LED_Off	16	static
/Users/sujayjain/Desktop/STile_M_Pattern/Drivers/BSP/SensorTile/SensorTile.c:257:6:BSP_LED_Toggle	16	static
/Users/sujayjain/Desktop/STile_M_Pattern/Drivers/BSP/SensorTile/SensorTile.c:268:18:Sensor_IO_I2C_Init	8	static
/Users/sujayjain/Desktop/STile_M_Pattern/Drivers/BSP/SensorTile/SensorTile.c:287:18:Sensor_IO_SPI_Init	40	static
/Users/sujayjain/Desktop/STile_M_Pattern/Drivers/BSP/SensorTile/SensorTile.c:330:9:Sensor_IO_SPI_CS_Init_All	48	static
/Users/sujayjain/Desktop/STile_M_Pattern/Drivers/BSP/SensorTile/SensorTile.c:367:9:Sensor_IO_SPI_CS_Init	56	static
/Users/sujayjain/Desktop/STile_M_Pattern/Drivers/BSP/SensorTile/SensorTile.c:421:9:Sensor_IO_Write	32	static
/Users/sujayjain/Desktop/STile_M_Pattern/Drivers/BSP/SensorTile/SensorTile.c:463:9:Sensor_IO_I2C_Write	32	static
/Users/sujayjain/Desktop/STile_M_Pattern/Drivers/BSP/SensorTile/SensorTile.c:481:9:Sensor_IO_Read	32	static
/Users/sujayjain/Desktop/STile_M_Pattern/Drivers/BSP/SensorTile/SensorTile.c:522:9:Sensor_IO_I2C_Read	32	static
/Users/sujayjain/Desktop/STile_M_Pattern/Drivers/BSP/SensorTile/SensorTile.c:541:9:Sensor_IO_SPI_Write	32	static
/Users/sujayjain/Desktop/STile_M_Pattern/Drivers/BSP/SensorTile/SensorTile.c:569:9:Sensor_IO_SPI_Read	24	static
/Users/sujayjain/Desktop/STile_M_Pattern/Drivers/BSP/SensorTile/SensorTile.c:602:9:Sensor_IO_SPI_CS_Enable	24	static
/Users/sujayjain/Desktop/STile_M_Pattern/Drivers/BSP/SensorTile/SensorTile.c:624:9:Sensor_IO_SPI_CS_Disable	24	static
/Users/sujayjain/Desktop/STile_M_Pattern/Drivers/BSP/SensorTile/SensorTile.c:652:18:LSM6DSM_Sensor_IO_ITConfig	32	static
/Users/sujayjain/Desktop/STile_M_Pattern/Drivers/BSP/SensorTile/SensorTile.c:685:6:SPI_Read	16	static,ignoring_inline_asm
/Users/sujayjain/Desktop/STile_M_Pattern/Drivers/BSP/SensorTile/SensorTile.c:714:6:SPI_Read_nBytes	24	static,ignoring_inline_asm
/Users/sujayjain/Desktop/STile_M_Pattern/Drivers/BSP/SensorTile/SensorTile.c:755:6:SPI_Write	16	static
/Users/sujayjain/Desktop/STile_M_Pattern/Drivers/BSP/SensorTile/SensorTile.c:777:16:I2C_SENSORTILE_Init	8	static
/Users/sujayjain/Desktop/STile_M_Pattern/Drivers/BSP/SensorTile/SensorTile.c:813:16:I2C_SENSORTILE_WriteData	40	static
/Users/sujayjain/Desktop/STile_M_Pattern/Drivers/BSP/SensorTile/SensorTile.c:844:16:I2C_SENSORTILE_ReadData	40	static
/Users/sujayjain/Desktop/STile_M_Pattern/Drivers/BSP/SensorTile/SensorTile.c:869:13:I2C_SENSORTILE_Error	16	static
/Users/sujayjain/Desktop/STile_M_Pattern/Drivers/BSP/SensorTile/SensorTile.c:884:13:I2C_SENSORTILE_MspInit	176	static
/Users/sujayjain/Desktop/STile_M_Pattern/Drivers/BSP/SensorTile/SensorTile.c:932:13:SD_IO_SPI_MspInit	56	static
/Users/sujayjain/Desktop/STile_M_Pattern/Drivers/BSP/SensorTile/SensorTile.c:971:13:SD_IO_SPI_Init_LS	8	static
/Users/sujayjain/Desktop/STile_M_Pattern/Drivers/BSP/SensorTile/SensorTile.c:997:13:SD_IO_SPI_Init	8	static
/Users/sujayjain/Desktop/STile_M_Pattern/Drivers/BSP/SensorTile/SensorTile.c:1024:17:SD_IO_SPI_Read	32	static
/Users/sujayjain/Desktop/STile_M_Pattern/Drivers/BSP/SensorTile/SensorTile.c:1047:13:SD_IO_SPI_Write	24	static
/Users/sujayjain/Desktop/STile_M_Pattern/Drivers/BSP/SensorTile/SensorTile.c:1066:13:SD_IO_SPI_Error	8	static
/Users/sujayjain/Desktop/STile_M_Pattern/Drivers/BSP/SensorTile/SensorTile.c:1083:6:SD_IO_Init	16	static
/Users/sujayjain/Desktop/STile_M_Pattern/Drivers/BSP/SensorTile/SensorTile.c:1110:6:SD_IO_Init_LS	16	static
/Users/sujayjain/Desktop/STile_M_Pattern/Drivers/BSP/SensorTile/SensorTile.c:1131:6:SD_IO_CS_Init	32	static
/Users/sujayjain/Desktop/STile_M_Pattern/Drivers/BSP/SensorTile/SensorTile.c:1149:6:SD_IO_CS_DeInit	32	static
/Users/sujayjain/Desktop/STile_M_Pattern/Drivers/BSP/SensorTile/SensorTile.c:1166:6:SD_IO_WriteByte	16	static
/Users/sujayjain/Desktop/STile_M_Pattern/Drivers/BSP/SensorTile/SensorTile.c:1177:9:SD_IO_ReadByte	16	static
/Users/sujayjain/Desktop/STile_M_Pattern/Drivers/BSP/SensorTile/SensorTile.c:1197:9:SD_IO_WriteCmd_wResp	32	static
/Users/sujayjain/Desktop/STile_M_Pattern/Drivers/BSP/SensorTile/SensorTile.c:1236:19:SD_IO_WriteCmd	32	static
/Users/sujayjain/Desktop/STile_M_Pattern/Drivers/BSP/SensorTile/SensorTile.c:1271:19:SD_IO_WaitResponse	24	static
/Users/sujayjain/Desktop/STile_M_Pattern/Drivers/BSP/SensorTile/SensorTile.c:1298:6:SD_IO_WriteDummy	8	static
