/Users/sujayjain/Desktop/STile_M_Pattern/Drivers/BSP/SensorTile/SensorTile_gyro.c:88:18:BSP_GYRO_Init	16	static
/Users/sujayjain/Desktop/STile_M_Pattern/Drivers/BSP/SensorTile/SensorTile_gyro.c:119:25:BSP_LSM6DSM_GYRO_Init	24	static
/Users/sujayjain/Desktop/STile_M_Pattern/Drivers/BSP/SensorTile/SensorTile_gyro.c:198:18:BSP_GYRO_DeInit	24	static
/Users/sujayjain/Desktop/STile_M_Pattern/Drivers/BSP/SensorTile/SensorTile_gyro.c:236:18:BSP_GYRO_Sensor_Enable	24	static
/Users/sujayjain/Desktop/STile_M_Pattern/Drivers/BSP/SensorTile/SensorTile_gyro.c:270:18:BSP_GYRO_Sensor_Disable	24	static
/Users/sujayjain/Desktop/STile_M_Pattern/Drivers/BSP/SensorTile/SensorTile_gyro.c:304:18:BSP_GYRO_IsInitialized	24	static
/Users/sujayjain/Desktop/STile_M_Pattern/Drivers/BSP/SensorTile/SensorTile_gyro.c:331:18:BSP_GYRO_IsEnabled	24	static
/Users/sujayjain/Desktop/STile_M_Pattern/Drivers/BSP/SensorTile/SensorTile_gyro.c:358:18:BSP_GYRO_IsCombo	24	static
/Users/sujayjain/Desktop/STile_M_Pattern/Drivers/BSP/SensorTile/SensorTile_gyro.c:385:18:BSP_GYRO_Get_Instance	24	static
/Users/sujayjain/Desktop/STile_M_Pattern/Drivers/BSP/SensorTile/SensorTile_gyro.c:413:18:BSP_GYRO_Get_WhoAmI	24	static
/Users/sujayjain/Desktop/STile_M_Pattern/Drivers/BSP/SensorTile/SensorTile_gyro.c:450:18:BSP_GYRO_Check_WhoAmI	24	static
/Users/sujayjain/Desktop/STile_M_Pattern/Drivers/BSP/SensorTile/SensorTile_gyro.c:484:18:BSP_GYRO_Get_Axes	24	static
/Users/sujayjain/Desktop/STile_M_Pattern/Drivers/BSP/SensorTile/SensorTile_gyro.c:522:18:BSP_GYRO_Get_AxesRaw	24	static
/Users/sujayjain/Desktop/STile_M_Pattern/Drivers/BSP/SensorTile/SensorTile_gyro.c:561:18:BSP_GYRO_Get_Sensitivity	24	static
/Users/sujayjain/Desktop/STile_M_Pattern/Drivers/BSP/SensorTile/SensorTile_gyro.c:599:18:BSP_GYRO_Get_ODR	24	static
/Users/sujayjain/Desktop/STile_M_Pattern/Drivers/BSP/SensorTile/SensorTile_gyro.c:637:18:BSP_GYRO_Set_ODR	24	static
/Users/sujayjain/Desktop/STile_M_Pattern/Drivers/BSP/SensorTile/SensorTile_gyro.c:671:18:BSP_GYRO_Set_ODR_Value	24	static
/Users/sujayjain/Desktop/STile_M_Pattern/Drivers/BSP/SensorTile/SensorTile_gyro.c:705:18:BSP_GYRO_Get_FS	24	static
/Users/sujayjain/Desktop/STile_M_Pattern/Drivers/BSP/SensorTile/SensorTile_gyro.c:743:18:BSP_GYRO_Set_FS	24	static
/Users/sujayjain/Desktop/STile_M_Pattern/Drivers/BSP/SensorTile/SensorTile_gyro.c:777:18:BSP_GYRO_Set_FS_Value	24	static
/Users/sujayjain/Desktop/STile_M_Pattern/Drivers/BSP/SensorTile/SensorTile_gyro.c:811:18:BSP_GYRO_Get_Axes_Status	24	static
/Users/sujayjain/Desktop/STile_M_Pattern/Drivers/BSP/SensorTile/SensorTile_gyro.c:849:18:BSP_GYRO_Read_Reg	32	static
/Users/sujayjain/Desktop/STile_M_Pattern/Drivers/BSP/SensorTile/SensorTile_gyro.c:889:18:BSP_GYRO_Write_Reg	24	static
/Users/sujayjain/Desktop/STile_M_Pattern/Drivers/BSP/SensorTile/SensorTile_gyro.c:923:18:BSP_GYRO_Get_DRDY_Status	24	static
/Users/sujayjain/Desktop/STile_M_Pattern/Drivers/BSP/SensorTile/SensorTile_gyro.c:957:18:BSP_GYRO_Set_Axes_Status	24	static
