/Users/sujayjain/Desktop/STile_M_Pattern/Drivers/BSP/SensorTile/SensorTile_sd.c:140:9:BSP_SD_Init	8	static
/Users/sujayjain/Desktop/STile_M_Pattern/Drivers/BSP/SensorTile/SensorTile_sd.c:173:9:BSP_SD_GetCardInfo	24	static
/Users/sujayjain/Desktop/STile_M_Pattern/Drivers/BSP/SensorTile/SensorTile_sd.c:196:9:BSP_SD_ReadBlocks	40	static
/Users/sujayjain/Desktop/STile_M_Pattern/Drivers/BSP/SensorTile/SensorTile_sd.c:275:9:BSP_SD_WriteBlocks	56	static
/Users/sujayjain/Desktop/STile_M_Pattern/Drivers/BSP/SensorTile/SensorTile_sd.c:353:9:SD_GetCSDRegister	40	static
/Users/sujayjain/Desktop/STile_M_Pattern/Drivers/BSP/SensorTile/SensorTile_sd.c:471:16:SD_GetCIDRegister	40	static
/Users/sujayjain/Desktop/STile_M_Pattern/Drivers/BSP/SensorTile/SensorTile_sd.c:564:16:SD_SendCmd_wResp	16	static
/Users/sujayjain/Desktop/STile_M_Pattern/Drivers/BSP/SensorTile/SensorTile_sd.c:577:16:SD_SendCmd	24	static
/Users/sujayjain/Desktop/STile_M_Pattern/Drivers/BSP/SensorTile/SensorTile_sd.c:601:16:SD_GetDataResponse	16	static
/Users/sujayjain/Desktop/STile_M_Pattern/Drivers/BSP/SensorTile/SensorTile_sd.c:648:9:BSP_SD_GetStatus	4	static
/Users/sujayjain/Desktop/STile_M_Pattern/Drivers/BSP/SensorTile/SensorTile_sd.c:658:16:SD_GoIdleState	24	static
/Users/sujayjain/Desktop/STile_M_Pattern/Drivers/BSP/SensorTile/SensorTile_sd.c:726:9:BSP_SD_Erase	24	static
