/Users/sujayjain/Desktop/STile_M_Pattern/Drivers/BSP/SensorTile/SensorTile_humidity.c:88:18:BSP_HUMIDITY_Init	16	static
/Users/sujayjain/Desktop/STile_M_Pattern/Drivers/BSP/SensorTile/SensorTile_humidity.c:119:25:BSP_HTS221_HUMIDITY_Init	24	static
/Users/sujayjain/Desktop/STile_M_Pattern/Drivers/BSP/SensorTile/SensorTile_humidity.c:178:18:BSP_HUMIDITY_DeInit	24	static
/Users/sujayjain/Desktop/STile_M_Pattern/Drivers/BSP/SensorTile/SensorTile_humidity.c:216:18:BSP_HUMIDITY_Sensor_Enable	24	static
/Users/sujayjain/Desktop/STile_M_Pattern/Drivers/BSP/SensorTile/SensorTile_humidity.c:250:18:BSP_HUMIDITY_Sensor_Disable	24	static
/Users/sujayjain/Desktop/STile_M_Pattern/Drivers/BSP/SensorTile/SensorTile_humidity.c:284:18:BSP_HUMIDITY_IsInitialized	24	static
/Users/sujayjain/Desktop/STile_M_Pattern/Drivers/BSP/SensorTile/SensorTile_humidity.c:311:18:BSP_HUMIDITY_IsEnabled	24	static
/Users/sujayjain/Desktop/STile_M_Pattern/Drivers/BSP/SensorTile/SensorTile_humidity.c:338:18:BSP_HUMIDITY_IsCombo	24	static
/Users/sujayjain/Desktop/STile_M_Pattern/Drivers/BSP/SensorTile/SensorTile_humidity.c:365:18:BSP_HUMIDITY_Get_Instance	24	static
/Users/sujayjain/Desktop/STile_M_Pattern/Drivers/BSP/SensorTile/SensorTile_humidity.c:393:18:BSP_HUMIDITY_Get_WhoAmI	24	static
/Users/sujayjain/Desktop/STile_M_Pattern/Drivers/BSP/SensorTile/SensorTile_humidity.c:430:18:BSP_HUMIDITY_Check_WhoAmI	24	static
/Users/sujayjain/Desktop/STile_M_Pattern/Drivers/BSP/SensorTile/SensorTile_humidity.c:464:18:BSP_HUMIDITY_Get_Hum	24	static
/Users/sujayjain/Desktop/STile_M_Pattern/Drivers/BSP/SensorTile/SensorTile_humidity.c:502:18:BSP_HUMIDITY_Get_ODR	24	static
/Users/sujayjain/Desktop/STile_M_Pattern/Drivers/BSP/SensorTile/SensorTile_humidity.c:542:18:BSP_HUMIDITY_Read_Reg	32	static
/Users/sujayjain/Desktop/STile_M_Pattern/Drivers/BSP/SensorTile/SensorTile_humidity.c:583:18:BSP_HUMIDITY_Write_Reg	24	static
/Users/sujayjain/Desktop/STile_M_Pattern/Drivers/BSP/SensorTile/SensorTile_humidity.c:618:18:BSP_HUMIDITY_Get_DRDY_Status	24	static
/Users/sujayjain/Desktop/STile_M_Pattern/Drivers/BSP/SensorTile/SensorTile_humidity.c:650:18:BSP_HUMIDITY_Set_ODR	24	static
/Users/sujayjain/Desktop/STile_M_Pattern/Drivers/BSP/SensorTile/SensorTile_humidity.c:684:18:BSP_HUMIDITY_Set_ODR_Value	24	static
