/Users/sujayjain/Desktop/STile_M_Pattern/Drivers/BSP/SensorTile/SensorTile_magneto.c:101:18:BSP_MAGNETO_Init	16	static
/Users/sujayjain/Desktop/STile_M_Pattern/Drivers/BSP/SensorTile/SensorTile_magneto.c:131:25:BSP_LSM303AGR_MAGNETO_Init	24	static
/Users/sujayjain/Desktop/STile_M_Pattern/Drivers/BSP/SensorTile/SensorTile_magneto.c:209:18:BSP_MAGNETO_DeInit	24	static
/Users/sujayjain/Desktop/STile_M_Pattern/Drivers/BSP/SensorTile/SensorTile_magneto.c:245:18:BSP_MAGNETO_Sensor_Enable	24	static
/Users/sujayjain/Desktop/STile_M_Pattern/Drivers/BSP/SensorTile/SensorTile_magneto.c:279:18:BSP_MAGNETO_Sensor_Disable	24	static
/Users/sujayjain/Desktop/STile_M_Pattern/Drivers/BSP/SensorTile/SensorTile_magneto.c:313:18:BSP_MAGNETO_IsInitialized	24	static
/Users/sujayjain/Desktop/STile_M_Pattern/Drivers/BSP/SensorTile/SensorTile_magneto.c:340:18:BSP_MAGNETO_IsEnabled	24	static
/Users/sujayjain/Desktop/STile_M_Pattern/Drivers/BSP/SensorTile/SensorTile_magneto.c:367:18:BSP_MAGNETO_IsCombo	24	static
/Users/sujayjain/Desktop/STile_M_Pattern/Drivers/BSP/SensorTile/SensorTile_magneto.c:394:18:BSP_MAGNETO_Get_Instance	24	static
/Users/sujayjain/Desktop/STile_M_Pattern/Drivers/BSP/SensorTile/SensorTile_magneto.c:422:18:BSP_MAGNETO_Get_WhoAmI	24	static
/Users/sujayjain/Desktop/STile_M_Pattern/Drivers/BSP/SensorTile/SensorTile_magneto.c:459:18:BSP_MAGNETO_Check_WhoAmI	24	static
/Users/sujayjain/Desktop/STile_M_Pattern/Drivers/BSP/SensorTile/SensorTile_magneto.c:493:18:BSP_MAGNETO_Get_Axes	24	static
/Users/sujayjain/Desktop/STile_M_Pattern/Drivers/BSP/SensorTile/SensorTile_magneto.c:531:18:BSP_MAGNETO_Get_AxesRaw	24	static
/Users/sujayjain/Desktop/STile_M_Pattern/Drivers/BSP/SensorTile/SensorTile_magneto.c:572:18:BSP_MAGNETO_Get_Sensitivity	24	static
/Users/sujayjain/Desktop/STile_M_Pattern/Drivers/BSP/SensorTile/SensorTile_magneto.c:610:18:BSP_MAGNETO_Get_ODR	24	static
/Users/sujayjain/Desktop/STile_M_Pattern/Drivers/BSP/SensorTile/SensorTile_magneto.c:648:18:BSP_MAGNETO_Set_ODR	24	static
/Users/sujayjain/Desktop/STile_M_Pattern/Drivers/BSP/SensorTile/SensorTile_magneto.c:682:18:BSP_MAGNETO_Set_ODR_Value	24	static
/Users/sujayjain/Desktop/STile_M_Pattern/Drivers/BSP/SensorTile/SensorTile_magneto.c:716:18:BSP_MAGNETO_Get_FS	24	static
/Users/sujayjain/Desktop/STile_M_Pattern/Drivers/BSP/SensorTile/SensorTile_magneto.c:754:18:BSP_MAGNETO_Set_FS	24	static
/Users/sujayjain/Desktop/STile_M_Pattern/Drivers/BSP/SensorTile/SensorTile_magneto.c:788:18:BSP_MAGNETO_Set_FS_Value	24	static
/Users/sujayjain/Desktop/STile_M_Pattern/Drivers/BSP/SensorTile/SensorTile_magneto.c:822:18:BSP_MAGNETO_Read_Reg	32	static
/Users/sujayjain/Desktop/STile_M_Pattern/Drivers/BSP/SensorTile/SensorTile_magneto.c:863:18:BSP_MAGNETO_Write_Reg	24	static
/Users/sujayjain/Desktop/STile_M_Pattern/Drivers/BSP/SensorTile/SensorTile_magneto.c:898:18:BSP_MAGNETO_Get_DRDY_Status	24	static
