/Users/sujayjain/Desktop/STile_M_Pattern/Drivers/STM32L4xx_HAL_Driver/Src/stm32l4xx_hal_pwr_ex.c:124:10:HAL_PWREx_GetVoltageRange	4	static
/Users/sujayjain/Desktop/STile_M_Pattern/Drivers/STM32L4xx_HAL_Driver/Src/stm32l4xx_hal_pwr_ex.c:151:19:HAL_PWREx_ControlVoltageScaling	24	static
/Users/sujayjain/Desktop/STile_M_Pattern/Drivers/STM32L4xx_HAL_Driver/Src/stm32l4xx_hal_pwr_ex.c:200:6:HAL_PWREx_EnableBatteryCharging	16	static
/Users/sujayjain/Desktop/STile_M_Pattern/Drivers/STM32L4xx_HAL_Driver/Src/stm32l4xx_hal_pwr_ex.c:216:6:HAL_PWREx_DisableBatteryCharging	4	static
/Users/sujayjain/Desktop/STile_M_Pattern/Drivers/STM32L4xx_HAL_Driver/Src/stm32l4xx_hal_pwr_ex.c:228:6:HAL_PWREx_EnableVddUSB	4	static
/Users/sujayjain/Desktop/STile_M_Pattern/Drivers/STM32L4xx_HAL_Driver/Src/stm32l4xx_hal_pwr_ex.c:238:6:HAL_PWREx_DisableVddUSB	4	static
/Users/sujayjain/Desktop/STile_M_Pattern/Drivers/STM32L4xx_HAL_Driver/Src/stm32l4xx_hal_pwr_ex.c:250:6:HAL_PWREx_EnableVddIO2	4	static
/Users/sujayjain/Desktop/STile_M_Pattern/Drivers/STM32L4xx_HAL_Driver/Src/stm32l4xx_hal_pwr_ex.c:260:6:HAL_PWREx_DisableVddIO2	4	static
/Users/sujayjain/Desktop/STile_M_Pattern/Drivers/STM32L4xx_HAL_Driver/Src/stm32l4xx_hal_pwr_ex.c:271:6:HAL_PWREx_EnableInternalWakeUpLine	4	static
/Users/sujayjain/Desktop/STile_M_Pattern/Drivers/STM32L4xx_HAL_Driver/Src/stm32l4xx_hal_pwr_ex.c:281:6:HAL_PWREx_DisableInternalWakeUpLine	4	static
/Users/sujayjain/Desktop/STile_M_Pattern/Drivers/STM32L4xx_HAL_Driver/Src/stm32l4xx_hal_pwr_ex.c:309:19:HAL_PWREx_EnableGPIOPullUp	16	static
/Users/sujayjain/Desktop/STile_M_Pattern/Drivers/STM32L4xx_HAL_Driver/Src/stm32l4xx_hal_pwr_ex.c:375:19:HAL_PWREx_DisableGPIOPullUp	16	static
/Users/sujayjain/Desktop/STile_M_Pattern/Drivers/STM32L4xx_HAL_Driver/Src/stm32l4xx_hal_pwr_ex.c:440:19:HAL_PWREx_EnableGPIOPullDown	16	static
/Users/sujayjain/Desktop/STile_M_Pattern/Drivers/STM32L4xx_HAL_Driver/Src/stm32l4xx_hal_pwr_ex.c:506:19:HAL_PWREx_DisableGPIOPullDown	16	static
/Users/sujayjain/Desktop/STile_M_Pattern/Drivers/STM32L4xx_HAL_Driver/Src/stm32l4xx_hal_pwr_ex.c:560:6:HAL_PWREx_EnablePullUpPullDownConfig	4	static
/Users/sujayjain/Desktop/STile_M_Pattern/Drivers/STM32L4xx_HAL_Driver/Src/stm32l4xx_hal_pwr_ex.c:572:6:HAL_PWREx_DisablePullUpPullDownConfig	4	static
/Users/sujayjain/Desktop/STile_M_Pattern/Drivers/STM32L4xx_HAL_Driver/Src/stm32l4xx_hal_pwr_ex.c:585:6:HAL_PWREx_EnableSRAM2ContentRetention	4	static
/Users/sujayjain/Desktop/STile_M_Pattern/Drivers/STM32L4xx_HAL_Driver/Src/stm32l4xx_hal_pwr_ex.c:597:6:HAL_PWREx_DisableSRAM2ContentRetention	4	static
/Users/sujayjain/Desktop/STile_M_Pattern/Drivers/STM32L4xx_HAL_Driver/Src/stm32l4xx_hal_pwr_ex.c:610:6:HAL_PWREx_EnablePVM1	4	static
/Users/sujayjain/Desktop/STile_M_Pattern/Drivers/STM32L4xx_HAL_Driver/Src/stm32l4xx_hal_pwr_ex.c:619:6:HAL_PWREx_DisablePVM1	4	static
/Users/sujayjain/Desktop/STile_M_Pattern/Drivers/STM32L4xx_HAL_Driver/Src/stm32l4xx_hal_pwr_ex.c:631:6:HAL_PWREx_EnablePVM2	4	static
/Users/sujayjain/Desktop/STile_M_Pattern/Drivers/STM32L4xx_HAL_Driver/Src/stm32l4xx_hal_pwr_ex.c:640:6:HAL_PWREx_DisablePVM2	4	static
/Users/sujayjain/Desktop/STile_M_Pattern/Drivers/STM32L4xx_HAL_Driver/Src/stm32l4xx_hal_pwr_ex.c:651:6:HAL_PWREx_EnablePVM3	4	static
/Users/sujayjain/Desktop/STile_M_Pattern/Drivers/STM32L4xx_HAL_Driver/Src/stm32l4xx_hal_pwr_ex.c:660:6:HAL_PWREx_DisablePVM3	4	static
/Users/sujayjain/Desktop/STile_M_Pattern/Drivers/STM32L4xx_HAL_Driver/Src/stm32l4xx_hal_pwr_ex.c:670:6:HAL_PWREx_EnablePVM4	4	static
/Users/sujayjain/Desktop/STile_M_Pattern/Drivers/STM32L4xx_HAL_Driver/Src/stm32l4xx_hal_pwr_ex.c:679:6:HAL_PWREx_DisablePVM4	4	static
/Users/sujayjain/Desktop/STile_M_Pattern/Drivers/STM32L4xx_HAL_Driver/Src/stm32l4xx_hal_pwr_ex.c:699:19:HAL_PWREx_ConfigPVM	16	static
/Users/sujayjain/Desktop/STile_M_Pattern/Drivers/STM32L4xx_HAL_Driver/Src/stm32l4xx_hal_pwr_ex.c:860:6:HAL_PWREx_EnableLowPowerRunMode	4	static
/Users/sujayjain/Desktop/STile_M_Pattern/Drivers/STM32L4xx_HAL_Driver/Src/stm32l4xx_hal_pwr_ex.c:875:19:HAL_PWREx_DisableLowPowerRunMode	16	static
/Users/sujayjain/Desktop/STile_M_Pattern/Drivers/STM32L4xx_HAL_Driver/Src/stm32l4xx_hal_pwr_ex.c:919:6:HAL_PWREx_EnterSTOP0Mode	16	static,ignoring_inline_asm
/Users/sujayjain/Desktop/STile_M_Pattern/Drivers/STM32L4xx_HAL_Driver/Src/stm32l4xx_hal_pwr_ex.c:970:6:HAL_PWREx_EnterSTOP1Mode	16	static,ignoring_inline_asm
/Users/sujayjain/Desktop/STile_M_Pattern/Drivers/STM32L4xx_HAL_Driver/Src/stm32l4xx_hal_pwr_ex.c:1022:6:HAL_PWREx_EnterSTOP2Mode	16	static,ignoring_inline_asm
/Users/sujayjain/Desktop/STile_M_Pattern/Drivers/STM32L4xx_HAL_Driver/Src/stm32l4xx_hal_pwr_ex.c:1064:6:HAL_PWREx_EnterSHUTDOWNMode	4	static,ignoring_inline_asm
/Users/sujayjain/Desktop/STile_M_Pattern/Drivers/STM32L4xx_HAL_Driver/Src/stm32l4xx_hal_pwr_ex.c:1089:6:HAL_PWREx_PVD_PVM_IRQHandler	8	static
/Users/sujayjain/Desktop/STile_M_Pattern/Drivers/STM32L4xx_HAL_Driver/Src/stm32l4xx_hal_pwr_ex.c:1145:13:HAL_PWREx_PVM1Callback	4	static
/Users/sujayjain/Desktop/STile_M_Pattern/Drivers/STM32L4xx_HAL_Driver/Src/stm32l4xx_hal_pwr_ex.c:1158:13:HAL_PWREx_PVM2Callback	4	static
/Users/sujayjain/Desktop/STile_M_Pattern/Drivers/STM32L4xx_HAL_Driver/Src/stm32l4xx_hal_pwr_ex.c:1170:13:HAL_PWREx_PVM3Callback	4	static
/Users/sujayjain/Desktop/STile_M_Pattern/Drivers/STM32L4xx_HAL_Driver/Src/stm32l4xx_hal_pwr_ex.c:1181:13:HAL_PWREx_PVM4Callback	4	static
