/Users/sujayjain/Desktop/STile_M_Pattern/Drivers/STM32L4xx_HAL_Driver/Src/stm32l4xx_hal_rtc_ex.c:205:19:HAL_RTCEx_SetTimeStamp	32	static
/Users/sujayjain/Desktop/STile_M_Pattern/Drivers/STM32L4xx_HAL_Driver/Src/stm32l4xx_hal_rtc_ex.c:261:19:HAL_RTCEx_SetTimeStamp_IT	32	static
/Users/sujayjain/Desktop/STile_M_Pattern/Drivers/STM32L4xx_HAL_Driver/Src/stm32l4xx_hal_rtc_ex.c:311:19:HAL_RTCEx_DeactivateTimeStamp	24	static
/Users/sujayjain/Desktop/STile_M_Pattern/Drivers/STM32L4xx_HAL_Driver/Src/stm32l4xx_hal_rtc_ex.c:350:19:HAL_RTCEx_SetInternalTimeStamp	16	static
/Users/sujayjain/Desktop/STile_M_Pattern/Drivers/STM32L4xx_HAL_Driver/Src/stm32l4xx_hal_rtc_ex.c:381:19:HAL_RTCEx_DeactivateInternalTimeStamp	16	static
/Users/sujayjain/Desktop/STile_M_Pattern/Drivers/STM32L4xx_HAL_Driver/Src/stm32l4xx_hal_rtc_ex.c:416:19:HAL_RTCEx_GetTimeStamp	32	static
/Users/sujayjain/Desktop/STile_M_Pattern/Drivers/STM32L4xx_HAL_Driver/Src/stm32l4xx_hal_rtc_ex.c:468:19:HAL_RTCEx_SetTamper	24	static
/Users/sujayjain/Desktop/STile_M_Pattern/Drivers/STM32L4xx_HAL_Driver/Src/stm32l4xx_hal_rtc_ex.c:559:19:HAL_RTCEx_SetTamper_IT	24	static
/Users/sujayjain/Desktop/STile_M_Pattern/Drivers/STM32L4xx_HAL_Driver/Src/stm32l4xx_hal_rtc_ex.c:656:19:HAL_RTCEx_DeactivateTamper	16	static
/Users/sujayjain/Desktop/STile_M_Pattern/Drivers/STM32L4xx_HAL_Driver/Src/stm32l4xx_hal_rtc_ex.c:701:6:HAL_RTCEx_TamperTimeStampIRQHandler	16	static
/Users/sujayjain/Desktop/STile_M_Pattern/Drivers/STM32L4xx_HAL_Driver/Src/stm32l4xx_hal_rtc_ex.c:775:13:HAL_RTCEx_TimeStampEventCallback	16	static
/Users/sujayjain/Desktop/STile_M_Pattern/Drivers/STM32L4xx_HAL_Driver/Src/stm32l4xx_hal_rtc_ex.c:791:13:HAL_RTCEx_Tamper1EventCallback	16	static
/Users/sujayjain/Desktop/STile_M_Pattern/Drivers/STM32L4xx_HAL_Driver/Src/stm32l4xx_hal_rtc_ex.c:807:13:HAL_RTCEx_Tamper2EventCallback	16	static
/Users/sujayjain/Desktop/STile_M_Pattern/Drivers/STM32L4xx_HAL_Driver/Src/stm32l4xx_hal_rtc_ex.c:823:13:HAL_RTCEx_Tamper3EventCallback	16	static
/Users/sujayjain/Desktop/STile_M_Pattern/Drivers/STM32L4xx_HAL_Driver/Src/stm32l4xx_hal_rtc_ex.c:840:19:HAL_RTCEx_PollForTimeStampEvent	24	static
/Users/sujayjain/Desktop/STile_M_Pattern/Drivers/STM32L4xx_HAL_Driver/Src/stm32l4xx_hal_rtc_ex.c:880:19:HAL_RTCEx_PollForTamper1Event	24	static
/Users/sujayjain/Desktop/STile_M_Pattern/Drivers/STM32L4xx_HAL_Driver/Src/stm32l4xx_hal_rtc_ex.c:913:19:HAL_RTCEx_PollForTamper2Event	24	static
/Users/sujayjain/Desktop/STile_M_Pattern/Drivers/STM32L4xx_HAL_Driver/Src/stm32l4xx_hal_rtc_ex.c:946:19:HAL_RTCEx_PollForTamper3Event	24	static
/Users/sujayjain/Desktop/STile_M_Pattern/Drivers/STM32L4xx_HAL_Driver/Src/stm32l4xx_hal_rtc_ex.c:998:19:HAL_RTCEx_SetWakeUpTimer	32	static
/Users/sujayjain/Desktop/STile_M_Pattern/Drivers/STM32L4xx_HAL_Driver/Src/stm32l4xx_hal_rtc_ex.c:1088:19:HAL_RTCEx_SetWakeUpTimer_IT	32	static
/Users/sujayjain/Desktop/STile_M_Pattern/Drivers/STM32L4xx_HAL_Driver/Src/stm32l4xx_hal_rtc_ex.c:1184:10:HAL_RTCEx_DeactivateWakeUpTimer	24	static
/Users/sujayjain/Desktop/STile_M_Pattern/Drivers/STM32L4xx_HAL_Driver/Src/stm32l4xx_hal_rtc_ex.c:1236:10:HAL_RTCEx_GetWakeUpTimer	16	static
/Users/sujayjain/Desktop/STile_M_Pattern/Drivers/STM32L4xx_HAL_Driver/Src/stm32l4xx_hal_rtc_ex.c:1247:6:HAL_RTCEx_WakeUpTimerIRQHandler	16	static
/Users/sujayjain/Desktop/STile_M_Pattern/Drivers/STM32L4xx_HAL_Driver/Src/stm32l4xx_hal_rtc_ex.c:1272:13:HAL_RTCEx_WakeUpTimerEventCallback	16	static
/Users/sujayjain/Desktop/STile_M_Pattern/Drivers/STM32L4xx_HAL_Driver/Src/stm32l4xx_hal_rtc_ex.c:1288:19:HAL_RTCEx_PollForWakeUpTimerEvent	24	static
/Users/sujayjain/Desktop/STile_M_Pattern/Drivers/STM32L4xx_HAL_Driver/Src/stm32l4xx_hal_rtc_ex.c:1354:6:HAL_RTCEx_BKUPWrite	32	static
/Users/sujayjain/Desktop/STile_M_Pattern/Drivers/STM32L4xx_HAL_Driver/Src/stm32l4xx_hal_rtc_ex.c:1376:10:HAL_RTCEx_BKUPRead	24	static
/Users/sujayjain/Desktop/STile_M_Pattern/Drivers/STM32L4xx_HAL_Driver/Src/stm32l4xx_hal_rtc_ex.c:1409:19:HAL_RTCEx_SetSmoothCalib	32	static
/Users/sujayjain/Desktop/STile_M_Pattern/Drivers/STM32L4xx_HAL_Driver/Src/stm32l4xx_hal_rtc_ex.c:1477:19:HAL_RTCEx_SetSynchroShift	32	static
/Users/sujayjain/Desktop/STile_M_Pattern/Drivers/STM32L4xx_HAL_Driver/Src/stm32l4xx_hal_rtc_ex.c:1570:19:HAL_RTCEx_SetCalibrationOutPut	16	static
/Users/sujayjain/Desktop/STile_M_Pattern/Drivers/STM32L4xx_HAL_Driver/Src/stm32l4xx_hal_rtc_ex.c:1608:19:HAL_RTCEx_DeactivateCalibrationOutPut	16	static
/Users/sujayjain/Desktop/STile_M_Pattern/Drivers/STM32L4xx_HAL_Driver/Src/stm32l4xx_hal_rtc_ex.c:1637:19:HAL_RTCEx_SetRefClock	16	static
/Users/sujayjain/Desktop/STile_M_Pattern/Drivers/STM32L4xx_HAL_Driver/Src/stm32l4xx_hal_rtc_ex.c:1686:19:HAL_RTCEx_DeactivateRefClock	16	static
/Users/sujayjain/Desktop/STile_M_Pattern/Drivers/STM32L4xx_HAL_Driver/Src/stm32l4xx_hal_rtc_ex.c:1737:19:HAL_RTCEx_EnableBypassShadow	16	static
/Users/sujayjain/Desktop/STile_M_Pattern/Drivers/STM32L4xx_HAL_Driver/Src/stm32l4xx_hal_rtc_ex.c:1769:19:HAL_RTCEx_DisableBypassShadow	16	static
/Users/sujayjain/Desktop/STile_M_Pattern/Drivers/STM32L4xx_HAL_Driver/Src/stm32l4xx_hal_rtc_ex.c:1818:13:HAL_RTCEx_AlarmBEventCallback	16	static
/Users/sujayjain/Desktop/STile_M_Pattern/Drivers/STM32L4xx_HAL_Driver/Src/stm32l4xx_hal_rtc_ex.c:1834:19:HAL_RTCEx_PollForAlarmBEvent	24	static
