/Users/sujayjain/Desktop/STile_M_Pattern/Drivers/STM32L4xx_HAL_Driver/Src/stm32l4xx_hal_pcd.c:143:19:HAL_PCD_Init	80	static
/Users/sujayjain/Desktop/STile_M_Pattern/Drivers/STM32L4xx_HAL_Driver/Src/stm32l4xx_hal_pcd.c:228:19:HAL_PCD_DeInit	16	static
/Users/sujayjain/Desktop/STile_M_Pattern/Drivers/STM32L4xx_HAL_Driver/Src/stm32l4xx_hal_pcd.c:254:13:HAL_PCD_MspInit	16	static
/Users/sujayjain/Desktop/STile_M_Pattern/Drivers/STM32L4xx_HAL_Driver/Src/stm32l4xx_hal_pcd.c:269:13:HAL_PCD_MspDeInit	16	static
/Users/sujayjain/Desktop/STile_M_Pattern/Drivers/STM32L4xx_HAL_Driver/Src/stm32l4xx_hal_pcd.c:303:19:HAL_PCD_Start	16	static
/Users/sujayjain/Desktop/STile_M_Pattern/Drivers/STM32L4xx_HAL_Driver/Src/stm32l4xx_hal_pcd.c:317:19:HAL_PCD_Stop	16	static
/Users/sujayjain/Desktop/STile_M_Pattern/Drivers/STM32L4xx_HAL_Driver/Src/stm32l4xx_hal_pcd.c:332:6:HAL_PCD_IRQHandler	56	static
/Users/sujayjain/Desktop/STile_M_Pattern/Drivers/STM32L4xx_HAL_Driver/Src/stm32l4xx_hal_pcd.c:834:13:HAL_PCD_DataOutStageCallback	16	static
/Users/sujayjain/Desktop/STile_M_Pattern/Drivers/STM32L4xx_HAL_Driver/Src/stm32l4xx_hal_pcd.c:851:13:HAL_PCD_DataInStageCallback	16	static
/Users/sujayjain/Desktop/STile_M_Pattern/Drivers/STM32L4xx_HAL_Driver/Src/stm32l4xx_hal_pcd.c:866:13:HAL_PCD_SetupStageCallback	16	static
/Users/sujayjain/Desktop/STile_M_Pattern/Drivers/STM32L4xx_HAL_Driver/Src/stm32l4xx_hal_pcd.c:881:13:HAL_PCD_SOFCallback	16	static
/Users/sujayjain/Desktop/STile_M_Pattern/Drivers/STM32L4xx_HAL_Driver/Src/stm32l4xx_hal_pcd.c:896:13:HAL_PCD_ResetCallback	16	static
/Users/sujayjain/Desktop/STile_M_Pattern/Drivers/STM32L4xx_HAL_Driver/Src/stm32l4xx_hal_pcd.c:911:13:HAL_PCD_SuspendCallback	16	static
/Users/sujayjain/Desktop/STile_M_Pattern/Drivers/STM32L4xx_HAL_Driver/Src/stm32l4xx_hal_pcd.c:926:13:HAL_PCD_ResumeCallback	16	static
/Users/sujayjain/Desktop/STile_M_Pattern/Drivers/STM32L4xx_HAL_Driver/Src/stm32l4xx_hal_pcd.c:942:13:HAL_PCD_ISOOUTIncompleteCallback	16	static
/Users/sujayjain/Desktop/STile_M_Pattern/Drivers/STM32L4xx_HAL_Driver/Src/stm32l4xx_hal_pcd.c:959:13:HAL_PCD_ISOINIncompleteCallback	16	static
/Users/sujayjain/Desktop/STile_M_Pattern/Drivers/STM32L4xx_HAL_Driver/Src/stm32l4xx_hal_pcd.c:975:13:HAL_PCD_ConnectCallback	16	static
/Users/sujayjain/Desktop/STile_M_Pattern/Drivers/STM32L4xx_HAL_Driver/Src/stm32l4xx_hal_pcd.c:990:13:HAL_PCD_DisconnectCallback	16	static
/Users/sujayjain/Desktop/STile_M_Pattern/Drivers/STM32L4xx_HAL_Driver/Src/stm32l4xx_hal_pcd.c:1024:19:HAL_PCD_DevConnect	16	static
/Users/sujayjain/Desktop/STile_M_Pattern/Drivers/STM32L4xx_HAL_Driver/Src/stm32l4xx_hal_pcd.c:1037:19:HAL_PCD_DevDisconnect	16	static
/Users/sujayjain/Desktop/STile_M_Pattern/Drivers/STM32L4xx_HAL_Driver/Src/stm32l4xx_hal_pcd.c:1051:19:HAL_PCD_SetAddress	16	static
/Users/sujayjain/Desktop/STile_M_Pattern/Drivers/STM32L4xx_HAL_Driver/Src/stm32l4xx_hal_pcd.c:1067:19:HAL_PCD_EP_Open	24	static
/Users/sujayjain/Desktop/STile_M_Pattern/Drivers/STM32L4xx_HAL_Driver/Src/stm32l4xx_hal_pcd.c:1100:19:HAL_PCD_EP_Close	24	static
/Users/sujayjain/Desktop/STile_M_Pattern/Drivers/STM32L4xx_HAL_Driver/Src/stm32l4xx_hal_pcd.c:1131:19:HAL_PCD_EP_Receive	32	static
/Users/sujayjain/Desktop/STile_M_Pattern/Drivers/STM32L4xx_HAL_Driver/Src/stm32l4xx_hal_pcd.c:1165:10:HAL_PCD_EP_GetRxCount	16	static
/Users/sujayjain/Desktop/STile_M_Pattern/Drivers/STM32L4xx_HAL_Driver/Src/stm32l4xx_hal_pcd.c:1177:19:HAL_PCD_EP_Transmit	32	static
/Users/sujayjain/Desktop/STile_M_Pattern/Drivers/STM32L4xx_HAL_Driver/Src/stm32l4xx_hal_pcd.c:1212:19:HAL_PCD_EP_SetStall	24	static
/Users/sujayjain/Desktop/STile_M_Pattern/Drivers/STM32L4xx_HAL_Driver/Src/stm32l4xx_hal_pcd.c:1246:19:HAL_PCD_EP_ClrStall	24	static
/Users/sujayjain/Desktop/STile_M_Pattern/Drivers/STM32L4xx_HAL_Driver/Src/stm32l4xx_hal_pcd.c:1276:19:HAL_PCD_EP_Flush	16	static
/Users/sujayjain/Desktop/STile_M_Pattern/Drivers/STM32L4xx_HAL_Driver/Src/stm32l4xx_hal_pcd.c:1299:19:HAL_PCD_ActivateRemoteWakeup	16	static
/Users/sujayjain/Desktop/STile_M_Pattern/Drivers/STM32L4xx_HAL_Driver/Src/stm32l4xx_hal_pcd.c:1309:19:HAL_PCD_DeActivateRemoteWakeup	16	static
/Users/sujayjain/Desktop/STile_M_Pattern/Drivers/STM32L4xx_HAL_Driver/Src/stm32l4xx_hal_pcd.c:1337:18:HAL_PCD_GetState	16	static
/Users/sujayjain/Desktop/STile_M_Pattern/Drivers/STM32L4xx_HAL_Driver/Src/stm32l4xx_hal_pcd.c:1360:26:PCD_WriteEmptyTxFifo	48	static
